Archive member included because of file (symbol)

C:\Users\robcecil\Desktop\ps2_turret_ir_integration\SoftConsole\turret_servo_mss_design_MSS_CM3_0\turret_servo_mss_design_MSS_CM3_0_hw_platform\Debug\libturret_servo_mss_design_MSS_CM3_0_hw_platform.a(mss_uart.o)
                              C:/Users/robcecil/Desktop/ps2_turret_ir_integration/SoftConsole/turret_servo_mss_design_MSS_CM3_0/turret_servo_mss_design_MSS_CM3_0_hw_platform/Debug/CMSIS/startup_gcc/newlib_stubs.o (g_mss_uart0)
C:\Users\robcecil\Desktop\ps2_turret_ir_integration\SoftConsole\turret_servo_mss_design_MSS_CM3_0\turret_servo_mss_design_MSS_CM3_0_hw_platform\Debug\libturret_servo_mss_design_MSS_CM3_0_hw_platform.a(mss_spi.o)
                              ./main.o (g_mss_spi1)
C:\Users\robcecil\Desktop\ps2_turret_ir_integration\SoftConsole\turret_servo_mss_design_MSS_CM3_0\turret_servo_mss_design_MSS_CM3_0_hw_platform\Debug\libturret_servo_mss_design_MSS_CM3_0_hw_platform.a(mss_gpio.o)
                              ./main.o (MSS_GPIO_config)
C:\Users\robcecil\Desktop\ps2_turret_ir_integration\SoftConsole\turret_servo_mss_design_MSS_CM3_0\turret_servo_mss_design_MSS_CM3_0_hw_platform\Debug\libturret_servo_mss_design_MSS_CM3_0_hw_platform.a(core_uart_apb.o)
                              ./main.o (UART_init)
C:\Users\robcecil\Desktop\ps2_turret_ir_integration\SoftConsole\turret_servo_mss_design_MSS_CM3_0\turret_servo_mss_design_MSS_CM3_0_hw_platform\Debug\libturret_servo_mss_design_MSS_CM3_0_hw_platform.a(core_spi.o)
                              ./main.o (SPI_init)
C:\Users\robcecil\Desktop\ps2_turret_ir_integration\SoftConsole\turret_servo_mss_design_MSS_CM3_0\turret_servo_mss_design_MSS_CM3_0_hw_platform\Debug\libturret_servo_mss_design_MSS_CM3_0_hw_platform.a(system_a2fxxxm3.o)
                              C:\Users\robcecil\Desktop\ps2_turret_ir_integration\SoftConsole\turret_servo_mss_design_MSS_CM3_0\turret_servo_mss_design_MSS_CM3_0_hw_platform\Debug\libturret_servo_mss_design_MSS_CM3_0_hw_platform.a(mss_uart.o) (g_FrequencyPCLK0)
C:\Users\robcecil\Desktop\ps2_turret_ir_integration\SoftConsole\turret_servo_mss_design_MSS_CM3_0\turret_servo_mss_design_MSS_CM3_0_hw_platform\Debug\libturret_servo_mss_design_MSS_CM3_0_hw_platform.a(hal_assert.o)
                              C:\Users\robcecil\Desktop\ps2_turret_ir_integration\SoftConsole\turret_servo_mss_design_MSS_CM3_0\turret_servo_mss_design_MSS_CM3_0_hw_platform\Debug\libturret_servo_mss_design_MSS_CM3_0_hw_platform.a(core_uart_apb.o) (HAL_assert_fail)
C:\Users\robcecil\Desktop\ps2_turret_ir_integration\SoftConsole\turret_servo_mss_design_MSS_CM3_0\turret_servo_mss_design_MSS_CM3_0_hw_platform\Debug\libturret_servo_mss_design_MSS_CM3_0_hw_platform.a(hw_reg_access.o)
                              C:\Users\robcecil\Desktop\ps2_turret_ir_integration\SoftConsole\turret_servo_mss_design_MSS_CM3_0\turret_servo_mss_design_MSS_CM3_0_hw_platform\Debug\libturret_servo_mss_design_MSS_CM3_0_hw_platform.a(core_spi.o) (HW_set_32bit_reg)
c:/microsemi/softconsole v3.3/sourcery-g++/bin/../lib/gcc/arm-none-eabi/4.4.1/../../../../arm-none-eabi/lib/thumb2\libc.a(lib_a-errno.o)
                              C:/Users/robcecil/Desktop/ps2_turret_ir_integration/SoftConsole/turret_servo_mss_design_MSS_CM3_0/turret_servo_mss_design_MSS_CM3_0_hw_platform/Debug/CMSIS/startup_gcc/newlib_stubs.o (__errno)
c:/microsemi/softconsole v3.3/sourcery-g++/bin/../lib/gcc/arm-none-eabi/4.4.1/../../../../arm-none-eabi/lib/thumb2\libc.a(lib_a-impure.o)
                              c:/microsemi/softconsole v3.3/sourcery-g++/bin/../lib/gcc/arm-none-eabi/4.4.1/../../../../arm-none-eabi/lib/thumb2\libc.a(lib_a-errno.o) (_impure_ptr)
c:/microsemi/softconsole v3.3/sourcery-g++/bin/../lib/gcc/arm-none-eabi/4.4.1/../../../../arm-none-eabi/lib/thumb2\libc.a(lib_a-init.o)
                              C:/Users/robcecil/Desktop/ps2_turret_ir_integration/SoftConsole/turret_servo_mss_design_MSS_CM3_0/turret_servo_mss_design_MSS_CM3_0_hw_platform/Debug/CMSIS/startup_gcc/startup_a2fxxxm3.o (__libc_init_array)
c:/microsemi/softconsole v3.3/sourcery-g++/bin/../lib/gcc/arm-none-eabi/4.4.1/../../../../arm-none-eabi/lib/thumb2\libc.a(lib_a-memset.o)
                              C:\Users\robcecil\Desktop\ps2_turret_ir_integration\SoftConsole\turret_servo_mss_design_MSS_CM3_0\turret_servo_mss_design_MSS_CM3_0_hw_platform\Debug\libturret_servo_mss_design_MSS_CM3_0_hw_platform.a(mss_spi.o) (memset)
c:/microsemi/softconsole v3.3/sourcery-g++/bin/../lib/gcc/arm-none-eabi/4.4.1/../../../../arm-none-eabi/lib/thumb2\libc.a(lib_a-printf.o)
                              ./main.o (printf)
c:/microsemi/softconsole v3.3/sourcery-g++/bin/../lib/gcc/arm-none-eabi/4.4.1/../../../../arm-none-eabi/lib/thumb2\libc.a(lib_a-puts.o)
                              ./main.o (puts)
c:/microsemi/softconsole v3.3/sourcery-g++/bin/../lib/gcc/arm-none-eabi/4.4.1/../../../../arm-none-eabi/lib/thumb2\libc.a(lib_a-strlen.o)
[...]
Memory Configuration

Name             Origin             Length             Attributes
rom              0x60000000         0x00040000         xr
romMirror        0x00000000         0x00040000         xr
ram              0x20000000         0x00010000         xrw
*default*        0x00000000         0xffffffff

Linker script and memory map

LOAD c:/microsemi/softconsole v3.3/sourcery-g++/bin/../lib/gcc/arm-none-eabi/4.4.1/thumb2/crti.o
LOAD c:/microsemi/softconsole v3.3/sourcery-g++/bin/../lib/gcc/arm-none-eabi/4.4.1/thumb2/crtbegin.o
LOAD ./main.o
LOAD C:/Users/robcecil/Desktop/ps2_turret_ir_integration/SoftConsole/turret_servo_mss_design_MSS_CM3_0/turret_servo_mss_design_MSS_CM3_0_hw_platform/Debug/CMSIS/startup_gcc/startup_a2fxxxm3.o
LOAD C:/Users/robcecil/Desktop/ps2_turret_ir_integration/SoftConsole/turret_servo_mss_design_MSS_CM3_0/turret_servo_mss_design_MSS_CM3_0_hw_platform/Debug/CMSIS/startup_gcc/newlib_stubs.o
LOAD C:\Users\robcecil\Desktop\ps2_turret_ir_integration\SoftConsole\turret_servo_mss_design_MSS_CM3_0\turret_servo_mss_design_MSS_CM3_0_hw_platform\Debug\libturret_servo_mss_design_MSS_CM3_0_hw_platform.a
START GROUP
LOAD c:/microsemi/softconsole v3.3/sourcery-g++/bin/../lib/gcc/arm-none-eabi/4.4.1/thumb2\libgcc.a
LOAD c:/microsemi/softconsole v3.3/sourcery-g++/bin/../lib/gcc/arm-none-eabi/4.4.1/../../../../arm-none-eabi/lib/thumb2\libc.a
END GROUP
LOAD c:/microsemi/softconsole v3.3/sourcery-g++/bin/../lib/gcc/arm-none-eabi/4.4.1/thumb2/crtend.o
LOAD c:/microsemi/softconsole v3.3/sourcery-g++/bin/../lib/gcc/arm-none-eabi/4.4.1/thumb2/crtn.o
START GROUP
LOAD c:/microsemi/softconsole v3.3/sourcery-g++/bin/../lib/gcc/arm-none-eabi/4.4.1/../../../../arm-none-eabi/lib/thumb2\libc.a
LOAD c:/microsemi/softconsole v3.3/sourcery-g++/bin/../lib/gcc/arm-none-eabi/4.4.1/thumb2\libgcc.a
LOAD c:/microsemi/softconsole v3.3/sourcery-g++/bin/../lib/gcc/arm-none-eabi/4.4.1/../../../../arm-none-eabi/lib/thumb2\libm.a
END GROUP
                0x00000000                __DYNAMIC = 0x0
                0x20000000                RAM_START_ADDRESS = 0x20000000
                0x00010000                RAM_SIZE = 0x10000
                0x00002000                MAIN_STACK_SIZE = 0x2000
                0x00001000                PROCESS_STACK_SIZE = 0x1000
                0x20010000                PROVIDE (__main_stack_start, (RAM_START_ADDRESS + RAM_SIZE))
                0x2000e000                PROVIDE (__process_stack_start, (__main_stack_start - MAIN_STACK_SIZE))
                0x20010000                PROVIDE (_estack, __main_stack_start)
                0x00000001                PROVIDE (__mirrored_nvm, 0x1)

.init           0x00000000      0x470 load address 0x60000000
                0x00000000                __vector_table_vma_base_address = .
 *(.isr_vector)
 .isr_vector    0x00000000      0x470 C:/Users/robcecil/Desktop/ps2_turret_ir_integration/SoftConsole/turret_servo_mss_design_MSS_CM3_0/turret_servo_mss_design_MSS_CM3_0_hw_platform/Debug/CMSIS/startup_gcc/startup_a2fxxxm3.o
                0x00000000                g_pfnVectors
                0x00000298                Reset_Handler
                0x00000308                NMI_Handler
                0x0000030a                HardFault_Handler
                0x0000030c                MemManage_Handler
                0x0000030e                BusFault_Handler
                0x00000310                UsageFault_Handler
                0x00000312                SVC_Handler
                0x00000314                DebugMon_Handler
                0x00000316                PendSV_Handler
                0x00000318                SysTick_Handler
                0x0000031a                WdogWakeup_IRQHandler
                0x0000031c                BrownOut_1_5V_IRQHandler
                0x0000031e                BrownOut_3_3V_IRQHandler
                0x00000320                RTC_Match_IRQHandler
                0x00000322                RTCIF_Pub_IRQHandler
                0x00000324                EthernetMAC_IRQHandler
                0x00000326                IAP_IRQHandler
                0x00000328                ENVM0_IRQHandler
                0x0000032a                ENVM1_IRQHandler
                0x0000032c                DMA_IRQHandler
                0x00000336                I2C0_IRQHandler
                0x00000338                I2C0_SMBAlert_IRQHandler
                0x0000033a                I2C0_SMBus_IRQHandler
                0x0000033c                I2C1_IRQHandler
                0x0000033e                I2C1_SMBAlert_IRQHandler
                0x00000340                I2C1_SMBus_IRQHandler
                0x00000346                PLL_Lock_IRQHandler
                0x00000348                PLL_LockLost_IRQHandler
                0x0000034a                CommError_IRQHandler
                0x0000034c                Fabric_IRQHandler
                0x00000350                GPIO1_IRQHandler
                0x00000352                GPIO2_IRQHandler
                0x00000354                GPIO3_IRQHandler
                0x00000356                GPIO4_IRQHandler
                0x00000358                GPIO5_IRQHandler
                0x0000035a                GPIO6_IRQHandler
                0x0000035c                GPIO7_IRQHandler
                0x0000035e                GPIO8_IRQHandler
                0x00000360                GPIO9_IRQHandler
                0x00000362                GPIO10_IRQHandler
                0x00000364                GPIO11_IRQHandler
                0x00000366                GPIO12_IRQHandler
                0x00000368                GPIO13_IRQHandler
                0x0000036a                GPIO14_IRQHandler
                0x0000036c                GPIO15_IRQHandler
                0x0000036e                GPIO16_IRQHandler
                0x00000370                GPIO17_IRQHandler
                0x00000372                GPIO18_IRQHandler
                0x00000374                GPIO19_IRQHandler
                0x00000376                GPIO20_IRQHandler
                0x00000378                GPIO21_IRQHandler
                0x0000037a                GPIO22_IRQHandler
                0x0000037c                GPIO23_IRQHandler
                0x0000037e                GPIO24_IRQHandler
                0x00000380                GPIO25_IRQHandler
                0x00000382                GPIO26_IRQHandler
                0x00000384                GPIO27_IRQHandler
                0x00000386                GPIO28_IRQHandler
                0x00000388                GPIO29_IRQHandler
                0x0000038a                GPIO30_IRQHandler
                0x0000038c                GPIO31_IRQHandler
                0x0000038e                ACE_PC0_Flag0_IRQHandler
                0x00000390                ACE_PC0_Flag1_IRQHandler
                0x00000392                ACE_PC0_Flag2_IRQHandler
                0x00000394                ACE_PC0_Flag3_IRQHandler
                0x00000396                ACE_PC1_Flag0_IRQHandler
                0x00000398                ACE_PC1_Flag1_IRQHandler
                0x0000039a                ACE_PC1_Flag2_IRQHandler
                0x0000039c                ACE_PC1_Flag3_IRQHandler
                0x0000039e                ACE_PC2_Flag0_IRQHandler
                0x000003a0                ACE_PC2_Flag1_IRQHandler
                0x000003a2                ACE_PC2_Flag2_IRQHandler
                0x000003a4                ACE_PC2_Flag3_IRQHandler
                0x000003a6                ACE_ADC0_DataValid_IRQHandler
                0x000003a8                ACE_ADC1_DataValid_IRQHandler
                0x000003aa                ACE_ADC2_DataValid_IRQHandler
                0x000003ac                ACE_ADC0_CalDone_IRQHandler
                0x000003ae                ACE_ADC1_CalDone_IRQHandler
                0x000003b0                ACE_ADC2_CalDone_IRQHandler
                0x000003b2                ACE_ADC0_CalStart_IRQHandler
                0x000003b4                ACE_ADC1_CalStart_IRQHandler
                0x000003b6                ACE_ADC2_CalStart_IRQHandler
                0x000003b8                ACE_Comp0_Fall_IRQHandler
                0x000003ba                ACE_Comp1_Fall_IRQHandler
                0x000003bc                ACE_Comp2_Fall_IRQHandler
                0x000003be                ACE_Comp3_Fall_IRQHandler
                0x000003c0                ACE_Comp4_Fall_IRQHandler
                0x000003c2                ACE_Comp5_Fall_IRQHandler
                0x000003c4                ACE_Comp6_Fall_IRQHandler
                0x000003c6                ACE_Comp7_Fall_IRQHandler
                0x000003c8                ACE_Comp8_Fall_IRQHandler
                0x000003ca                ACE_Comp9_Fall_IRQHandler
                0x000003cc                ACE_Comp10_Fall_IRQHandler
                0x000003ce                ACE_Comp11_Fall_IRQHandler
                0x000003d0                ACE_Comp0_Rise_IRQHandler
                0x000003d2                ACE_Comp1_Rise_IRQHandler
                0x000003d4                ACE_Comp2_Rise_IRQHandler
                0x000003d6                ACE_Comp3_Rise_IRQHandler
                0x000003d8                ACE_Comp4_Rise_IRQHandler
                0x000003da                ACE_Comp5_Rise_IRQHandler
                0x000003dc                ACE_Comp6_Rise_IRQHandler
                0x000003de                ACE_Comp7_Rise_IRQHandler
                0x000003e0                ACE_Comp8_Rise_IRQHandler
                0x000003e2                ACE_Comp9_Rise_IRQHandler
                0x000003e4                ACE_Comp10_Rise_IRQHandler
                0x000003e6                ACE_Comp11_Rise_IRQHandler
                0x000003e8                ACE_ADC0_FifoFull_IRQHandler
                0x000003ea                ACE_ADC0_FifoAFull_IRQHandler
                0x000003ec                ACE_ADC0_FifoEmpty_IRQHandler
                0x000003ee                ACE_ADC1_FifoFull_IRQHandler
                0x000003f0                ACE_ADC1_FifoAFull_IRQHandler
                0x000003f2                ACE_ADC1_FifoEmpty_IRQHandler
                0x000003f4                ACE_ADC2_FifoFull_IRQHandler
                0x000003f6                ACE_ADC2_FifoAFull_IRQHandler
                0x000003f8                ACE_ADC2_FifoEmpty_IRQHandler
                0x000003fa                ACE_PPE_Flag0_IRQHandler
                0x000003fc                ACE_PPE_Flag1_IRQHandler
                0x000003fe                ACE_PPE_Flag2_IRQHandler
                0x00000400                ACE_PPE_Flag3_IRQHandler
                0x00000402                ACE_PPE_Flag4_IRQHandler
                0x00000404                ACE_PPE_Flag5_IRQHandler
                0x00000406                ACE_PPE_Flag6_IRQHandler
                0x00000408                ACE_PPE_Flag7_IRQHandler
                0x0000040a                ACE_PPE_Flag8_IRQHandler
                0x0000040c                ACE_PPE_Flag9_IRQHandler
                0x0000040e                ACE_PPE_Flag10_IRQHandler
                0x00000410                ACE_PPE_Flag11_IRQHandler
                0x00000412                ACE_PPE_Flag12_IRQHandler
                0x00000414                ACE_PPE_Flag13_IRQHandler
                0x00000416                ACE_PPE_Flag14_IRQHandler
                0x00000418                ACE_PPE_Flag15_IRQHandler
                0x0000041a                ACE_PPE_Flag16_IRQHandler
                0x0000041c                ACE_PPE_Flag17_IRQHandler
                0x0000041e                ACE_PPE_Flag18_IRQHandler
                0x00000420                ACE_PPE_Flag19_IRQHandler
                0x00000422                ACE_PPE_Flag20_IRQHandler
                0x00000424                ACE_PPE_Flag21_IRQHandler
                0x00000426                ACE_PPE_Flag22_IRQHandler
                0x00000428                ACE_PPE_Flag23_IRQHandler
                0x0000042a                ACE_PPE_Flag24_IRQHandler
                0x0000042c                ACE_PPE_Flag25_IRQHandler
                0x0000042e                ACE_PPE_Flag26_IRQHandler
                0x00000430                ACE_PPE_Flag27_IRQHandler
                0x00000432                ACE_PPE_Flag28_IRQHandler
                0x00000434                ACE_PPE_Flag29_IRQHandler
                0x00000436                ACE_PPE_Flag30_IRQHandler
                0x00000438                ACE_PPE_Flag31_IRQHandler
                0x00000470                . = ALIGN (0x4)

.text           0x00000470     0xa2c8 load address 0x60000470
 CREATE_OBJECT_SYMBOLS
                0x60000470                __text_load = LOADADDR (.text)
                0x00000470                __text_start = .
 *(.text .text.* .gnu.linkonce.t.*)
 .text          0x00000470       0x30 c:/microsemi/softconsole v3.3/sourcery-g++/bin/../lib/gcc/arm-none-eabi/4.4.1/thumb2/crtbegin.o
 .text.NVIC_EnableIRQ
                0x000004a0       0x38 ./main.o
 .text.NVIC_DisableIRQ
                0x000004d8       0x3c ./main.o
 .text.NVIC_ClearPendingIRQ
                0x00000514       0x3c ./main.o
 .text.MSS_TIM1_init
                0x00000550       0x84 ./main.o
 .text.MSS_TIM1_start
                0x000005d4       0x1c ./main.o
 .text.MSS_TIM1_stop
                0x000005f0       0x1c ./main.o
 .text.MSS_TIM1_load_immediate
                0x0000060c       0x20 ./main.o
 .text.MSS_TIM1_enable_irq
                0x0000062c       0x20 ./main.o
 .text.MSS_TIM1_disable_irq
                0x0000064c       0x20 ./main.o
 .text.MSS_TIM1_clear_irq
                0x0000066c       0x1c ./main.o
 .text.MSS_TIM2_init
                0x00000688       0x84 ./main.o
 .text.MSS_TIM2_start
                0x0000070c       0x1c ./main.o
 .text.MSS_TIM2_stop
                0x00000728       0x1c ./main.o
 .text.MSS_TIM2_load_immediate
                0x00000744       0x20 ./main.o
 .text.MSS_TIM2_enable_irq
                0x00000764       0x20 ./main.o
 .text.MSS_TIM2_disable_irq
                0x00000784       0x20 ./main.o
 .text.MSS_TIM2_clear_irq
                0x000007a4       0x1c ./main.o
 .text.Timer1_IRQHandler
                0x000007c0       0x58 ./main.o
                0x000007c0                Timer1_IRQHandler
 .text.Timer2_IRQHandler
                0x00000818       0x20 ./main.o
                0x00000818                Timer2_IRQHandler
 .text.GPIO0_IRQHandler
                0x00000838       0xd4 ./main.o
                0x00000838                GPIO0_IRQHandler
 .text.main     0x0000090c      0x5b4 ./main.o
                0x0000090c                main
 .text.setupSPI
                0x00000ec0      0x2f0 ./main.o
                0x00000ec0                setupSPI
 .text.changeSpeed
                0x000011b0       0x1c ./main.o
                0x000011b0                changeSpeed
 .text.greenLED
                0x000011cc      0x14c ./main.o
                0x000011cc                greenLED
 .text.redLED   0x00001318      0x14c ./main.o
                0x00001318                redLED
 .text.blueLED  0x00001464      0x134 ./main.o
                0x00001464                blueLED
 .text.yellowLED
                0x00001598      0x134 ./main.o
                0x00001598                yellowLED
 .text.purpleLED
                0x000016cc      0x14c ./main.o
                0x000016cc                purpleLED
 .text.tealLED  0x00001818      0x134 ./main.o
                0x00001818                tealLED
 .text.uart1_rx_handler
                0x0000194c      0x104 ./main.o
                0x0000194c                uart1_rx_handler
 .text.printToXBee
                0x00001a50       0x70 ./main.o
                0x00001a50                printToXBee
 .text.delay    0x00001ac0       0x34 ./main.o
                0x00001ac0                delay
 .text.reset    0x00001af4       0x1c ./main.o
                0x00001af4                reset
 .text.setColor
                0x00001b10       0x54 ./main.o
                0x00001b10                setColor
 .text.getHit   0x00001b64       0x64 ./main.o
                0x00001b64                getHit
 .text._close   0x00001bc8       0x18 C:/Users/robcecil/Desktop/ps2_turret_ir_integration/SoftConsole/turret_servo_mss_design_MSS_CM3_0/turret_servo_mss_design_MSS_CM3_0_hw_platform/Debug/CMSIS/startup_gcc/newlib_stubs.o
                0x00001bc8                _close
 .text._exit    0x00001be0        0xc C:/Users/robcecil/Desktop/ps2_turret_ir_integration/SoftConsole/turret_servo_mss_design_MSS_CM3_0/turret_servo_mss_design_MSS_CM3_0_hw_platform/Debug/CMSIS/startup_gcc/newlib_stubs.o
                0x00001be0                _exit
 .text._fstat   0x00001bec       0x24 C:/Users/robcecil/Desktop/ps2_turret_ir_integration/SoftConsole/turret_servo_mss_design_MSS_CM3_0/turret_servo_mss_design_MSS_CM3_0_hw_platform/Debug/CMSIS/startup_gcc/newlib_stubs.o
                0x00001bec                _fstat
 .text._isatty  0x00001c10       0x18 C:/Users/robcecil/Desktop/ps2_turret_ir_integration/SoftConsole/turret_servo_mss_design_MSS_CM3_0/turret_servo_mss_design_MSS_CM3_0_hw_platform/Debug/CMSIS/startup_gcc/newlib_stubs.o
                0x00001c10                _isatty
 .text._lseek   0x00001c28       0x1c C:/Users/robcecil/Desktop/ps2_turret_ir_integration/SoftConsole/turret_servo_mss_design_MSS_CM3_0/turret_servo_mss_design_MSS_CM3_0_hw_platform/Debug/CMSIS/startup_gcc/newlib_stubs.o
                0x00001c28                _lseek
 .text._read    0x00001c44       0x1c C:/Users/robcecil/Desktop/ps2_turret_ir_integration/SoftConsole/turret_servo_mss_design_MSS_CM3_0/turret_servo_mss_design_MSS_CM3_0_hw_platform/Debug/CMSIS/startup_gcc/newlib_stubs.o
                0x00001c44                _read
 .text._write_r
                0x00001c60       0x5c C:/Users/robcecil/Desktop/ps2_turret_ir_integration/SoftConsole/turret_servo_mss_design_MSS_CM3_0/turret_servo_mss_design_MSS_CM3_0_hw_platform/Debug/CMSIS/startup_gcc/newlib_stubs.o
                0x00001c60                _write_r
 .text._sbrk    0x00001cbc       0x94 C:/Users/robcecil/Desktop/ps2_turret_ir_integration/SoftConsole/turret_servo_mss_design_MSS_CM3_0/turret_servo_mss_design_MSS_CM3_0_hw_platform/Debug/CMSIS/startup_gcc/newlib_stubs.o
                0x00001cbc                _sbrk
 .text.NVIC_EnableIRQ
                0x00001d50       0x38 C:\Users\robcecil\Desktop\ps2_turret_ir_integration\SoftConsole\turret_servo_mss_design_MSS_CM3_0\turret_servo_mss_design_MSS_CM3_0_hw_platform\Debug\libturret_servo_mss_design_MSS_CM3_0_hw_platform.a(mss_uart.o)
 .text.NVIC_ClearPendingIRQ
                0x00001d88       0x3c C:\Users\robcecil\Desktop\ps2_turret_ir_integration\SoftConsole\turret_servo_mss_design_MSS_CM3_0\turret_servo_mss_design_MSS_CM3_0_hw_platform\Debug\libturret_servo_mss_design_MSS_CM3_0_hw_platform.a(mss_uart.o)
 .text.MSS_UART_init
                0x00001dc4      0x204 C:\Users\robcecil\Desktop\ps2_turret_ir_integration\SoftConsole\turret_servo_mss_design_MSS_CM3_0\turret_servo_mss_design_MSS_CM3_0_hw_platform\Debug\libturret_servo_mss_design_MSS_CM3_0_hw_platform.a(mss_uart.o)
                0x00001dc4                MSS_UART_init
 .text.MSS_UART_polled_tx
                0x00001fc8       0xe4 C:\Users\robcecil\Desktop\ps2_turret_ir_integration\SoftConsole\turret_servo_mss_design_MSS_CM3_0\turret_servo_mss_design_MSS_CM3_0_hw_platform\Debug\libturret_servo_mss_design_MSS_CM3_0_hw_platform.a(mss_uart.o)
                0x00001fc8                MSS_UART_polled_tx
 .text.MSS_UART_get_rx
                0x000020ac       0xdc C:\Users\robcecil\Desktop\ps2_turret_ir_integration\SoftConsole\turret_servo_mss_design_MSS_CM3_0\turret_servo_mss_design_MSS_CM3_0_hw_platform\Debug\libturret_servo_mss_design_MSS_CM3_0_hw_platform.a(mss_uart.o)
                0x000020ac                MSS_UART_get_rx
 .text.MSS_UART_isr
                0x00002188      0x11c C:\Users\robcecil\Desktop\ps2_turret_ir_integration\SoftConsole\turret_servo_mss_design_MSS_CM3_0\turret_servo_mss_design_MSS_CM3_0_hw_platform\Debug\libturret_servo_mss_design_MSS_CM3_0_hw_platform.a(mss_uart.o)
 .text.default_tx_handler
                0x000022a4      0x108 C:\Users\robcecil\Desktop\ps2_turret_ir_integration\SoftConsole\turret_servo_mss_design_MSS_CM3_0\turret_servo_mss_design_MSS_CM3_0_hw_platform\Debug\libturret_servo_mss_design_MSS_CM3_0_hw_platform.a(mss_uart.o)
 .text.MSS_UART_set_rx_handler
                0x000023ac       0xa8 C:\Users\robcecil\Desktop\ps2_turret_ir_integration\SoftConsole\turret_servo_mss_design_MSS_CM3_0\turret_servo_mss_design_MSS_CM3_0_hw_platform\Debug\libturret_servo_mss_design_MSS_CM3_0_hw_platform.a(mss_uart.o)
                0x000023ac                MSS_UART_set_rx_handler
 .text.UART0_IRQHandler
                0x00002454       0x2c C:\Users\robcecil\Desktop\ps2_turret_ir_integration\SoftConsole\turret_servo_mss_design_MSS_CM3_0\turret_servo_mss_design_MSS_CM3_0_hw_platform\Debug\libturret_servo_mss_design_MSS_CM3_0_hw_platform.a(mss_uart.o)
                0x00002454                UART0_IRQHandler
 .text.UART1_IRQHandler
                0x00002480       0x2c C:\Users\robcecil\Desktop\ps2_turret_ir_integration\SoftConsole\turret_servo_mss_design_MSS_CM3_0\turret_servo_mss_design_MSS_CM3_0_hw_platform\Debug\libturret_servo_mss_design_MSS_CM3_0_hw_platform.a(mss_uart.o)
                0x00002480                UART1_IRQHandler
 .text.NVIC_EnableIRQ
                0x000024ac       0x38 C:\Users\robcecil\Desktop\ps2_turret_ir_integration\SoftConsole\turret_servo_mss_design_MSS_CM3_0\turret_servo_mss_design_MSS_CM3_0_hw_platform\Debug\libturret_servo_mss_design_MSS_CM3_0_hw_platform.a(mss_spi.o)
 .text.NVIC_DisableIRQ
                0x000024e4       0x3c C:\Users\robcecil\Desktop\ps2_turret_ir_integration\SoftConsole\turret_servo_mss_design_MSS_CM3_0\turret_servo_mss_design_MSS_CM3_0_hw_platform\Debug\libturret_servo_mss_design_MSS_CM3_0_hw_platform.a(mss_spi.o)
 .text.NVIC_ClearPendingIRQ
                0x00002520       0x3c C:\Users\robcecil\Desktop\ps2_turret_ir_integration\SoftConsole\turret_servo_mss_design_MSS_CM3_0\turret_servo_mss_design_MSS_CM3_0_hw_platform\Debug\libturret_servo_mss_design_MSS_CM3_0_hw_platform.a(mss_spi.o)
 .text.MSS_SPI_init
                0x0000255c      0x134 C:\Users\robcecil\Desktop\ps2_turret_ir_integration\SoftConsole\turret_servo_mss_design_MSS_CM3_0\turret_servo_mss_design_MSS_CM3_0_hw_platform\Debug\libturret_servo_mss_design_MSS_CM3_0_hw_platform.a(mss_spi.o)
                0x0000255c                MSS_SPI_init
 .text.recover_from_rx_overflow
                0x00002690      0x160 C:\Users\robcecil\Desktop\ps2_turret_ir_integration\SoftConsole\turret_servo_mss_design_MSS_CM3_0\turret_servo_mss_design_MSS_CM3_0_hw_platform\Debug\libturret_servo_mss_design_MSS_CM3_0_hw_platform.a(mss_spi.o)
 .text.MSS_SPI_configure_master_mode
                0x000027f0      0x120 C:\Users\robcecil\Desktop\ps2_turret_ir_integration\SoftConsole\turret_servo_mss_design_MSS_CM3_0\turret_servo_mss_design_MSS_CM3_0_hw_platform\Debug\libturret_servo_mss_design_MSS_CM3_0_hw_platform.a(mss_spi.o)
                0x000027f0                MSS_SPI_configure_master_mode
 .text.MSS_SPI_set_slave_select
                0x00002910      0x108 C:\Users\robcecil\Desktop\ps2_turret_ir_integration\SoftConsole\turret_servo_mss_design_MSS_CM3_0\turret_servo_mss_design_MSS_CM3_0_hw_platform\Debug\libturret_servo_mss_design_MSS_CM3_0_hw_platform.a(mss_spi.o)
                0x00002910                MSS_SPI_set_slave_select
 .text.MSS_SPI_clear_slave_select
                0x00002a18       0x90 C:\Users\robcecil\Desktop\ps2_turret_ir_integration\SoftConsole\turret_servo_mss_design_MSS_CM3_0\turret_servo_mss_design_MSS_CM3_0_hw_platform\Debug\libturret_servo_mss_design_MSS_CM3_0_hw_platform.a(mss_spi.o)
                0x00002a18                MSS_SPI_clear_slave_select
 .text.MSS_SPI_transfer_block
                0x00002aa8      0x228 C:\Users\robcecil\Desktop\ps2_turret_ir_integration\SoftConsole\turret_servo_mss_design_MSS_CM3_0\turret_servo_mss_design_MSS_CM3_0_hw_platform\Debug\libturret_servo_mss_design_MSS_CM3_0_hw_platform.a(mss_spi.o)
                0x00002aa8                MSS_SPI_transfer_block
 .text.fill_slave_tx_fifo
                0x00002cd0       0xe0 C:\Users\robcecil\Desktop\ps2_turret_ir_integration\SoftConsole\turret_servo_mss_design_MSS_CM3_0\turret_servo_mss_design_MSS_CM3_0_hw_platform\Debug\libturret_servo_mss_design_MSS_CM3_0_hw_platform.a(mss_spi.o)
 .text.read_slave_rx_fifo
                0x00002db0       0xac C:\Users\robcecil\Desktop\ps2_turret_ir_integration\SoftConsole\turret_servo_mss_design_MSS_CM3_0\turret_servo_mss_design_MSS_CM3_0_hw_platform\Debug\libturret_servo_mss_design_MSS_CM3_0_hw_platform.a(mss_spi.o)
 .text.mss_spi_isr
                0x00002e5c      0x2b0 C:\Users\robcecil\Desktop\ps2_turret_ir_integration\SoftConsole\turret_servo_mss_design_MSS_CM3_0\turret_servo_mss_design_MSS_CM3_0_hw_platform\Debug\libturret_servo_mss_design_MSS_CM3_0_hw_platform.a(mss_spi.o)
 .text.SPI0_IRQHandler
                0x0000310c       0x2c C:\Users\robcecil\Desktop\ps2_turret_ir_integration\SoftConsole\turret_servo_mss_design_MSS_CM3_0\turret_servo_mss_design_MSS_CM3_0_hw_platform\Debug\libturret_servo_mss_design_MSS_CM3_0_hw_platform.a(mss_spi.o)
                0x0000310c                SPI0_IRQHandler
 .text.SPI1_IRQHandler
                0x00003138       0x2c C:\Users\robcecil\Desktop\ps2_turret_ir_integration\SoftConsole\turret_servo_mss_design_MSS_CM3_0\turret_servo_mss_design_MSS_CM3_0_hw_platform\Debug\libturret_servo_mss_design_MSS_CM3_0_hw_platform.a(mss_spi.o)
                0x00003138                SPI1_IRQHandler
 .text.NVIC_EnableIRQ
                0x00003164       0x38 C:\Users\robcecil\Desktop\ps2_turret_ir_integration\SoftConsole\turret_servo_mss_design_MSS_CM3_0\turret_servo_mss_design_MSS_CM3_0_hw_platform\Debug\libturret_servo_mss_design_MSS_CM3_0_hw_platform.a(mss_gpio.o)
 .text.NVIC_ClearPendingIRQ
                0x0000319c       0x3c C:\Users\robcecil\Desktop\ps2_turret_ir_integration\SoftConsole\turret_servo_mss_design_MSS_CM3_0\turret_servo_mss_design_MSS_CM3_0_hw_platform\Debug\libturret_servo_mss_design_MSS_CM3_0_hw_platform.a(mss_gpio.o)
 .text.MSS_GPIO_config
                0x000031d8       0x3c C:\Users\robcecil\Desktop\ps2_turret_ir_integration\SoftConsole\turret_servo_mss_design_MSS_CM3_0\turret_servo_mss_design_MSS_CM3_0_hw_platform\Debug\libturret_servo_mss_design_MSS_CM3_0_hw_platform.a(mss_gpio.o)
                0x000031d8                MSS_GPIO_config
 .text.MSS_GPIO_set_output
                0x00003214       0x40 C:\Users\robcecil\Desktop\ps2_turret_ir_integration\SoftConsole\turret_servo_mss_design_MSS_CM3_0\turret_servo_mss_design_MSS_CM3_0_hw_platform\Debug\libturret_servo_mss_design_MSS_CM3_0_hw_platform.a(mss_gpio.o)
                0x00003214                MSS_GPIO_set_output
 .text.MSS_GPIO_enable_irq
                0x00003254       0x64 C:\Users\robcecil\Desktop\ps2_turret_ir_integration\SoftConsole\turret_servo_mss_design_MSS_CM3_0\turret_servo_mss_design_MSS_CM3_0_hw_platform\Debug\libturret_servo_mss_design_MSS_CM3_0_hw_platform.a(mss_gpio.o)
                0x00003254                MSS_GPIO_enable_irq
 .text.MSS_GPIO_clear_irq
                0x000032b8       0x50 C:\Users\robcecil\Desktop\ps2_turret_ir_integration\SoftConsole\turret_servo_mss_design_MSS_CM3_0\turret_servo_mss_design_MSS_CM3_0_hw_platform\Debug\libturret_servo_mss_design_MSS_CM3_0_hw_platform.a(mss_gpio.o)
                0x000032b8                MSS_GPIO_clear_irq
 .text.UART_init
                0x00003308      0x29c C:\Users\robcecil\Desktop\ps2_turret_ir_integration\SoftConsole\turret_servo_mss_design_MSS_CM3_0\turret_servo_mss_design_MSS_CM3_0_hw_platform\Debug\libturret_servo_mss_design_MSS_CM3_0_hw_platform.a(core_uart_apb.o)
                0x00003308                UART_init
 .text.UART_send
                0x000035a4      0x15c C:\Users\robcecil\Desktop\ps2_turret_ir_integration\SoftConsole\turret_servo_mss_design_MSS_CM3_0\turret_servo_mss_design_MSS_CM3_0_hw_platform\Debug\libturret_servo_mss_design_MSS_CM3_0_hw_platform.a(core_uart_apb.o)
                0x000035a4                UART_send
 .text.SPI_init
                0x00003700      0x19c C:\Users\robcecil\Desktop\ps2_turret_ir_integration\SoftConsole\turret_servo_mss_design_MSS_CM3_0\turret_servo_mss_design_MSS_CM3_0_hw_platform\Debug\libturret_servo_mss_design_MSS_CM3_0_hw_platform.a(core_spi.o)
                0x00003700                SPI_init
 .text.SPI_configure_master_mode
                0x0000389c       0xb0 C:\Users\robcecil\Desktop\ps2_turret_ir_integration\SoftConsole\turret_servo_mss_design_MSS_CM3_0\turret_servo_mss_design_MSS_CM3_0_hw_platform\Debug\libturret_servo_mss_design_MSS_CM3_0_hw_platform.a(core_spi.o)
                0x0000389c                SPI_configure_master_mode
 .text.SPI_set_slave_select
                0x0000394c      0x108 C:\Users\robcecil\Desktop\ps2_turret_ir_integration\SoftConsole\turret_servo_mss_design_MSS_CM3_0\turret_servo_mss_design_MSS_CM3_0_hw_platform\Debug\libturret_servo_mss_design_MSS_CM3_0_hw_platform.a(core_spi.o)
                0x0000394c                SPI_set_slave_select
 .text.SPI_clear_slave_select
                0x00003a54      0x110 C:\Users\robcecil\Desktop\ps2_turret_ir_integration\SoftConsole\turret_servo_mss_design_MSS_CM3_0\turret_servo_mss_design_MSS_CM3_0_hw_platform\Debug\libturret_servo_mss_design_MSS_CM3_0_hw_platform.a(core_spi.o)
                0x00003a54                SPI_clear_slave_select
 .text.SPI_transfer_frame
                0x00003b64       0xc0 C:\Users\robcecil\Desktop\ps2_turret_ir_integration\SoftConsole\turret_servo_mss_design_MSS_CM3_0\turret_servo_mss_design_MSS_CM3_0_hw_platform\Debug\libturret_servo_mss_design_MSS_CM3_0_hw_platform.a(core_spi.o)
                0x00003b64                SPI_transfer_frame
 .text.recover_from_rx_overflow
                0x00003c24       0x60 C:\Users\robcecil\Desktop\ps2_turret_ir_integration\SoftConsole\turret_servo_mss_design_MSS_CM3_0\turret_servo_mss_design_MSS_CM3_0_hw_platform\Debug\libturret_servo_mss_design_MSS_CM3_0_hw_platform.a(core_spi.o)
 .text.SystemInit
                0x00003c84        0xc C:\Users\robcecil\Desktop\ps2_turret_ir_integration\SoftConsole\turret_servo_mss_design_MSS_CM3_0\turret_servo_mss_design_MSS_CM3_0_hw_platform\Debug\libturret_servo_mss_design_MSS_CM3_0_hw_platform.a(system_a2fxxxm3.o)
                0x00003c84                SystemInit
 .text.SystemCoreClockUpdate
                0x00003c90      0x150 C:\Users\robcecil\Desktop\ps2_turret_ir_integration\SoftConsole\turret_servo_mss_design_MSS_CM3_0\turret_servo_mss_design_MSS_CM3_0_hw_platform\Debug\libturret_servo_mss_design_MSS_CM3_0_hw_platform.a(system_a2fxxxm3.o)
                0x00003c90                SystemCoreClockUpdate
 .text.GetSystemClock
                0x00003de0       0xe8 C:\Users\robcecil\Desktop\ps2_turret_ir_integration\SoftConsole\turret_servo_mss_design_MSS_CM3_0\turret_servo_mss_design_MSS_CM3_0_hw_platform\Debug\libturret_servo_mss_design_MSS_CM3_0_hw_platform.a(system_a2fxxxm3.o)
 .text.HAL_assert_fail
                0x00003ec8       0x28 C:\Users\robcecil\Desktop\ps2_turret_ir_integration\SoftConsole\turret_servo_mss_design_MSS_CM3_0\turret_servo_mss_design_MSS_CM3_0_hw_platform\Debug\libturret_servo_mss_design_MSS_CM3_0_hw_platform.a(hal_assert.o)
                0x00003ec8                HAL_assert_fail
 .text          0x00003ef0       0x90 C:\Users\robcecil\Desktop\ps2_turret_ir_integration\SoftConsole\turret_servo_mss_design_MSS_CM3_0\turret_servo_mss_design_MSS_CM3_0_hw_platform\Debug\libturret_servo_mss_design_MSS_CM3_0_hw_platform.a(hw_reg_access.o)
                0x00003ef0                HW_set_32bit_reg
                0x00003ef4                HW_get_32bit_reg
                0x00003ef8                HW_set_32bit_reg_field
                0x00003f14                HW_get_32bit_reg_field
                0x00003f20                HW_set_16bit_reg
                0x00003f24                HW_get_16bit_reg
                0x00003f28                HW_set_16bit_reg_field
                0x00003f44                HW_get_16bit_reg_field
                0x00003f50                HW_set_8bit_reg
                0x00003f54                HW_get_8bit_reg
                0x00003f58                HW_set_8bit_reg_field
                0x00003f74                HW_get_8bit_reg_field
 .text          0x00003f80       0x50 c:/microsemi/softconsole v3.3/sourcery-g++/bin/../lib/gcc/arm-none-eabi/4.4.1/../../../../arm-none-eabi/lib/thumb2\libc.a(lib_a-init.o)
                0x00003f80                __libc_init_array
 .text          0x00003fd0       0xd4 c:/microsemi/softconsole v3.3/sourcery-g++/bin/../lib/gcc/arm-none-eabi/4.4.1/../../../../arm-none-eabi/lib/thumb2\libc.a(lib_a-memset.o)
                0x00003fd0                memset
 .text          0x000040a4       0x64 c:/microsemi/softconsole v3.3/sourcery-g++/bin/../lib/gcc/arm-none-eabi/4.4.1/../../../../arm-none-eabi/lib/thumb2\libc.a(lib_a-printf.o)
                0x000040a4                printf
                0x000040dc                _printf_r
 .text          0x00004108       0x88 c:/microsemi/softconsole v3.3/sourcery-g++/bin/../lib/gcc/arm-none-eabi/4.4.1/../../../../arm-none-eabi/lib/thumb2\libc.a(lib_a-puts.o)
                0x00004108                _puts_r
                0x00004180                puts
 .text          0x00004190       0x60 c:/microsemi/softconsole v3.3/sourcery-g++/bin/../lib/gcc/arm-none-eabi/4.4.1/../../../../arm-none-eabi/lib/thumb2\libc.a(lib_a-strlen.o)
                0x00004190                strlen
 .text          0x000041f0     0x1940 c:/microsemi/softconsole v3.3/sourcery-g++/bin/../lib/gcc/arm-none-eabi/4.4.1/../../../../arm-none-eabi/lib/thumb2\libc.a(lib_a-vfprintf.o)
                0x0000420c                _vfprintf_r
                0x00005b14                vfprintf
 .text          0x00005b30      0x104 c:/microsemi/softconsole v3.3/sourcery-g++/bin/../lib/gcc/arm-none-eabi/4.4.1/../../../../arm-none-eabi/lib/thumb2\libc.a(lib_a-wsetup.o)
                0x00005b30                __swsetup_r
 *fill*         0x00005c34        0x4 00
 .text          0x00005c38      0xfb8 c:/microsemi/softconsole v3.3/sourcery-g++/bin/../lib/gcc/arm-none-eabi/4.4.1/../../../../arm-none-eabi/lib/thumb2\libc.a(lib_a-dtoa.o)
                0x00005d58                _dtoa_r
 .text          0x00006bf0      0x178 c:/microsemi/softconsole v3.3/sourcery-g++/bin/../lib/gcc/arm-none-eabi/4.4.1/../../../../arm-none-eabi/lib/thumb2\libc.a(lib_a-fflush.o)
                0x00006bf0                _fflush_r
                0x00006d40                fflush
 .text          0x00006d68      0x1c8 c:/microsemi/softconsole v3.3/sourcery-g++/bin/../lib/gcc/arm-none-eabi/4.4.1/../../../../arm-none-eabi/lib/thumb2\libc.a(lib_a-findfp.o)
                0x00006d68                __sfp_lock_acquire
                0x00006d6c                __sfp_lock_release
                0x00006d70                __sinit_lock_acquire
                0x00006d74                __sinit_lock_release
                0x00006d80                __fp_unlock_all
                0x00006d98                __fp_lock_all
                0x00006db0                _cleanup_r
                0x00006dbc                _cleanup
                0x00006e18                __sfmoreglue
                0x00006e48                __sfp
                0x00006ed0                __sinit
 .text          0x00006f30      0x268 c:/microsemi/softconsole v3.3/sourcery-g++/bin/../lib/gcc/arm-none-eabi/4.4.1/../../../../arm-none-eabi/lib/thumb2\libc.a(lib_a-freer.o)
                0x00006f30                _malloc_trim_r
                0x00006fd8                _free_r
 .text          0x00007198      0x334 c:/microsemi/softconsole v3.3/sourcery-g++/bin/../lib/gcc/arm-none-eabi/4.4.1/../../../../arm-none-eabi/lib/thumb2\libc.a(lib_a-fvwrite.o)
                0x00007198                __sfvwrite_r
 .text          0x000074cc       0xa0 c:/microsemi/softconsole v3.3/sourcery-g++/bin/../lib/gcc/arm-none-eabi/4.4.1/../../../../arm-none-eabi/lib/thumb2\libc.a(lib_a-fwalk.o)
                0x000074cc                _fwalk_reent
                0x00007520                _fwalk
 .text          0x0000756c       0x74 c:/microsemi/softconsole v3.3/sourcery-g++/bin/../lib/gcc/arm-none-eabi/4.4.1/../../../../arm-none-eabi/lib/thumb2\libc.a(lib_a-locale.o)
                0x0000756c                __locale_charset
                0x00007578                _localeconv_r
                0x00007580                localeconv
                0x00007588                _setlocale_r
                0x000075d0                setlocale
 .text          0x000075e0       0xdc c:/microsemi/softconsole v3.3/sourcery-g++/bin/../lib/gcc/arm-none-eabi/4.4.1/../../../../arm-none-eabi/lib/thumb2\libc.a(lib_a-makebuf.o)
                0x000075e0                __smakebuf_r
 .text          0x000076bc       0x20 c:/microsemi/softconsole v3.3/sourcery-g++/bin/../lib/gcc/arm-none-eabi/4.4.1/../../../../arm-none-eabi/lib/thumb2\libc.a(lib_a-malloc.o)
                0x000076bc                free
                0x000076cc                malloc
 .text          0x000076dc      0x5a4 c:/microsemi/softconsole v3.3/sourcery-g++/bin/../lib/gcc/arm-none-eabi/4.4.1/../../../../arm-none-eabi/lib/thumb2\libc.a(lib_a-mallocr.o)
                0x000076dc                _malloc_r
 .text          0x00007c80       0x74 c:/microsemi/softconsole v3.3/sourcery-g++/bin/../lib/gcc/arm-none-eabi/4.4.1/../../../../arm-none-eabi/lib/thumb2\libc.a(lib_a-memchr.o)
                0x00007c80                memchr
 .text          0x00007cf4      0x190 c:/microsemi/softconsole v3.3/sourcery-g++/bin/../lib/gcc/arm-none-eabi/4.4.1/../../../../arm-none-eabi/lib/thumb2\libc.a(lib_a-memcpy.o)
                0x00007cf4                memcpy
 .text          0x00007e84       0xb8 c:/microsemi/softconsole v3.3/sourcery-g++/bin/../lib/gcc/arm-none-eabi/4.4.1/../../../../arm-none-eabi/lib/thumb2\libc.a(lib_a-memmove.o)
                0x00007e84                memmove
 .text          0x00007f3c        0x8 c:/microsemi/softconsole v3.3/sourcery-g++/bin/../lib/gcc/arm-none-eabi/4.4.1/../../../../arm-none-eabi/lib/thumb2\libc.a(lib_a-mlock.o)
                0x00007f3c                __malloc_lock
                0x00007f40                __malloc_unlock
 .text          0x00007f44      0x958 c:/microsemi/softconsole v3.3/sourcery-g++/bin/../lib/gcc/arm-none-eabi/4.4.1/../../../../arm-none-eabi/lib/thumb2\libc.a(lib_a-mprec.o)
                0x00007f44                __hi0bits
                0x00007f84                __lo0bits
                0x00007fe8                __mcmp
                0x00008028                __ulp
                0x00008074                __b2d
                0x0000811c                __ratio
                0x0000817c                _mprec_log10
                0x000081b4                __copybits
                0x00008204                __any_on
                0x0000825c                _Bfree
                0x00008294                _Balloc
                0x00008300                __d2b
                0x000083d0                __mdiff
                0x000084c8                __lshift
                0x00008584                __multiply
                0x000086b8                __i2b
                0x000086cc                __multadd
                0x00008754                __pow5mult
                0x00008800                __s2b
 .text          0x0000889c      0x3b4 c:/microsemi/softconsole v3.3/sourcery-g++/bin/../lib/gcc/arm-none-eabi/4.4.1/../../../../arm-none-eabi/lib/thumb2\libc.a(lib_a-reallocr.o)
                0x0000889c                _realloc_r
 .text          0x00008c50       0x24 c:/microsemi/softconsole v3.3/sourcery-g++/bin/../lib/gcc/arm-none-eabi/4.4.1/../../../../arm-none-eabi/lib/thumb2\libc.a(lib_a-s_isinfd.o)
                0x00008c50                __isinfd
 .text          0x00008c74       0x1c c:/microsemi/softconsole v3.3/sourcery-g++/bin/../lib/gcc/arm-none-eabi/4.4.1/../../../../arm-none-eabi/lib/thumb2\libc.a(lib_a-s_isnand.o)
                0x00008c74                __isnand
 .text          0x00008c90       0x28 c:/microsemi/softconsole v3.3/sourcery-g++/bin/../lib/gcc/arm-none-eabi/4.4.1/../../../../arm-none-eabi/lib/thumb2\libc.a(lib_a-sbrkr.o)
                0x00008c90                _sbrk_r
 .text          0x00008cb8       0x90 c:/microsemi/softconsole v3.3/sourcery-g++/bin/../lib/gcc/arm-none-eabi/4.4.1/../../../../arm-none-eabi/lib/thumb2\libc.a(lib_a-stdio.o)
                0x00008cb8                __sclose
                0x00008cc0                __sseek
                0x00008ce8                __swrite
                0x00008d24                __sread
 .text          0x00008d48      0x1dc c:/microsemi/softconsole v3.3/sourcery-g++/bin/../lib/gcc/arm-none-eabi/4.4.1/../../../../arm-none-eabi/lib/thumb2\libc.a(lib_a-strcmp.o)
                0x00008d48                strcmp
 .text          0x00008f24       0x5c c:/microsemi/softconsole v3.3/sourcery-g++/bin/../lib/gcc/arm-none-eabi/4.4.1/../../../../arm-none-eabi/lib/thumb2\libc.a(lib_a-callocr.o)
                0x00008f24                _calloc_r
 .text          0x00008f80       0x28 c:/microsemi/softconsole v3.3/sourcery-g++/bin/../lib/gcc/arm-none-eabi/4.4.1/../../../../arm-none-eabi/lib/thumb2\libc.a(lib_a-closer.o)
                0x00008f80                _close_r
 .text          0x00008fa8       0xcc c:/microsemi/softconsole v3.3/sourcery-g++/bin/../lib/gcc/arm-none-eabi/4.4.1/../../../../arm-none-eabi/lib/thumb2\libc.a(lib_a-fclose.o)
                0x00008fa8                _fclose_r
                0x00009064                fclose
 .text          0x00009074       0x2c c:/microsemi/softconsole v3.3/sourcery-g++/bin/../lib/gcc/arm-none-eabi/4.4.1/../../../../arm-none-eabi/lib/thumb2\libc.a(lib_a-fstatr.o)
                0x00009074                _fstat_r
 .text          0x000090a0       0x28 c:/microsemi/softconsole v3.3/sourcery-g++/bin/../lib/gcc/arm-none-eabi/4.4.1/../../../../arm-none-eabi/lib/thumb2\libc.a(lib_a-isattyr.o)
                0x000090a0                _isatty_r
 .text          0x000090c8       0x2c c:/microsemi/softconsole v3.3/sourcery-g++/bin/../lib/gcc/arm-none-eabi/4.4.1/../../../../arm-none-eabi/lib/thumb2\libc.a(lib_a-lseekr.o)
                0x000090c8                _lseek_r
 .text          0x000090f4       0x2c c:/microsemi/softconsole v3.3/sourcery-g++/bin/../lib/gcc/arm-none-eabi/4.4.1/../../../../arm-none-eabi/lib/thumb2\libc.a(lib_a-readr.o)
                0x000090f4                _read_r
 .text          0x00009120      0x278 c:/microsemi/softconsole v3.3/sourcery-g++/bin/../lib/gcc/arm-none-eabi/4.4.1/thumb2\libgcc.a(_udivsi3.o)
                0x00009120                __aeabi_uidiv
                0x00009120                __udivsi3
                0x0000937c                __aeabi_uidivmod
 .text          0x00009398        0x4 c:/microsemi/softconsole v3.3/sourcery-g++/bin/../lib/gcc/arm-none-eabi/4.4.1/thumb2\libgcc.a(_dvmd_tls.o)
                0x00009398                __aeabi_idiv0
                0x00009398                __aeabi_ldiv0
 .text          0x0000939c      0x370 c:/microsemi/softconsole v3.3/sourcery-g++/bin/../lib/gcc/arm-none-eabi/4.4.1/thumb2\libgcc.a(_arm_addsubdf3.o)
                0x0000939c                __aeabi_drsub
                0x000093a4                __aeabi_dsub
                0x000093a4                __subdf3
                0x000093a8                __aeabi_dadd
                0x000093a8                __adddf3
                0x00009620                __floatunsidf
                0x00009620                __aeabi_ui2d
                0x00009640                __floatsidf
                0x00009640                __aeabi_i2d
                0x00009664                __aeabi_f2d
                0x00009664                __extendsfdf2
                0x000096a0                __floatundidf
                0x000096a0                __aeabi_ul2d
                0x000096b0                __floatdidf
                0x000096b0                __aeabi_l2d
 .text          0x0000970c      0x424 c:/microsemi/softconsole v3.3/sourcery-g++/bin/../lib/gcc/arm-none-eabi/4.4.1/thumb2\libgcc.a(_arm_muldivdf3.o)
                0x0000970c                __aeabi_dmul
                0x0000970c                __muldf3
                0x00009960                __divdf3
                0x00009960                __aeabi_ddiv
 .text          0x00009b30      0x110 c:/microsemi/softconsole v3.3/sourcery-g++/bin/../lib/gcc/arm-none-eabi/4.4.1/thumb2\libgcc.a(_arm_cmpdf2.o)
                0x00009b30                __gtdf2
                0x00009b30                __gedf2
                0x00009b38                __ltdf2
                0x00009b38                __ledf2
                0x00009b40                __nedf2
                0x00009b40                __eqdf2
                0x00009b40                __cmpdf2
                0x00009bbc                __aeabi_cdrcmple
                0x00009bcc                __aeabi_cdcmpeq
                0x00009bcc                __aeabi_cdcmple
                0x00009bdc                __aeabi_dcmpeq
                0x00009bf0                __aeabi_dcmplt
                0x00009c04                __aeabi_dcmple
                0x00009c18                __aeabi_dcmpge
                0x00009c2c                __aeabi_dcmpgt
 .text          0x00009c40       0x50 c:/microsemi/softconsole v3.3/sourcery-g++/bin/../lib/gcc/arm-none-eabi/4.4.1/thumb2\libgcc.a(_arm_fixdfsi.o)
                0x00009c40                __aeabi_d2iz
                0x00009c40                __fixdfsi
 .text          0x00009c90       0x2c c:/microsemi/softconsole v3.3/sourcery-g++/bin/../lib/gcc/arm-none-eabi/4.4.1/thumb2\libgcc.a(_aeabi_uldivmod.o)
                0x00009c90                __aeabi_uldivmod
 .text          0x00009cbc       0x58 c:/microsemi/softconsole v3.3/sourcery-g++/bin/../lib/gcc/arm-none-eabi/4.4.1/thumb2\libgcc.a(bpabi.o)
                0x00009cbc                __gnu_uldivmod_helper
                0x00009ce8                __gnu_ldivmod_helper
 .text          0x00009d14      0x364 c:/microsemi/softconsole v3.3/sourcery-g++/bin/../lib/gcc/arm-none-eabi/4.4.1/thumb2\libgcc.a(_divdi3.o)
                0x00009d14                __divdi3
 .text          0x0000a078      0x300 c:/microsemi/softconsole v3.3/sourcery-g++/bin/../lib/gcc/arm-none-eabi/4.4.1/thumb2\libgcc.a(_udivdi3.o)
                0x0000a078                __udivdi3
 *(.plt)
 *(.gnu.warning)
 *(.glue_7t)
 .glue_7t       0x00000000        0x0 linker stubs
 *(.glue_7)
 .glue_7        0x00000000        0x0 linker stubs
 *(.vfp11_veneer)
 .vfp11_veneer  0x00000000        0x0 linker stubs
                0x0000a378                . = ALIGN (0x4)
 *crtbegin.o(.ctors)
 *(EXCLUDE_FILE(*crtend.o) .ctors)
 *(SORT(.ctors.*))
 *crtend.o(.ctors)
 *crtbegin.o(.dtors)
 *(EXCLUDE_FILE(*crtend.o) .dtors)
 *(SORT(.dtors.*))
 *crtend.o(.dtors)
 *(.rodata .rodata.* .gnu.linkonce.r.*)
 .rodata.DAMAGED_THRESH
                0x0000a378        0x4 ./main.o
                0x0000a378                DAMAGED_THRESH
 .rodata        0x0000a37c       0x1c ./main.o
 .rodata        0x0000a398       0x1c C:/Users/robcecil/Desktop/ps2_turret_ir_integration/SoftConsole/turret_servo_mss_design_MSS_CM3_0/turret_servo_mss_design_MSS_CM3_0_hw_platform/Debug/CMSIS/startup_gcc/newlib_stubs.o
 .rodata.g_config_reg_lut
                0x0000a3b4       0x80 C:\Users\robcecil\Desktop\ps2_turret_ir_integration\SoftConsole\turret_servo_mss_design_MSS_CM3_0\turret_servo_mss_design_MSS_CM3_0_hw_platform\Debug\libturret_servo_mss_design_MSS_CM3_0_hw_platform.a(mss_gpio.o)
 .rodata.g_gpio_irqn_lut
                0x0000a434       0x40 C:\Users\robcecil\Desktop\ps2_turret_ir_integration\SoftConsole\turret_servo_mss_design_MSS_CM3_0\turret_servo_mss_design_MSS_CM3_0_hw_platform\Debug\libturret_servo_mss_design_MSS_CM3_0_hw_platform.a(mss_gpio.o)
 .rodata        0x0000a474       0x28 C:\Users\robcecil\Desktop\ps2_turret_ir_integration\SoftConsole\turret_servo_mss_design_MSS_CM3_0\turret_servo_mss_design_MSS_CM3_0_hw_platform\Debug\libturret_servo_mss_design_MSS_CM3_0_hw_platform.a(core_uart_apb.o)
 .rodata        0x0000a49c       0x20 C:\Users\robcecil\Desktop\ps2_turret_ir_integration\SoftConsole\turret_servo_mss_design_MSS_CM3_0\turret_servo_mss_design_MSS_CM3_0_hw_platform\Debug\libturret_servo_mss_design_MSS_CM3_0_hw_platform.a(core_spi.o)
 .rodata.C.18.2576
                0x0000a4bc       0x10 C:\Users\robcecil\Desktop\ps2_turret_ir_integration\SoftConsole\turret_servo_mss_design_MSS_CM3_0\turret_servo_mss_design_MSS_CM3_0_hw_platform\Debug\libturret_servo_mss_design_MSS_CM3_0_hw_platform.a(system_a2fxxxm3.o)
 .rodata        0x0000a4cc        0x4 c:/microsemi/softconsole v3.3/sourcery-g++/bin/../lib/gcc/arm-none-eabi/4.4.1/../../../../arm-none-eabi/lib/thumb2\libc.a(lib_a-impure.o)
                0x0000a4cc                _global_impure_ptr
 .rodata.str1.4
                0x0000a4d0        0x2 c:/microsemi/softconsole v3.3/sourcery-g++/bin/../lib/gcc/arm-none-eabi/4.4.1/../../../../arm-none-eabi/lib/thumb2\libc.a(lib_a-impure.o)
                                  0x4 (size before relaxing)
 *fill*         0x0000a4d2        0x2 00
 .rodata.str1.4
                0x0000a4d4        0x2 c:/microsemi/softconsole v3.3/sourcery-g++/bin/../lib/gcc/arm-none-eabi/4.4.1/../../../../arm-none-eabi/lib/thumb2\libc.a(lib_a-puts.o)
                                  0x4 (size before relaxing)
 *fill*         0x0000a4d6        0x2 00
 .rodata        0x0000a4d8       0x20 c:/microsemi/softconsole v3.3/sourcery-g++/bin/../lib/gcc/arm-none-eabi/4.4.1/../../../../arm-none-eabi/lib/thumb2\libc.a(lib_a-vfprintf.o)
 .rodata.str1.4
                0x0000a4f8       0x42 c:/microsemi/softconsole v3.3/sourcery-g++/bin/../lib/gcc/arm-none-eabi/4.4.1/../../../../arm-none-eabi/lib/thumb2\libc.a(lib_a-vfprintf.o)
                                 0x44 (size before relaxing)
 *fill*         0x0000a53a        0x2 00
 .rodata.str1.4
                0x0000a53c       0x10 c:/microsemi/softconsole v3.3/sourcery-g++/bin/../lib/gcc/arm-none-eabi/4.4.1/../../../../arm-none-eabi/lib/thumb2\libc.a(lib_a-dtoa.o)
                                 0x14 (size before relaxing)
 .rodata        0x0000a54c       0x60 c:/microsemi/softconsole v3.3/sourcery-g++/bin/../lib/gcc/arm-none-eabi/4.4.1/../../../../arm-none-eabi/lib/thumb2\libc.a(lib_a-findfp.o)
                0x0000a54c                __sf_fake_stdin
                0x0000a56c                __sf_fake_stdout
                0x0000a58c                __sf_fake_stderr
 .rodata        0x0000a5ac       0x34 c:/microsemi/softconsole v3.3/sourcery-g++/bin/../lib/gcc/arm-none-eabi/4.4.1/../../../../arm-none-eabi/lib/thumb2\libc.a(lib_a-locale.o)
 .rodata.str1.4
                0x0000a5e0       0x10 c:/microsemi/softconsole v3.3/sourcery-g++/bin/../lib/gcc/arm-none-eabi/4.4.1/../../../../arm-none-eabi/lib/thumb2\libc.a(lib_a-locale.o)
                                 0x18 (size before relaxing)
 .rodata        0x0000a5f0      0x128 c:/microsemi/softconsole v3.3/sourcery-g++/bin/../lib/gcc/arm-none-eabi/4.4.1/../../../../arm-none-eabi/lib/thumb2\libc.a(lib_a-mprec.o)
                0x0000a5f0                __mprec_tens
                0x0000a6c8                __mprec_bigtens
                0x0000a6f0                __mprec_tinytens
 *(.ARM.extab* .gnu.linkonce.armextab.*)
 *(.gcc_except_table)
 *(.eh_frame_hdr)
 *(.eh_frame)
 *(.init)
 .init          0x0000a718        0x4 c:/microsemi/softconsole v3.3/sourcery-g++/bin/../lib/gcc/arm-none-eabi/4.4.1/thumb2/crti.o
                0x0000a718                _init
 .init          0x0000a71c        0x8 c:/microsemi/softconsole v3.3/sourcery-g++/bin/../lib/gcc/arm-none-eabi/4.4.1/thumb2/crtn.o
 *(.fini)
 .fini          0x0000a724        0x4 c:/microsemi/softconsole v3.3/sourcery-g++/bin/../lib/gcc/arm-none-eabi/4.4.1/thumb2/crti.o
                0x0000a724                _fini
 .fini          0x0000a728        0x8 c:/microsemi/softconsole v3.3/sourcery-g++/bin/../lib/gcc/arm-none-eabi/4.4.1/thumb2/crtn.o
                0x0000a730                PROVIDE (__preinit_array_start, .)
 *(.preinit_array)
                0x0000a730                PROVIDE (__preinit_array_end, .)
                0x0000a730                PROVIDE (__init_array_start, .)
 *(SORT(.init_array.*))
 *(.init_array)
 .init_array    0x0000a730        0x4 c:/microsemi/softconsole v3.3/sourcery-g++/bin/../lib/gcc/arm-none-eabi/4.4.1/thumb2/crtbegin.o
                0x0000a734                PROVIDE (__init_array_end, .)
                0x0000a734                PROVIDE (__fini_array_start, .)
 *(.fini_array)
 .fini_array    0x0000a734        0x4 c:/microsemi/softconsole v3.3/sourcery-g++/bin/../lib/gcc/arm-none-eabi/4.4.1/thumb2/crtbegin.o
 *(SORT(.fini_array.*))
                0x0000a738                PROVIDE (__fini_array_end, .)
                0x0000a738                __exidx_start = .

.v4_bx          0x0000a738        0x0 load address 0x6000a738
 .v4_bx         0x00000000        0x0 linker stubs

.ARM.exidx      0x20000000        0x8 load address 0x6000a738
 *(.ARM.exidx* .gnu.linkonce.armexidx.*)
 .ARM.exidx     0x20000000        0x8 c:/microsemi/softconsole v3.3/sourcery-g++/bin/../lib/gcc/arm-none-eabi/4.4.1/thumb2\libgcc.a(_divdi3.o)
 .ARM.exidx     0x20000008        0x0 c:/microsemi/softconsole v3.3/sourcery-g++/bin/../lib/gcc/arm-none-eabi/4.4.1/thumb2\libgcc.a(_udivdi3.o)
                                  0x8 (size before relaxing)
                0x20000008                __exidx_end = .
                0x20000008                _etext = .

.data           0x20000008      0x528 load address 0x6000a740
                0x6000a740                __data_load = LOADADDR (.data)
                0x6000a740                _sidata = LOADADDR (.data)
                0x20000008                __data_start = .
                0x20000008                _sdata = .
 *(.jcr)
 .jcr           0x20000008        0x0 c:/microsemi/softconsole v3.3/sourcery-g++/bin/../lib/gcc/arm-none-eabi/4.4.1/thumb2/crtbegin.o
 .jcr           0x20000008        0x4 c:/microsemi/softconsole v3.3/sourcery-g++/bin/../lib/gcc/arm-none-eabi/4.4.1/thumb2/crtend.o
 *(.got.plt)
 *(.got)
 *(.shdata)
 *(.data .data.* .gnu.linkonce.d.*)
 .data.can_hit  0x2000000c        0x4 ./main.o
                0x2000000c                can_hit
 .data.sound_done
                0x20000010        0x4 ./main.o
                0x20000010                sound_done
 .data.SystemFrequency
                0x20000014        0x4 C:\Users\robcecil\Desktop\ps2_turret_ir_integration\SoftConsole\turret_servo_mss_design_MSS_CM3_0\turret_servo_mss_design_MSS_CM3_0_hw_platform\Debug\libturret_servo_mss_design_MSS_CM3_0_hw_platform.a(system_a2fxxxm3.o)
                0x20000014                SystemFrequency
 .data.SystemCoreClock
                0x20000018        0x4 C:\Users\robcecil\Desktop\ps2_turret_ir_integration\SoftConsole\turret_servo_mss_design_MSS_CM3_0\turret_servo_mss_design_MSS_CM3_0_hw_platform\Debug\libturret_servo_mss_design_MSS_CM3_0_hw_platform.a(system_a2fxxxm3.o)
                0x20000018                SystemCoreClock
 .data.g_FrequencyPCLK0
                0x2000001c        0x4 C:\Users\robcecil\Desktop\ps2_turret_ir_integration\SoftConsole\turret_servo_mss_design_MSS_CM3_0\turret_servo_mss_design_MSS_CM3_0_hw_platform\Debug\libturret_servo_mss_design_MSS_CM3_0_hw_platform.a(system_a2fxxxm3.o)
                0x2000001c                g_FrequencyPCLK0
 .data.g_FrequencyPCLK1
                0x20000020        0x4 C:\Users\robcecil\Desktop\ps2_turret_ir_integration\SoftConsole\turret_servo_mss_design_MSS_CM3_0\turret_servo_mss_design_MSS_CM3_0_hw_platform\Debug\libturret_servo_mss_design_MSS_CM3_0_hw_platform.a(system_a2fxxxm3.o)
                0x20000020                g_FrequencyPCLK1
 .data.g_FrequencyACE
                0x20000024        0x4 C:\Users\robcecil\Desktop\ps2_turret_ir_integration\SoftConsole\turret_servo_mss_design_MSS_CM3_0\turret_servo_mss_design_MSS_CM3_0_hw_platform\Debug\libturret_servo_mss_design_MSS_CM3_0_hw_platform.a(system_a2fxxxm3.o)
                0x20000024                g_FrequencyACE
 .data.g_FrequencyFPGA
                0x20000028        0x4 C:\Users\robcecil\Desktop\ps2_turret_ir_integration\SoftConsole\turret_servo_mss_design_MSS_CM3_0\turret_servo_mss_design_MSS_CM3_0_hw_platform\Debug\libturret_servo_mss_design_MSS_CM3_0_hw_platform.a(system_a2fxxxm3.o)
                0x20000028                g_FrequencyFPGA
 .data          0x2000002c       0xf4 c:/microsemi/softconsole v3.3/sourcery-g++/bin/../lib/gcc/arm-none-eabi/4.4.1/../../../../arm-none-eabi/lib/thumb2\libc.a(lib_a-impure.o)
                0x2000002c                _impure_ptr
 .data          0x20000120      0x410 c:/microsemi/softconsole v3.3/sourcery-g++/bin/../lib/gcc/arm-none-eabi/4.4.1/../../../../arm-none-eabi/lib/thumb2\libc.a(lib_a-mallocr.o)
                0x20000120                __malloc_av_
                0x20000528                __malloc_sbrk_base
                0x2000052c                __malloc_trim_threshold
                0x20000530                . = ALIGN (0x4)
                0x20000530                _edata = .

.bss            0x20000530      0x218 load address 0x6000ac68
                0x20000530                __bss_start__ = .
                0x20000530                _sbss = .
 *(.shbss)
 *(.bss .bss.* .gnu.linkonce.b.*)
 .bss           0x20000530        0x1 c:/microsemi/softconsole v3.3/sourcery-g++/bin/../lib/gcc/arm-none-eabi/4.4.1/thumb2/crtbegin.o
 *fill*         0x20000531        0x3 00
 .bss.g_stdio_uart_init_done
                0x20000534        0x4 C:/Users/robcecil/Desktop/ps2_turret_ir_integration/SoftConsole/turret_servo_mss_design_MSS_CM3_0/turret_servo_mss_design_MSS_CM3_0_hw_platform/Debug/CMSIS/startup_gcc/newlib_stubs.o
 .bss.heap_end.3594
                0x20000538        0x4 C:/Users/robcecil/Desktop/ps2_turret_ir_integration/SoftConsole/turret_servo_mss_design_MSS_CM3_0/turret_servo_mss_design_MSS_CM3_0_hw_platform/Debug/CMSIS/startup_gcc/newlib_stubs.o
 .bss           0x2000053c       0x34 c:/microsemi/softconsole v3.3/sourcery-g++/bin/../lib/gcc/arm-none-eabi/4.4.1/../../../../arm-none-eabi/lib/thumb2\libc.a(lib_a-mallocr.o)
                0x2000053c                __malloc_top_pad
                0x20000540                __malloc_current_mallinfo
                0x20000568                __malloc_max_sbrked_mem
                0x2000056c                __malloc_max_total_mem
 *(COMMON)
 COMMON         0x20000570       0x7c ./main.o
                0x20000570                g_spi_led
                0x200005b8                master_rx_buffer
                0x200005c4                g_uart
                0x200005cc                master_tx_buffer
                0x200005d8                myTank
 COMMON         0x200005ec       0x50 C:\Users\robcecil\Desktop\ps2_turret_ir_integration\SoftConsole\turret_servo_mss_design_MSS_CM3_0\turret_servo_mss_design_MSS_CM3_0_hw_platform\Debug\libturret_servo_mss_design_MSS_CM3_0_hw_platform.a(mss_uart.o)
                0x200005ec                g_mss_uart1
                0x20000614                g_mss_uart0
 COMMON         0x2000063c      0x108 C:\Users\robcecil\Desktop\ps2_turret_ir_integration\SoftConsole\turret_servo_mss_design_MSS_CM3_0\turret_servo_mss_design_MSS_CM3_0_hw_platform\Debug\libturret_servo_mss_design_MSS_CM3_0_hw_platform.a(mss_spi.o)
                0x2000063c                g_mss_spi1
                0x200006c0                g_mss_spi0
 COMMON         0x20000744        0x4 c:/microsemi/softconsole v3.3/sourcery-g++/bin/../lib/gcc/arm-none-eabi/4.4.1/../../../../arm-none-eabi/lib/thumb2\libc.a(lib_a-reent.o)
                0x20000744                errno
                0x20000748                . = ALIGN (0x8)
                0x20000748                __bss_end__ = .
                0x20000748                _end = .
                0x20000748                __end = _end
                0x20000748                _ebss = .
                0x20000748                PROVIDE (end, .)

.stab
 *(.stab)

.stabstr
 *(.stabstr)

.debug
 *(.debug)

.line
 *(.line)

.debug_srcinfo
 *(.debug_srcinfo)

.debug_sfnames
 *(.debug_sfnames)

.comment        0x00000000      0x183
 .comment       0x00000000       0x2b ./main.o
 .comment       0x0000002b       0x2b C:/Users/robcecil/Desktop/ps2_turret_ir_integration/SoftConsole/turret_servo_mss_design_MSS_CM3_0/turret_servo_mss_design_MSS_CM3_0_hw_platform/Debug/CMSIS/startup_gcc/newlib_stubs.o
 .comment       0x00000056       0x2b C:\Users\robcecil\Desktop\ps2_turret_ir_integration\SoftConsole\turret_servo_mss_design_MSS_CM3_0\turret_servo_mss_design_MSS_CM3_0_hw_platform\Debug\libturret_servo_mss_design_MSS_CM3_0_hw_platform.a(mss_uart.o)
 .comment       0x00000081       0x2b C:\Users\robcecil\Desktop\ps2_turret_ir_integration\SoftConsole\turret_servo_mss_design_MSS_CM3_0\turret_servo_mss_design_MSS_CM3_0_hw_platform\Debug\libturret_servo_mss_design_MSS_CM3_0_hw_platform.a(mss_spi.o)
 .comment       0x000000ac       0x2b C:\Users\robcecil\Desktop\ps2_turret_ir_integration\SoftConsole\turret_servo_mss_design_MSS_CM3_0\turret_servo_mss_design_MSS_CM3_0_hw_platform\Debug\libturret_servo_mss_design_MSS_CM3_0_hw_platform.a(mss_gpio.o)
 .comment       0x000000d7       0x2b C:\Users\robcecil\Desktop\ps2_turret_ir_integration\SoftConsole\turret_servo_mss_design_MSS_CM3_0\turret_servo_mss_design_MSS_CM3_0_hw_platform\Debug\libturret_servo_mss_design_MSS_CM3_0_hw_platform.a(core_uart_apb.o)
 .comment       0x00000102       0x2b C:\Users\robcecil\Desktop\ps2_turret_ir_integration\SoftConsole\turret_servo_mss_design_MSS_CM3_0\turret_servo_mss_design_MSS_CM3_0_hw_platform\Debug\libturret_servo_mss_design_MSS_CM3_0_hw_platform.a(core_spi.o)
 .comment       0x0000012d       0x2b C:\Users\robcecil\Desktop\ps2_turret_ir_integration\SoftConsole\turret_servo_mss_design_MSS_CM3_0\turret_servo_mss_design_MSS_CM3_0_hw_platform\Debug\libturret_servo_mss_design_MSS_CM3_0_hw_platform.a(system_a2fxxxm3.o)
 .comment       0x00000158       0x2b C:\Users\robcecil\Desktop\ps2_turret_ir_integration\SoftConsole\turret_servo_mss_design_MSS_CM3_0\turret_servo_mss_design_MSS_CM3_0_hw_platform\Debug\libturret_servo_mss_design_MSS_CM3_0_hw_platform.a(hal_assert.o)

.debug_aranges  0x00000000      0x538
 *(.debug_aranges)
 .debug_aranges
                0x00000000      0x138 ./main.o
 .debug_aranges
                0x00000138       0xa8 C:/Users/robcecil/Desktop/ps2_turret_ir_integration/SoftConsole/turret_servo_mss_design_MSS_CM3_0/turret_servo_mss_design_MSS_CM3_0_hw_platform/Debug/CMSIS/startup_gcc/newlib_stubs.o
 .debug_aranges
                0x000001e0       0xd8 C:\Users\robcecil\Desktop\ps2_turret_ir_integration\SoftConsole\turret_servo_mss_design_MSS_CM3_0\turret_servo_mss_design_MSS_CM3_0_hw_platform\Debug\libturret_servo_mss_design_MSS_CM3_0_hw_platform.a(mss_uart.o)
 .debug_aranges
                0x000002b8       0xe0 C:\Users\robcecil\Desktop\ps2_turret_ir_integration\SoftConsole\turret_servo_mss_design_MSS_CM3_0\turret_servo_mss_design_MSS_CM3_0_hw_platform\Debug\libturret_servo_mss_design_MSS_CM3_0_hw_platform.a(mss_spi.o)
 .debug_aranges
                0x00000398       0x60 C:\Users\robcecil\Desktop\ps2_turret_ir_integration\SoftConsole\turret_servo_mss_design_MSS_CM3_0\turret_servo_mss_design_MSS_CM3_0_hw_platform\Debug\libturret_servo_mss_design_MSS_CM3_0_hw_platform.a(mss_gpio.o)
 .debug_aranges
                0x000003f8       0x48 C:\Users\robcecil\Desktop\ps2_turret_ir_integration\SoftConsole\turret_servo_mss_design_MSS_CM3_0\turret_servo_mss_design_MSS_CM3_0_hw_platform\Debug\libturret_servo_mss_design_MSS_CM3_0_hw_platform.a(core_uart_apb.o)
 .debug_aranges
                0x00000440       0xa8 C:\Users\robcecil\Desktop\ps2_turret_ir_integration\SoftConsole\turret_servo_mss_design_MSS_CM3_0\turret_servo_mss_design_MSS_CM3_0_hw_platform\Debug\libturret_servo_mss_design_MSS_CM3_0_hw_platform.a(core_spi.o)
 .debug_aranges
                0x000004e8       0x30 C:\Users\robcecil\Desktop\ps2_turret_ir_integration\SoftConsole\turret_servo_mss_design_MSS_CM3_0\turret_servo_mss_design_MSS_CM3_0_hw_platform\Debug\libturret_servo_mss_design_MSS_CM3_0_hw_platform.a(system_a2fxxxm3.o)
 .debug_aranges
                0x00000518       0x20 C:\Users\robcecil\Desktop\ps2_turret_ir_integration\SoftConsole\turret_servo_mss_design_MSS_CM3_0\turret_servo_mss_design_MSS_CM3_0_hw_platform\Debug\libturret_servo_mss_design_MSS_CM3_0_hw_platform.a(hal_assert.o)

.debug_pubnames
                0x00000000      0xa49
 *(.debug_pubnames)
 .debug_pubnames
                0x00000000      0x1a8 ./main.o
 .debug_pubnames
                0x000001a8       0xeb C:/Users/robcecil/Desktop/ps2_turret_ir_integration/SoftConsole/turret_servo_mss_design_MSS_CM3_0/turret_servo_mss_design_MSS_CM3_0_hw_platform/Debug/CMSIS/startup_gcc/newlib_stubs.o
 .debug_pubnames
                0x00000293      0x21c C:\Users\robcecil\Desktop\ps2_turret_ir_integration\SoftConsole\turret_servo_mss_design_MSS_CM3_0\turret_servo_mss_design_MSS_CM3_0_hw_platform\Debug\libturret_servo_mss_design_MSS_CM3_0_hw_platform.a(mss_uart.o)
 .debug_pubnames
                0x000004af      0x21a C:\Users\robcecil\Desktop\ps2_turret_ir_integration\SoftConsole\turret_servo_mss_design_MSS_CM3_0\turret_servo_mss_design_MSS_CM3_0_hw_platform\Debug\libturret_servo_mss_design_MSS_CM3_0_hw_platform.a(mss_spi.o)
 .debug_pubnames
                0x000006c9       0xb1 C:\Users\robcecil\Desktop\ps2_turret_ir_integration\SoftConsole\turret_servo_mss_design_MSS_CM3_0\turret_servo_mss_design_MSS_CM3_0_hw_platform\Debug\libturret_servo_mss_design_MSS_CM3_0_hw_platform.a(mss_gpio.o)
 .debug_pubnames
                0x0000077a       0x85 C:\Users\robcecil\Desktop\ps2_turret_ir_integration\SoftConsole\turret_servo_mss_design_MSS_CM3_0\turret_servo_mss_design_MSS_CM3_0_hw_platform\Debug\libturret_servo_mss_design_MSS_CM3_0_hw_platform.a(core_uart_apb.o)
 .debug_pubnames
                0x000007ff      0x170 C:\Users\robcecil\Desktop\ps2_turret_ir_integration\SoftConsole\turret_servo_mss_design_MSS_CM3_0\turret_servo_mss_design_MSS_CM3_0_hw_platform\Debug\libturret_servo_mss_design_MSS_CM3_0_hw_platform.a(core_spi.o)
 .debug_pubnames
                0x0000096f       0xb4 C:\Users\robcecil\Desktop\ps2_turret_ir_integration\SoftConsole\turret_servo_mss_design_MSS_CM3_0\turret_servo_mss_design_MSS_CM3_0_hw_platform\Debug\libturret_servo_mss_design_MSS_CM3_0_hw_platform.a(system_a2fxxxm3.o)
 .debug_pubnames
                0x00000a23       0x26 C:\Users\robcecil\Desktop\ps2_turret_ir_integration\SoftConsole\turret_servo_mss_design_MSS_CM3_0\turret_servo_mss_design_MSS_CM3_0_hw_platform\Debug\libturret_servo_mss_design_MSS_CM3_0_hw_platform.a(hal_assert.o)

.debug_info     0x00000000     0x8353
 *(.debug_info .gnu.linkonce.wi.*)
 .debug_info    0x00000000     0x2130 ./main.o
 .debug_info    0x00002130     0x10f0 C:/Users/robcecil/Desktop/ps2_turret_ir_integration/SoftConsole/turret_servo_mss_design_MSS_CM3_0/turret_servo_mss_design_MSS_CM3_0_hw_platform/Debug/CMSIS/startup_gcc/newlib_stubs.o
 .debug_info    0x00003220     0x15a4 C:\Users\robcecil\Desktop\ps2_turret_ir_integration\SoftConsole\turret_servo_mss_design_MSS_CM3_0\turret_servo_mss_design_MSS_CM3_0_hw_platform\Debug\libturret_servo_mss_design_MSS_CM3_0_hw_platform.a(mss_uart.o)
 .debug_info    0x000047c4     0x1472 C:\Users\robcecil\Desktop\ps2_turret_ir_integration\SoftConsole\turret_servo_mss_design_MSS_CM3_0\turret_servo_mss_design_MSS_CM3_0_hw_platform\Debug\libturret_servo_mss_design_MSS_CM3_0_hw_platform.a(mss_spi.o)
 .debug_info    0x00005c36     0x1114 C:\Users\robcecil\Desktop\ps2_turret_ir_integration\SoftConsole\turret_servo_mss_design_MSS_CM3_0\turret_servo_mss_design_MSS_CM3_0_hw_platform\Debug\libturret_servo_mss_design_MSS_CM3_0_hw_platform.a(mss_gpio.o)
 .debug_info    0x00006d4a      0x526 C:\Users\robcecil\Desktop\ps2_turret_ir_integration\SoftConsole\turret_servo_mss_design_MSS_CM3_0\turret_servo_mss_design_MSS_CM3_0_hw_platform\Debug\libturret_servo_mss_design_MSS_CM3_0_hw_platform.a(core_uart_apb.o)
 .debug_info    0x00007270      0xa79 C:\Users\robcecil\Desktop\ps2_turret_ir_integration\SoftConsole\turret_servo_mss_design_MSS_CM3_0\turret_servo_mss_design_MSS_CM3_0_hw_platform\Debug\libturret_servo_mss_design_MSS_CM3_0_hw_platform.a(core_spi.o)
 .debug_info    0x00007ce9      0x53c C:\Users\robcecil\Desktop\ps2_turret_ir_integration\SoftConsole\turret_servo_mss_design_MSS_CM3_0\turret_servo_mss_design_MSS_CM3_0_hw_platform\Debug\libturret_servo_mss_design_MSS_CM3_0_hw_platform.a(system_a2fxxxm3.o)
 .debug_info    0x00008225      0x12e C:\Users\robcecil\Desktop\ps2_turret_ir_integration\SoftConsole\turret_servo_mss_design_MSS_CM3_0\turret_servo_mss_design_MSS_CM3_0_hw_platform\Debug\libturret_servo_mss_design_MSS_CM3_0_hw_platform.a(hal_assert.o)

.debug_abbrev   0x00000000      0xecf
 *(.debug_abbrev)
 .debug_abbrev  0x00000000      0x2d6 ./main.o
 .debug_abbrev  0x000002d6      0x1f4 C:/Users/robcecil/Desktop/ps2_turret_ir_integration/SoftConsole/turret_servo_mss_design_MSS_CM3_0/turret_servo_mss_design_MSS_CM3_0_hw_platform/Debug/CMSIS/startup_gcc/newlib_stubs.o
 .debug_abbrev  0x000004ca      0x245 C:\Users\robcecil\Desktop\ps2_turret_ir_integration\SoftConsole\turret_servo_mss_design_MSS_CM3_0\turret_servo_mss_design_MSS_CM3_0_hw_platform\Debug\libturret_servo_mss_design_MSS_CM3_0_hw_platform.a(mss_uart.o)
 .debug_abbrev  0x0000070f      0x219 C:\Users\robcecil\Desktop\ps2_turret_ir_integration\SoftConsole\turret_servo_mss_design_MSS_CM3_0\turret_servo_mss_design_MSS_CM3_0_hw_platform\Debug\libturret_servo_mss_design_MSS_CM3_0_hw_platform.a(mss_spi.o)
 .debug_abbrev  0x00000928      0x181 C:\Users\robcecil\Desktop\ps2_turret_ir_integration\SoftConsole\turret_servo_mss_design_MSS_CM3_0\turret_servo_mss_design_MSS_CM3_0_hw_platform\Debug\libturret_servo_mss_design_MSS_CM3_0_hw_platform.a(mss_gpio.o)
 .debug_abbrev  0x00000aa9      0x119 C:\Users\robcecil\Desktop\ps2_turret_ir_integration\SoftConsole\turret_servo_mss_design_MSS_CM3_0\turret_servo_mss_design_MSS_CM3_0_hw_platform\Debug\libturret_servo_mss_design_MSS_CM3_0_hw_platform.a(core_uart_apb.o)
 .debug_abbrev  0x00000bc2      0x16c C:\Users\robcecil\Desktop\ps2_turret_ir_integration\SoftConsole\turret_servo_mss_design_MSS_CM3_0\turret_servo_mss_design_MSS_CM3_0_hw_platform\Debug\libturret_servo_mss_design_MSS_CM3_0_hw_platform.a(core_spi.o)
 .debug_abbrev  0x00000d2e      0x111 C:\Users\robcecil\Desktop\ps2_turret_ir_integration\SoftConsole\turret_servo_mss_design_MSS_CM3_0\turret_servo_mss_design_MSS_CM3_0_hw_platform\Debug\libturret_servo_mss_design_MSS_CM3_0_hw_platform.a(system_a2fxxxm3.o)
 .debug_abbrev  0x00000e3f       0x90 C:\Users\robcecil\Desktop\ps2_turret_ir_integration\SoftConsole\turret_servo_mss_design_MSS_CM3_0\turret_servo_mss_design_MSS_CM3_0_hw_platform\Debug\libturret_servo_mss_design_MSS_CM3_0_hw_platform.a(hal_assert.o)

.debug_line     0x00000000     0x336c
 *(.debug_line)
 .debug_line    0x00000000      0xfac ./main.o
 .debug_line    0x00000fac      0x509 C:/Users/robcecil/Desktop/ps2_turret_ir_integration/SoftConsole/turret_servo_mss_design_MSS_CM3_0/turret_servo_mss_design_MSS_CM3_0_hw_platform/Debug/CMSIS/startup_gcc/newlib_stubs.o
 .debug_line    0x000014b5      0x575 C:\Users\robcecil\Desktop\ps2_turret_ir_integration\SoftConsole\turret_servo_mss_design_MSS_CM3_0\turret_servo_mss_design_MSS_CM3_0_hw_platform\Debug\libturret_servo_mss_design_MSS_CM3_0_hw_platform.a(mss_uart.o)
 .debug_line    0x00001a2a      0x71a C:\Users\robcecil\Desktop\ps2_turret_ir_integration\SoftConsole\turret_servo_mss_design_MSS_CM3_0\turret_servo_mss_design_MSS_CM3_0_hw_platform\Debug\libturret_servo_mss_design_MSS_CM3_0_hw_platform.a(mss_spi.o)
 .debug_line    0x00002144      0x326 C:\Users\robcecil\Desktop\ps2_turret_ir_integration\SoftConsole\turret_servo_mss_design_MSS_CM3_0\turret_servo_mss_design_MSS_CM3_0_hw_platform\Debug\libturret_servo_mss_design_MSS_CM3_0_hw_platform.a(mss_gpio.o)
 .debug_line    0x0000246a      0x343 C:\Users\robcecil\Desktop\ps2_turret_ir_integration\SoftConsole\turret_servo_mss_design_MSS_CM3_0\turret_servo_mss_design_MSS_CM3_0_hw_platform\Debug\libturret_servo_mss_design_MSS_CM3_0_hw_platform.a(core_uart_apb.o)
 .debug_line    0x000027ad      0x701 C:\Users\robcecil\Desktop\ps2_turret_ir_integration\SoftConsole\turret_servo_mss_design_MSS_CM3_0\turret_servo_mss_design_MSS_CM3_0_hw_platform\Debug\libturret_servo_mss_design_MSS_CM3_0_hw_platform.a(core_spi.o)
 .debug_line    0x00002eae      0x27b C:\Users\robcecil\Desktop\ps2_turret_ir_integration\SoftConsole\turret_servo_mss_design_MSS_CM3_0\turret_servo_mss_design_MSS_CM3_0_hw_platform\Debug\libturret_servo_mss_design_MSS_CM3_0_hw_platform.a(system_a2fxxxm3.o)
 .debug_line    0x00003129      0x243 C:\Users\robcecil\Desktop\ps2_turret_ir_integration\SoftConsole\turret_servo_mss_design_MSS_CM3_0\turret_servo_mss_design_MSS_CM3_0_hw_platform\Debug\libturret_servo_mss_design_MSS_CM3_0_hw_platform.a(hal_assert.o)

.debug_frame    0x00000000     0x1d5c
 *(.debug_frame)
 .debug_frame   0x00000000      0x428 ./main.o
 .debug_frame   0x00000428      0x220 C:/Users/robcecil/Desktop/ps2_turret_ir_integration/SoftConsole/turret_servo_mss_design_MSS_CM3_0/turret_servo_mss_design_MSS_CM3_0_hw_platform/Debug/CMSIS/startup_gcc/newlib_stubs.o
 .debug_frame   0x00000648      0x2e4 C:\Users\robcecil\Desktop\ps2_turret_ir_integration\SoftConsole\turret_servo_mss_design_MSS_CM3_0\turret_servo_mss_design_MSS_CM3_0_hw_platform\Debug\libturret_servo_mss_design_MSS_CM3_0_hw_platform.a(mss_uart.o)
 .debug_frame   0x0000092c      0x320 C:\Users\robcecil\Desktop\ps2_turret_ir_integration\SoftConsole\turret_servo_mss_design_MSS_CM3_0\turret_servo_mss_design_MSS_CM3_0_hw_platform\Debug\libturret_servo_mss_design_MSS_CM3_0_hw_platform.a(mss_spi.o)
 .debug_frame   0x00000c4c      0x118 C:\Users\robcecil\Desktop\ps2_turret_ir_integration\SoftConsole\turret_servo_mss_design_MSS_CM3_0\turret_servo_mss_design_MSS_CM3_0_hw_platform\Debug\libturret_servo_mss_design_MSS_CM3_0_hw_platform.a(mss_gpio.o)
 .debug_frame   0x00000d64       0xd0 C:\Users\robcecil\Desktop\ps2_turret_ir_integration\SoftConsole\turret_servo_mss_design_MSS_CM3_0\turret_servo_mss_design_MSS_CM3_0_hw_platform\Debug\libturret_servo_mss_design_MSS_CM3_0_hw_platform.a(core_uart_apb.o)
 .debug_frame   0x00000e34      0x250 C:\Users\robcecil\Desktop\ps2_turret_ir_integration\SoftConsole\turret_servo_mss_design_MSS_CM3_0\turret_servo_mss_design_MSS_CM3_0_hw_platform\Debug\libturret_servo_mss_design_MSS_CM3_0_hw_platform.a(core_spi.o)
 .debug_frame   0x00001084       0x64 C:\Users\robcecil\Desktop\ps2_turret_ir_integration\SoftConsole\turret_servo_mss_design_MSS_CM3_0\turret_servo_mss_design_MSS_CM3_0_hw_platform\Debug\libturret_servo_mss_design_MSS_CM3_0_hw_platform.a(system_a2fxxxm3.o)
 .debug_frame   0x000010e8       0x2c C:\Users\robcecil\Desktop\ps2_turret_ir_integration\SoftConsole\turret_servo_mss_design_MSS_CM3_0\turret_servo_mss_design_MSS_CM3_0_hw_platform\Debug\libturret_servo_mss_design_MSS_CM3_0_hw_platform.a(hal_assert.o)
 .debug_frame   0x00001114       0x20 c:/microsemi/softconsole v3.3/sourcery-g++/bin/../lib/gcc/arm-none-eabi/4.4.1/../../../../arm-none-eabi/lib/thumb2\libc.a(lib_a-errno.o)
 .debug_frame   0x00001134       0x2c c:/microsemi/softconsole v3.3/sourcery-g++/bin/../lib/gcc/arm-none-eabi/4.4.1/../../../../arm-none-eabi/lib/thumb2\libc.a(lib_a-init.o)
 .debug_frame   0x00001160       0x28 c:/microsemi/softconsole v3.3/sourcery-g++/bin/../lib/gcc/arm-none-eabi/4.4.1/../../../../arm-none-eabi/lib/thumb2\libc.a(lib_a-memset.o)
 .debug_frame   0x00001188       0x5c c:/microsemi/softconsole v3.3/sourcery-g++/bin/../lib/gcc/arm-none-eabi/4.4.1/../../../../arm-none-eabi/lib/thumb2\libc.a(lib_a-printf.o)
 .debug_frame   0x000011e4       0x40 c:/microsemi/softconsole v3.3/sourcery-g++/bin/../lib/gcc/arm-none-eabi/4.4.1/../../../../arm-none-eabi/lib/thumb2\libc.a(lib_a-puts.o)
 .debug_frame   0x00001224       0x20 c:/microsemi/softconsole v3.3/sourcery-g++/bin/../lib/gcc/arm-none-eabi/4.4.1/../../../../arm-none-eabi/lib/thumb2\libc.a(lib_a-strlen.o)
 .debug_frame   0x00001244       0x70 c:/microsemi/softconsole v3.3/sourcery-g++/bin/../lib/gcc/arm-none-eabi/4.4.1/../../../../arm-none-eabi/lib/thumb2\libc.a(lib_a-vfprintf.o)
 .debug_frame   0x000012b4       0x2c c:/microsemi/softconsole v3.3/sourcery-g++/bin/../lib/gcc/arm-none-eabi/4.4.1/../../../../arm-none-eabi/lib/thumb2\libc.a(lib_a-wsetup.o)
 .debug_frame   0x000012e0       0x64 c:/microsemi/softconsole v3.3/sourcery-g++/bin/../lib/gcc/arm-none-eabi/4.4.1/../../../../arm-none-eabi/lib/thumb2\libc.a(lib_a-dtoa.o)
 .debug_frame   0x00001344       0x40 c:/microsemi/softconsole v3.3/sourcery-g++/bin/../lib/gcc/arm-none-eabi/4.4.1/../../../../arm-none-eabi/lib/thumb2\libc.a(lib_a-fflush.o)
 .debug_frame   0x00001384      0x11c c:/microsemi/softconsole v3.3/sourcery-g++/bin/../lib/gcc/arm-none-eabi/4.4.1/../../../../arm-none-eabi/lib/thumb2\libc.a(lib_a-findfp.o)
 .debug_frame   0x000014a0       0x50 c:/microsemi/softconsole v3.3/sourcery-g++/bin/../lib/gcc/arm-none-eabi/4.4.1/../../../../arm-none-eabi/lib/thumb2\libc.a(lib_a-freer.o)
 .debug_frame   0x000014f0       0x3c c:/microsemi/softconsole v3.3/sourcery-g++/bin/../lib/gcc/arm-none-eabi/4.4.1/../../../../arm-none-eabi/lib/thumb2\libc.a(lib_a-fvwrite.o)
 .debug_frame   0x0000152c       0x54 c:/microsemi/softconsole v3.3/sourcery-g++/bin/../lib/gcc/arm-none-eabi/4.4.1/../../../../arm-none-eabi/lib/thumb2\libc.a(lib_a-fwalk.o)
 .debug_frame   0x00001580       0x6c c:/microsemi/softconsole v3.3/sourcery-g++/bin/../lib/gcc/arm-none-eabi/4.4.1/../../../../arm-none-eabi/lib/thumb2\libc.a(lib_a-locale.o)
 .debug_frame   0x000015ec       0x34 c:/microsemi/softconsole v3.3/sourcery-g++/bin/../lib/gcc/arm-none-eabi/4.4.1/../../../../arm-none-eabi/lib/thumb2\libc.a(lib_a-makebuf.o)
 .debug_frame   0x00001620       0x30 c:/microsemi/softconsole v3.3/sourcery-g++/bin/../lib/gcc/arm-none-eabi/4.4.1/../../../../arm-none-eabi/lib/thumb2\libc.a(lib_a-malloc.o)
 .debug_frame   0x00001650       0x3c c:/microsemi/softconsole v3.3/sourcery-g++/bin/../lib/gcc/arm-none-eabi/4.4.1/../../../../arm-none-eabi/lib/thumb2\libc.a(lib_a-mallocr.o)
 .debug_frame   0x0000168c       0x28 c:/microsemi/softconsole v3.3/sourcery-g++/bin/../lib/gcc/arm-none-eabi/4.4.1/../../../../arm-none-eabi/lib/thumb2\libc.a(lib_a-memchr.o)
 .debug_frame   0x000016b4       0x34 c:/microsemi/softconsole v3.3/sourcery-g++/bin/../lib/gcc/arm-none-eabi/4.4.1/../../../../arm-none-eabi/lib/thumb2\libc.a(lib_a-memcpy.o)
 .debug_frame   0x000016e8       0x2c c:/microsemi/softconsole v3.3/sourcery-g++/bin/../lib/gcc/arm-none-eabi/4.4.1/../../../../arm-none-eabi/lib/thumb2\libc.a(lib_a-memmove.o)
 .debug_frame   0x00001714       0x30 c:/microsemi/softconsole v3.3/sourcery-g++/bin/../lib/gcc/arm-none-eabi/4.4.1/../../../../arm-none-eabi/lib/thumb2\libc.a(lib_a-mlock.o)
 .debug_frame   0x00001744      0x240 c:/microsemi/softconsole v3.3/sourcery-g++/bin/../lib/gcc/arm-none-eabi/4.4.1/../../../../arm-none-eabi/lib/thumb2\libc.a(lib_a-mprec.o)
 .debug_frame   0x00001984       0x3c c:/microsemi/softconsole v3.3/sourcery-g++/bin/../lib/gcc/arm-none-eabi/4.4.1/../../../../arm-none-eabi/lib/thumb2\libc.a(lib_a-reallocr.o)
 .debug_frame   0x000019c0       0x20 c:/microsemi/softconsole v3.3/sourcery-g++/bin/../lib/gcc/arm-none-eabi/4.4.1/../../../../arm-none-eabi/lib/thumb2\libc.a(lib_a-s_isinfd.o)
 .debug_frame   0x000019e0       0x20 c:/microsemi/softconsole v3.3/sourcery-g++/bin/../lib/gcc/arm-none-eabi/4.4.1/../../../../arm-none-eabi/lib/thumb2\libc.a(lib_a-s_isnand.o)
 .debug_frame   0x00001a00       0x2c c:/microsemi/softconsole v3.3/sourcery-g++/bin/../lib/gcc/arm-none-eabi/4.4.1/../../../../arm-none-eabi/lib/thumb2\libc.a(lib_a-sbrkr.o)
 .debug_frame   0x00001a2c       0x70 c:/microsemi/softconsole v3.3/sourcery-g++/bin/../lib/gcc/arm-none-eabi/4.4.1/../../../../arm-none-eabi/lib/thumb2\libc.a(lib_a-stdio.o)
 .debug_frame   0x00001a9c       0x30 c:/microsemi/softconsole v3.3/sourcery-g++/bin/../lib/gcc/arm-none-eabi/4.4.1/../../../../arm-none-eabi/lib/thumb2\libc.a(lib_a-strcmp.o)
 .debug_frame   0x00001acc       0x2c c:/microsemi/softconsole v3.3/sourcery-g++/bin/../lib/gcc/arm-none-eabi/4.4.1/../../../../arm-none-eabi/lib/thumb2\libc.a(lib_a-callocr.o)
 .debug_frame   0x00001af8       0x2c c:/microsemi/softconsole v3.3/sourcery-g++/bin/../lib/gcc/arm-none-eabi/4.4.1/../../../../arm-none-eabi/lib/thumb2\libc.a(lib_a-closer.o)
 .debug_frame   0x00001b24       0x3c c:/microsemi/softconsole v3.3/sourcery-g++/bin/../lib/gcc/arm-none-eabi/4.4.1/../../../../arm-none-eabi/lib/thumb2\libc.a(lib_a-fclose.o)
 .debug_frame   0x00001b60       0x2c c:/microsemi/softconsole v3.3/sourcery-g++/bin/../lib/gcc/arm-none-eabi/4.4.1/../../../../arm-none-eabi/lib/thumb2\libc.a(lib_a-fstatr.o)
 .debug_frame   0x00001b8c       0x2c c:/microsemi/softconsole v3.3/sourcery-g++/bin/../lib/gcc/arm-none-eabi/4.4.1/../../../../arm-none-eabi/lib/thumb2\libc.a(lib_a-isattyr.o)
 .debug_frame   0x00001bb8       0x2c c:/microsemi/softconsole v3.3/sourcery-g++/bin/../lib/gcc/arm-none-eabi/4.4.1/../../../../arm-none-eabi/lib/thumb2\libc.a(lib_a-lseekr.o)
 .debug_frame   0x00001be4       0x2c c:/microsemi/softconsole v3.3/sourcery-g++/bin/../lib/gcc/arm-none-eabi/4.4.1/../../../../arm-none-eabi/lib/thumb2\libc.a(lib_a-readr.o)
 .debug_frame   0x00001c10       0x64 c:/microsemi/softconsole v3.3/sourcery-g++/bin/../lib/gcc/arm-none-eabi/4.4.1/../../../../arm-none-eabi/lib/thumb2\libc.a(lib_a-reent.o)
 .debug_frame   0x00001c74       0x20 c:/microsemi/softconsole v3.3/sourcery-g++/bin/../lib/gcc/arm-none-eabi/4.4.1/thumb2\libgcc.a(_udivsi3.o)
 .debug_frame   0x00001c94       0x50 c:/microsemi/softconsole v3.3/sourcery-g++/bin/../lib/gcc/arm-none-eabi/4.4.1/thumb2\libgcc.a(bpabi.o)
 .debug_frame   0x00001ce4       0x3c c:/microsemi/softconsole v3.3/sourcery-g++/bin/../lib/gcc/arm-none-eabi/4.4.1/thumb2\libgcc.a(_divdi3.o)
 .debug_frame   0x00001d20       0x3c c:/microsemi/softconsole v3.3/sourcery-g++/bin/../lib/gcc/arm-none-eabi/4.4.1/thumb2\libgcc.a(_udivdi3.o)

.debug_str      0x00000000     0x2a77
 *(.debug_str)
 .debug_str     0x00000000     0x1cbc ./main.o
                               0x1ef2 (size before relaxing)
 .debug_str     0x00001cbc      0x297 C:/Users/robcecil/Desktop/ps2_turret_ir_integration/SoftConsole/turret_servo_mss_design_MSS_CM3_0/turret_servo_mss_design_MSS_CM3_0_hw_platform/Debug/CMSIS/startup_gcc/newlib_stubs.o
                               0x10d6 (size before relaxing)
 .debug_str     0x00001f53      0x2fb C:\Users\robcecil\Desktop\ps2_turret_ir_integration\SoftConsole\turret_servo_mss_design_MSS_CM3_0\turret_servo_mss_design_MSS_CM3_0_hw_platform\Debug\libturret_servo_mss_design_MSS_CM3_0_hw_platform.a(mss_uart.o)
                               0x14e7 (size before relaxing)
 .debug_str     0x0000224e      0x359 C:\Users\robcecil\Desktop\ps2_turret_ir_integration\SoftConsole\turret_servo_mss_design_MSS_CM3_0\turret_servo_mss_design_MSS_CM3_0_hw_platform\Debug\libturret_servo_mss_design_MSS_CM3_0_hw_platform.a(mss_spi.o)
                               0x16f8 (size before relaxing)
 .debug_str     0x000025a7      0x2df C:\Users\robcecil\Desktop\ps2_turret_ir_integration\SoftConsole\turret_servo_mss_design_MSS_CM3_0\turret_servo_mss_design_MSS_CM3_0_hw_platform\Debug\libturret_servo_mss_design_MSS_CM3_0_hw_platform.a(mss_gpio.o)
                               0x12bf (size before relaxing)
 .debug_str     0x00002886       0x60 C:\Users\robcecil\Desktop\ps2_turret_ir_integration\SoftConsole\turret_servo_mss_design_MSS_CM3_0\turret_servo_mss_design_MSS_CM3_0_hw_platform\Debug\libturret_servo_mss_design_MSS_CM3_0_hw_platform.a(core_uart_apb.o)
                                0x2a6 (size before relaxing)
 .debug_str     0x000028e6       0x41 C:\Users\robcecil\Desktop\ps2_turret_ir_integration\SoftConsole\turret_servo_mss_design_MSS_CM3_0\turret_servo_mss_design_MSS_CM3_0_hw_platform\Debug\libturret_servo_mss_design_MSS_CM3_0_hw_platform.a(core_spi.o)
                                0x622 (size before relaxing)
 .debug_str     0x00002927       0xf7 C:\Users\robcecil\Desktop\ps2_turret_ir_integration\SoftConsole\turret_servo_mss_design_MSS_CM3_0\turret_servo_mss_design_MSS_CM3_0_hw_platform\Debug\libturret_servo_mss_design_MSS_CM3_0_hw_platform.a(system_a2fxxxm3.o)
                                0x48a (size before relaxing)
 .debug_str     0x00002a1e       0x59 C:\Users\robcecil\Desktop\ps2_turret_ir_integration\SoftConsole\turret_servo_mss_design_MSS_CM3_0\turret_servo_mss_design_MSS_CM3_0_hw_platform\Debug\libturret_servo_mss_design_MSS_CM3_0_hw_platform.a(hal_assert.o)
                                0x1a5 (size before relaxing)

.debug_loc      0x00000000     0x1d34
 *(.debug_loc)
 .debug_loc     0x00000000      0x716 ./main.o
 .debug_loc     0x00000716      0x3c6 C:/Users/robcecil/Desktop/ps2_turret_ir_integration/SoftConsole/turret_servo_mss_design_MSS_CM3_0/turret_servo_mss_design_MSS_CM3_0_hw_platform/Debug/CMSIS/startup_gcc/newlib_stubs.o
 .debug_loc     0x00000adc      0x510 C:\Users\robcecil\Desktop\ps2_turret_ir_integration\SoftConsole\turret_servo_mss_design_MSS_CM3_0\turret_servo_mss_design_MSS_CM3_0_hw_platform\Debug\libturret_servo_mss_design_MSS_CM3_0_hw_platform.a(mss_uart.o)
 .debug_loc     0x00000fec      0x549 C:\Users\robcecil\Desktop\ps2_turret_ir_integration\SoftConsole\turret_servo_mss_design_MSS_CM3_0\turret_servo_mss_design_MSS_CM3_0_hw_platform\Debug\libturret_servo_mss_design_MSS_CM3_0_hw_platform.a(mss_spi.o)
 .debug_loc     0x00001535      0x1ef C:\Users\robcecil\Desktop\ps2_turret_ir_integration\SoftConsole\turret_servo_mss_design_MSS_CM3_0\turret_servo_mss_design_MSS_CM3_0_hw_platform\Debug\libturret_servo_mss_design_MSS_CM3_0_hw_platform.a(mss_gpio.o)
 .debug_loc     0x00001724      0x154 C:\Users\robcecil\Desktop\ps2_turret_ir_integration\SoftConsole\turret_servo_mss_design_MSS_CM3_0\turret_servo_mss_design_MSS_CM3_0_hw_platform\Debug\libturret_servo_mss_design_MSS_CM3_0_hw_platform.a(core_uart_apb.o)
 .debug_loc     0x00001878      0x3ec C:\Users\robcecil\Desktop\ps2_turret_ir_integration\SoftConsole\turret_servo_mss_design_MSS_CM3_0\turret_servo_mss_design_MSS_CM3_0_hw_platform\Debug\libturret_servo_mss_design_MSS_CM3_0_hw_platform.a(core_spi.o)
 .debug_loc     0x00001c64       0x99 C:\Users\robcecil\Desktop\ps2_turret_ir_integration\SoftConsole\turret_servo_mss_design_MSS_CM3_0\turret_servo_mss_design_MSS_CM3_0_hw_platform\Debug\libturret_servo_mss_design_MSS_CM3_0_hw_platform.a(system_a2fxxxm3.o)
 .debug_loc     0x00001cfd       0x37 C:\Users\robcecil\Desktop\ps2_turret_ir_integration\SoftConsole\turret_servo_mss_design_MSS_CM3_0\turret_servo_mss_design_MSS_CM3_0_hw_platform\Debug\libturret_servo_mss_design_MSS_CM3_0_hw_platform.a(hal_assert.o)

.debug_macinfo  0x00000000    0x35593
 *(.debug_macinfo)
 .debug_macinfo
                0x00000000     0x9d22 ./main.o
 .debug_macinfo
                0x00009d22     0x9965 C:/Users/robcecil/Desktop/ps2_turret_ir_integration/SoftConsole/turret_servo_mss_design_MSS_CM3_0/turret_servo_mss_design_MSS_CM3_0_hw_platform/Debug/CMSIS/startup_gcc/newlib_stubs.o
 .debug_macinfo
                0x00013687     0x63e4 C:\Users\robcecil\Desktop\ps2_turret_ir_integration\SoftConsole\turret_servo_mss_design_MSS_CM3_0\turret_servo_mss_design_MSS_CM3_0_hw_platform\Debug\libturret_servo_mss_design_MSS_CM3_0_hw_platform.a(mss_uart.o)
 .debug_macinfo
                0x00019a6b     0x755a C:\Users\robcecil\Desktop\ps2_turret_ir_integration\SoftConsole\turret_servo_mss_design_MSS_CM3_0\turret_servo_mss_design_MSS_CM3_0_hw_platform\Debug\libturret_servo_mss_design_MSS_CM3_0_hw_platform.a(mss_spi.o)
 .debug_macinfo
                0x00020fc5     0x5cfb C:\Users\robcecil\Desktop\ps2_turret_ir_integration\SoftConsole\turret_servo_mss_design_MSS_CM3_0\turret_servo_mss_design_MSS_CM3_0_hw_platform\Debug\libturret_servo_mss_design_MSS_CM3_0_hw_platform.a(mss_gpio.o)
 .debug_macinfo
                0x00026cc0     0x2451 C:\Users\robcecil\Desktop\ps2_turret_ir_integration\SoftConsole\turret_servo_mss_design_MSS_CM3_0\turret_servo_mss_design_MSS_CM3_0_hw_platform\Debug\libturret_servo_mss_design_MSS_CM3_0_hw_platform.a(core_uart_apb.o)
 .debug_macinfo
                0x00029111     0x4ced C:\Users\robcecil\Desktop\ps2_turret_ir_integration\SoftConsole\turret_servo_mss_design_MSS_CM3_0\turret_servo_mss_design_MSS_CM3_0_hw_platform\Debug\libturret_servo_mss_design_MSS_CM3_0_hw_platform.a(core_spi.o)
 .debug_macinfo
                0x0002ddfe     0x5a99 C:\Users\robcecil\Desktop\ps2_turret_ir_integration\SoftConsole\turret_servo_mss_design_MSS_CM3_0\turret_servo_mss_design_MSS_CM3_0_hw_platform\Debug\libturret_servo_mss_design_MSS_CM3_0_hw_platform.a(system_a2fxxxm3.o)
 .debug_macinfo
                0x00033897     0x1cfc C:\Users\robcecil\Desktop\ps2_turret_ir_integration\SoftConsole\turret_servo_mss_design_MSS_CM3_0\turret_servo_mss_design_MSS_CM3_0_hw_platform\Debug\libturret_servo_mss_design_MSS_CM3_0_hw_platform.a(hal_assert.o)

.debug_weaknames
 *(.debug_weaknames)

.debug_funcnames
 *(.debug_funcnames)

.debug_typenames
 *(.debug_typenames)

.debug_varnames
 *(.debug_varnames)

.note.gnu.arm.ident
 *(.note.gnu.arm.ident)

.ARM.attributes
                0x00000000       0x25
 *(.ARM.attributes)
 .ARM.attributes
                0x00000000       0x19 c:/microsemi/softconsole v3.3/sourcery-g++/bin/../lib/gcc/arm-none-eabi/4.4.1/thumb2/crti.o
 .ARM.attributes
                0x00000019       0x29 c:/microsemi/softconsole v3.3/sourcery-g++/bin/../lib/gcc/arm-none-eabi/4.4.1/thumb2/crtbegin.o
 .ARM.attributes
                0x00000042       0x31 ./main.o
 .ARM.attributes
                0x00000073       0x21 C:/Users/robcecil/Desktop/ps2_turret_ir_integration/SoftConsole/turret_servo_mss_design_MSS_CM3_0/turret_servo_mss_design_MSS_CM3_0_hw_platform/Debug/CMSIS/startup_gcc/startup_a2fxxxm3.o
 .ARM.attributes
                0x00000094       0x31 C:/Users/robcecil/Desktop/ps2_turret_ir_integration/SoftConsole/turret_servo_mss_design_MSS_CM3_0/turret_servo_mss_design_MSS_CM3_0_hw_platform/Debug/CMSIS/startup_gcc/newlib_stubs.o
 .ARM.attributes
                0x000000c5       0x31 C:\Users\robcecil\Desktop\ps2_turret_ir_integration\SoftConsole\turret_servo_mss_design_MSS_CM3_0\turret_servo_mss_design_MSS_CM3_0_hw_platform\Debug\libturret_servo_mss_design_MSS_CM3_0_hw_platform.a(mss_uart.o)
 .ARM.attributes
                0x000000f6       0x31 C:\Users\robcecil\Desktop\ps2_turret_ir_integration\SoftConsole\turret_servo_mss_design_MSS_CM3_0\turret_servo_mss_design_MSS_CM3_0_hw_platform\Debug\libturret_servo_mss_design_MSS_CM3_0_hw_platform.a(mss_spi.o)
 .ARM.attributes
                0x00000127       0x31 C:\Users\robcecil\Desktop\ps2_turret_ir_integration\SoftConsole\turret_servo_mss_design_MSS_CM3_0\turret_servo_mss_design_MSS_CM3_0_hw_platform\Debug\libturret_servo_mss_design_MSS_CM3_0_hw_platform.a(mss_gpio.o)
 .ARM.attributes
                0x00000158       0x31 C:\Users\robcecil\Desktop\ps2_turret_ir_integration\SoftConsole\turret_servo_mss_design_MSS_CM3_0\turret_servo_mss_design_MSS_CM3_0_hw_platform\Debug\libturret_servo_mss_design_MSS_CM3_0_hw_platform.a(core_uart_apb.o)
 .ARM.attributes
                0x00000189       0x31 C:\Users\robcecil\Desktop\ps2_turret_ir_integration\SoftConsole\turret_servo_mss_design_MSS_CM3_0\turret_servo_mss_design_MSS_CM3_0_hw_platform\Debug\libturret_servo_mss_design_MSS_CM3_0_hw_platform.a(core_spi.o)
 .ARM.attributes
                0x000001ba       0x31 C:\Users\robcecil\Desktop\ps2_turret_ir_integration\SoftConsole\turret_servo_mss_design_MSS_CM3_0\turret_servo_mss_design_MSS_CM3_0_hw_platform\Debug\libturret_servo_mss_design_MSS_CM3_0_hw_platform.a(system_a2fxxxm3.o)
 .ARM.attributes
                0x000001eb       0x31 C:\Users\robcecil\Desktop\ps2_turret_ir_integration\SoftConsole\turret_servo_mss_design_MSS_CM3_0\turret_servo_mss_design_MSS_CM3_0_hw_platform\Debug\libturret_servo_mss_design_MSS_CM3_0_hw_platform.a(hal_assert.o)
 .ARM.attributes
                0x0000021c       0x21 C:\Users\robcecil\Desktop\ps2_turret_ir_integration\SoftConsole\turret_servo_mss_design_MSS_CM3_0\turret_servo_mss_design_MSS_CM3_0_hw_platform\Debug\libturret_servo_mss_design_MSS_CM3_0_hw_platform.a(hw_reg_access.o)
 .ARM.attributes
                0x0000023d       0x29 c:/microsemi/softconsole v3.3/sourcery-g++/bin/../lib/gcc/arm-none-eabi/4.4.1/../../../../arm-none-eabi/lib/thumb2\libc.a(lib_a-errno.o)
 .ARM.attributes
                0x00000266       0x29 c:/microsemi/softconsole v3.3/sourcery-g++/bin/../lib/gcc/arm-none-eabi/4.4.1/../../../../arm-none-eabi/lib/thumb2\libc.a(lib_a-impure.o)
 .ARM.attributes
                0x0000028f       0x29 c:/microsemi/softconsole v3.3/sourcery-g++/bin/../lib/gcc/arm-none-eabi/4.4.1/../../../../arm-none-eabi/lib/thumb2\libc.a(lib_a-init.o)
 .ARM.attributes
                0x000002b8       0x29 c:/microsemi/softconsole v3.3/sourcery-g++/bin/../lib/gcc/arm-none-eabi/4.4.1/../../../../arm-none-eabi/lib/thumb2\libc.a(lib_a-memset.o)
 .ARM.attributes
                0x000002e1       0x29 c:/microsemi/softconsole v3.3/sourcery-g++/bin/../lib/gcc/arm-none-eabi/4.4.1/../../../../arm-none-eabi/lib/thumb2\libc.a(lib_a-printf.o)
 .ARM.attributes
                0x0000030a       0x29 c:/microsemi/softconsole v3.3/sourcery-g++/bin/../lib/gcc/arm-none-eabi/4.4.1/../../../../arm-none-eabi/lib/thumb2\libc.a(lib_a-puts.o)
 .ARM.attributes
                0x00000333       0x29 c:/microsemi/softconsole v3.3/sourcery-g++/bin/../lib/gcc/arm-none-eabi/4.4.1/../../../../arm-none-eabi/lib/thumb2\libc.a(lib_a-strlen.o)
 .ARM.attributes
                0x0000035c       0x29 c:/microsemi/softconsole v3.3/sourcery-g++/bin/../lib/gcc/arm-none-eabi/4.4.1/../../../../arm-none-eabi/lib/thumb2\libc.a(lib_a-vfprintf.o)
 .ARM.attributes
                0x00000385       0x29 c:/microsemi/softconsole v3.3/sourcery-g++/bin/../lib/gcc/arm-none-eabi/4.4.1/../../../../arm-none-eabi/lib/thumb2\libc.a(lib_a-wsetup.o)
 .ARM.attributes