Archive member included because of file (symbol)

C:\Users\robcecil\Desktop\ps2_turret_ir_integration\SoftConsole\turret_servo_mss_design_MSS_CM3_0\turret_servo_mss_design_MSS_CM3_0_hw_platform\Debug\libturret_servo_mss_design_MSS_CM3_0_hw_platform.a(mss_uart.o)
                              ./main.o (g_mss_uart1)
C:\Users\robcecil\Desktop\ps2_turret_ir_integration\SoftConsole\turret_servo_mss_design_MSS_CM3_0\turret_servo_mss_design_MSS_CM3_0_hw_platform\Debug\libturret_servo_mss_design_MSS_CM3_0_hw_platform.a(mss_spi.o)
                              ./main.o (g_mss_spi1)
C:\Users\robcecil\Desktop\ps2_turret_ir_integration\SoftConsole\turret_servo_mss_design_MSS_CM3_0\turret_servo_mss_design_MSS_CM3_0_hw_platform\Debug\libturret_servo_mss_design_MSS_CM3_0_hw_platform.a(mss_gpio.o)
                              ./main.o (MSS_GPIO_config)
C:\Users\robcecil\Desktop\ps2_turret_ir_integration\SoftConsole\turret_servo_mss_design_MSS_CM3_0\turret_servo_mss_design_MSS_CM3_0_hw_platform\Debug\libturret_servo_mss_design_MSS_CM3_0_hw_platform.a(core_uart_apb.o)
                              ./main.o (UART_init)
C:\Users\robcecil\Desktop\ps2_turret_ir_integration\SoftConsole\turret_servo_mss_design_MSS_CM3_0\turret_servo_mss_design_MSS_CM3_0_hw_platform\Debug\libturret_servo_mss_design_MSS_CM3_0_hw_platform.a(core_spi.o)
                              ./main.o (SPI_init)
C:\Users\robcecil\Desktop\ps2_turret_ir_integration\SoftConsole\turret_servo_mss_design_MSS_CM3_0\turret_servo_mss_design_MSS_CM3_0_hw_platform\Debug\libturret_servo_mss_design_MSS_CM3_0_hw_platform.a(system_a2fxxxm3.o)
                              C:\Users\robcecil\Desktop\ps2_turret_ir_integration\SoftConsole\turret_servo_mss_design_MSS_CM3_0\turret_servo_mss_design_MSS_CM3_0_hw_platform\Debug\libturret_servo_mss_design_MSS_CM3_0_hw_platform.a(mss_uart.o) (g_FrequencyPCLK0)
C:\Users\robcecil\Desktop\ps2_turret_ir_integration\SoftConsole\turret_servo_mss_design_MSS_CM3_0\turret_servo_mss_design_MSS_CM3_0_hw_platform\Debug\libturret_servo_mss_design_MSS_CM3_0_hw_platform.a(hal_assert.o)
                              C:\Users\robcecil\Desktop\ps2_turret_ir_integration\SoftConsole\turret_servo_mss_design_MSS_CM3_0\turret_servo_mss_design_MSS_CM3_0_hw_platform\Debug\libturret_servo_mss_design_MSS_CM3_0_hw_platform.a(core_uart_apb.o) (HAL_assert_fail)
C:\Users\robcecil\Desktop\ps2_turret_ir_integration\SoftConsole\turret_servo_mss_design_MSS_CM3_0\turret_servo_mss_design_MSS_CM3_0_hw_platform\Debug\libturret_servo_mss_design_MSS_CM3_0_hw_platform.a(hw_reg_access.o)
                              C:\Users\robcecil\Desktop\ps2_turret_ir_integration\SoftConsole\turret_servo_mss_design_MSS_CM3_0\turret_servo_mss_design_MSS_CM3_0_hw_platform\Debug\libturret_servo_mss_design_MSS_CM3_0_hw_platform.a(core_spi.o) (HW_set_32bit_reg)
c:/microsemi/softconsole v3.3/sourcery-g++/bin/../lib/gcc/arm-none-eabi/4.4.1/../../../../arm-none-eabi/lib/thumb2\libc.a(lib_a-errno.o)
                              C:/Users/robcecil/Desktop/ps2_turret_ir_integration/SoftConsole/turret_servo_mss_design_MSS_CM3_0/turret_servo_mss_design_MSS_CM3_0_hw_platform/Debug/CMSIS/startup_gcc/newlib_stubs.o (__errno)
c:/microsemi/softconsole v3.3/sourcery-g++/bin/../lib/gcc/arm-none-eabi/4.4.1/../../../../arm-none-eabi/lib/thumb2\libc.a(lib_a-impure.o)
                              c:/microsemi/softconsole v3.3/sourcery-g++/bin/../lib/gcc/arm-none-eabi/4.4.1/../../../../arm-none-eabi/lib/thumb2\libc.a(lib_a-errno.o) (_impure_ptr)
c:/microsemi/softconsole v3.3/sourcery-g++/bin/../lib/gcc/arm-none-eabi/4.4.1/../../../../arm-none-eabi/lib/thumb2\libc.a(lib_a-init.o)
                              C:/Users/robcecil/Desktop/ps2_turret_ir_integration/SoftConsole/turret_servo_mss_design_MSS_CM3_0/turret_servo_mss_design_MSS_CM3_0_hw_platform/Debug/CMSIS/startup_gcc/startup_a2fxxxm3.o (__libc_init_array)
c:/microsemi/softconsole v3.3/sourcery-g++/bin/../lib/gcc/arm-none-eabi/4.4.1/../../../../arm-none-eabi/lib/thumb2\libc.a(lib_a-memset.o)
                              C:\Users\robcecil\Desktop\ps2_turret_ir_integration\SoftConsole\turret_servo_mss_design_MSS_CM3_0\turret_servo_mss_design_MSS_CM3_0_hw_platform\Debug\libturret_servo_mss_design_MSS_CM3_0_hw_platform.a(mss_spi.o) (memset)
c:/microsemi/softconsole v3.3/sourcery-g++/bin/../lib/gcc/arm-none-eabi/4.4.1/../../../../arm-none-eabi/lib/thumb2\libc.a(lib_a-puts.o)
                              ./main.o (puts)
c:/microsemi/softconsole v3.3/sourcery-g++/bin/../lib/gcc/arm-none-eabi/4.4.1/../../../../arm-none-eabi/lib/thumb2\libc.a(lib_a-strlen.o)
                              c:/microsemi/softconsole v3.3/sourcery-g++/bin/../lib/gcc/arm-none-eabi/4.4.1/../../../../arm-none-eabi/lib/thumb2\libc.a(lib_a-puts.o) (strlen)
c:/microsemi/softconsole v3.3/sourcery-g++/bin/../lib/gcc/arm-none-eabi/4.4.1/../../../../arm-none-eabi/lib/thumb2\libc.a(lib_a-findfp.o)
[...]
Memory Configuration

Name             Origin             Length             Attributes
rom              0x60000000         0x00040000         xr
romMirror        0x00000000         0x00040000         xr
ram              0x20000000         0x00010000         xrw
*default*        0x00000000         0xffffffff

Linker script and memory map

LOAD c:/microsemi/softconsole v3.3/sourcery-g++/bin/../lib/gcc/arm-none-eabi/4.4.1/thumb2/crti.o
LOAD c:/microsemi/softconsole v3.3/sourcery-g++/bin/../lib/gcc/arm-none-eabi/4.4.1/thumb2/crtbegin.o
LOAD ./main.o
LOAD C:/Users/robcecil/Desktop/ps2_turret_ir_integration/SoftConsole/turret_servo_mss_design_MSS_CM3_0/turret_servo_mss_design_MSS_CM3_0_hw_platform/Debug/CMSIS/startup_gcc/startup_a2fxxxm3.o
LOAD C:/Users/robcecil/Desktop/ps2_turret_ir_integration/SoftConsole/turret_servo_mss_design_MSS_CM3_0/turret_servo_mss_design_MSS_CM3_0_hw_platform/Debug/CMSIS/startup_gcc/newlib_stubs.o
LOAD C:\Users\robcecil\Desktop\ps2_turret_ir_integration\SoftConsole\turret_servo_mss_design_MSS_CM3_0\turret_servo_mss_design_MSS_CM3_0_hw_platform\Debug\libturret_servo_mss_design_MSS_CM3_0_hw_platform.a
START GROUP
LOAD c:/microsemi/softconsole v3.3/sourcery-g++/bin/../lib/gcc/arm-none-eabi/4.4.1/thumb2\libgcc.a
LOAD c:/microsemi/softconsole v3.3/sourcery-g++/bin/../lib/gcc/arm-none-eabi/4.4.1/../../../../arm-none-eabi/lib/thumb2\libc.a
END GROUP
LOAD c:/microsemi/softconsole v3.3/sourcery-g++/bin/../lib/gcc/arm-none-eabi/4.4.1/thumb2/crtend.o
LOAD c:/microsemi/softconsole v3.3/sourcery-g++/bin/../lib/gcc/arm-none-eabi/4.4.1/thumb2/crtn.o
START GROUP
LOAD c:/microsemi/softconsole v3.3/sourcery-g++/bin/../lib/gcc/arm-none-eabi/4.4.1/../../../../arm-none-eabi/lib/thumb2\libc.a
LOAD c:/microsemi/softconsole v3.3/sourcery-g++/bin/../lib/gcc/arm-none-eabi/4.4.1/thumb2\libgcc.a
LOAD c:/microsemi/softconsole v3.3/sourcery-g++/bin/../lib/gcc/arm-none-eabi/4.4.1/../../../../arm-none-eabi/lib/thumb2\libm.a
END GROUP
                0x00000000                __DYNAMIC = 0x0
                0x20000000                RAM_START_ADDRESS = 0x20000000
                0x00010000                RAM_SIZE = 0x10000
                0x00002000                MAIN_STACK_SIZE = 0x2000
                0x00001000                PROCESS_STACK_SIZE = 0x1000
                0x20010000                PROVIDE (__main_stack_start, (RAM_START_ADDRESS + RAM_SIZE))
                0x2000e000                PROVIDE (__process_stack_start, (__main_stack_start - MAIN_STACK_SIZE))
                0x20010000                PROVIDE (_estack, __main_stack_start)
                0x00000001                PROVIDE (__mirrored_nvm, 0x1)

.init           0x00000000      0x470 load address 0x60000000
                0x00000000                __vector_table_vma_base_address = .
 *(.isr_vector)
 .isr_vector    0x00000000      0x470 C:/Users/robcecil/Desktop/ps2_turret_ir_integration/SoftConsole/turret_servo_mss_design_MSS_CM3_0/turret_servo_mss_design_MSS_CM3_0_hw_platform/Debug/CMSIS/startup_gcc/startup_a2fxxxm3.o
                0x00000000                g_pfnVectors
                0x00000298                Reset_Handler
                0x00000308                NMI_Handler
                0x0000030a                HardFault_Handler
                0x0000030c                MemManage_Handler
                0x0000030e                BusFault_Handler
                0x00000310                UsageFault_Handler
                0x00000312                SVC_Handler
                0x00000314                DebugMon_Handler
                0x00000316                PendSV_Handler
                0x00000318                SysTick_Handler
                0x0000031a                WdogWakeup_IRQHandler
                0x0000031c                BrownOut_1_5V_IRQHandler
                0x0000031e                BrownOut_3_3V_IRQHandler
                0x00000320                RTC_Match_IRQHandler
                0x00000322                RTCIF_Pub_IRQHandler
                0x00000324                EthernetMAC_IRQHandler
                0x00000326                IAP_IRQHandler
                0x00000328                ENVM0_IRQHandler
                0x0000032a                ENVM1_IRQHandler
                0x0000032c                DMA_IRQHandler
                0x00000336                I2C0_IRQHandler
                0x00000338                I2C0_SMBAlert_IRQHandler
                0x0000033a                I2C0_SMBus_IRQHandler
                0x0000033c                I2C1_IRQHandler
                0x0000033e                I2C1_SMBAlert_IRQHandler
                0x00000340                I2C1_SMBus_IRQHandler
                0x00000346                PLL_Lock_IRQHandler
                0x00000348                PLL_LockLost_IRQHandler
                0x0000034a                CommError_IRQHandler
                0x0000034c                Fabric_IRQHandler
                0x00000350                GPIO1_IRQHandler
                0x00000352                GPIO2_IRQHandler
                0x00000354                GPIO3_IRQHandler
                0x00000356                GPIO4_IRQHandler
                0x00000358                GPIO5_IRQHandler
                0x0000035a                GPIO6_IRQHandler
                0x0000035c                GPIO7_IRQHandler
                0x0000035e                GPIO8_IRQHandler
                0x00000360                GPIO9_IRQHandler
                0x00000362                GPIO10_IRQHandler
                0x00000364                GPIO11_IRQHandler
                0x00000366                GPIO12_IRQHandler
                0x00000368                GPIO13_IRQHandler
                0x0000036a                GPIO14_IRQHandler
                0x0000036c                GPIO15_IRQHandler
                0x0000036e                GPIO16_IRQHandler
                0x00000370                GPIO17_IRQHandler
                0x00000372                GPIO18_IRQHandler
                0x00000374                GPIO19_IRQHandler
                0x00000376                GPIO20_IRQHandler
                0x00000378                GPIO21_IRQHandler
                0x0000037a                GPIO22_IRQHandler
                0x0000037c                GPIO23_IRQHandler
                0x0000037e                GPIO24_IRQHandler
                0x00000380                GPIO25_IRQHandler
                0x00000382                GPIO26_IRQHandler
                0x00000384                GPIO27_IRQHandler
                0x00000386                GPIO28_IRQHandler
                0x00000388                GPIO29_IRQHandler
                0x0000038a                GPIO30_IRQHandler
                0x0000038c                GPIO31_IRQHandler
                0x0000038e                ACE_PC0_Flag0_IRQHandler
                0x00000390                ACE_PC0_Flag1_IRQHandler
                0x00000392                ACE_PC0_Flag2_IRQHandler
                0x00000394                ACE_PC0_Flag3_IRQHandler
                0x00000396                ACE_PC1_Flag0_IRQHandler
                0x00000398                ACE_PC1_Flag1_IRQHandler
                0x0000039a                ACE_PC1_Flag2_IRQHandler
                0x0000039c                ACE_PC1_Flag3_IRQHandler
                0x0000039e                ACE_PC2_Flag0_IRQHandler
                0x000003a0                ACE_PC2_Flag1_IRQHandler
                0x000003a2                ACE_PC2_Flag2_IRQHandler
                0x000003a4                ACE_PC2_Flag3_IRQHandler
                0x000003a6                ACE_ADC0_DataValid_IRQHandler
                0x000003a8                ACE_ADC1_DataValid_IRQHandler
                0x000003aa                ACE_ADC2_DataValid_IRQHandler
                0x000003ac                ACE_ADC0_CalDone_IRQHandler
                0x000003ae                ACE_ADC1_CalDone_IRQHandler
                0x000003b0                ACE_ADC2_CalDone_IRQHandler
                0x000003b2                ACE_ADC0_CalStart_IRQHandler
                0x000003b4                ACE_ADC1_CalStart_IRQHandler
                0x000003b6                ACE_ADC2_CalStart_IRQHandler
                0x000003b8                ACE_Comp0_Fall_IRQHandler
                0x000003ba                ACE_Comp1_Fall_IRQHandler
                0x000003bc                ACE_Comp2_Fall_IRQHandler
                0x000003be                ACE_Comp3_Fall_IRQHandler
                0x000003c0                ACE_Comp4_Fall_IRQHandler
                0x000003c2                ACE_Comp5_Fall_IRQHandler
                0x000003c4                ACE_Comp6_Fall_IRQHandler
                0x000003c6                ACE_Comp7_Fall_IRQHandler
                0x000003c8                ACE_Comp8_Fall_IRQHandler
                0x000003ca                ACE_Comp9_Fall_IRQHandler
                0x000003cc                ACE_Comp10_Fall_IRQHandler
                0x000003ce                ACE_Comp11_Fall_IRQHandler
                0x000003d0                ACE_Comp0_Rise_IRQHandler
                0x000003d2                ACE_Comp1_Rise_IRQHandler
                0x000003d4                ACE_Comp2_Rise_IRQHandler
                0x000003d6                ACE_Comp3_Rise_IRQHandler
                0x000003d8                ACE_Comp4_Rise_IRQHandler
                0x000003da                ACE_Comp5_Rise_IRQHandler
                0x000003dc                ACE_Comp6_Rise_IRQHandler
                0x000003de                ACE_Comp7_Rise_IRQHandler
                0x000003e0                ACE_Comp8_Rise_IRQHandler
                0x000003e2                ACE_Comp9_Rise_IRQHandler
                0x000003e4                ACE_Comp10_Rise_IRQHandler
                0x000003e6                ACE_Comp11_Rise_IRQHandler
                0x000003e8                ACE_ADC0_FifoFull_IRQHandler
                0x000003ea                ACE_ADC0_FifoAFull_IRQHandler
                0x000003ec                ACE_ADC0_FifoEmpty_IRQHandler
                0x000003ee                ACE_ADC1_FifoFull_IRQHandler
                0x000003f0                ACE_ADC1_FifoAFull_IRQHandler
                0x000003f2                ACE_ADC1_FifoEmpty_IRQHandler
                0x000003f4                ACE_ADC2_FifoFull_IRQHandler
                0x000003f6                ACE_ADC2_FifoAFull_IRQHandler
                0x000003f8                ACE_ADC2_FifoEmpty_IRQHandler
                0x000003fa                ACE_PPE_Flag0_IRQHandler
                0x000003fc                ACE_PPE_Flag1_IRQHandler
                0x000003fe                ACE_PPE_Flag2_IRQHandler
                0x00000400                ACE_PPE_Flag3_IRQHandler
                0x00000402                ACE_PPE_Flag4_IRQHandler
                0x00000404                ACE_PPE_Flag5_IRQHandler
                0x00000406                ACE_PPE_Flag6_IRQHandler
                0x00000408                ACE_PPE_Flag7_IRQHandler
                0x0000040a                ACE_PPE_Flag8_IRQHandler
                0x0000040c                ACE_PPE_Flag9_IRQHandler
                0x0000040e                ACE_PPE_Flag10_IRQHandler
                0x00000410                ACE_PPE_Flag11_IRQHandler
                0x00000412                ACE_PPE_Flag12_IRQHandler
                0x00000414                ACE_PPE_Flag13_IRQHandler
                0x00000416                ACE_PPE_Flag14_IRQHandler
                0x00000418                ACE_PPE_Flag15_IRQHandler
                0x0000041a                ACE_PPE_Flag16_IRQHandler
                0x0000041c                ACE_PPE_Flag17_IRQHandler
                0x0000041e                ACE_PPE_Flag18_IRQHandler
                0x00000420                ACE_PPE_Flag19_IRQHandler
                0x00000422                ACE_PPE_Flag20_IRQHandler
                0x00000424                ACE_PPE_Flag21_IRQHandler
                0x00000426                ACE_PPE_Flag22_IRQHandler
                0x00000428                ACE_PPE_Flag23_IRQHandler
                0x0000042a                ACE_PPE_Flag24_IRQHandler
                0x0000042c                ACE_PPE_Flag25_IRQHandler
                0x0000042e                ACE_PPE_Flag26_IRQHandler
                0x00000430                ACE_PPE_Flag27_IRQHandler
                0x00000432                ACE_PPE_Flag28_IRQHandler
                0x00000434                ACE_PPE_Flag29_IRQHandler
                0x00000436                ACE_PPE_Flag30_IRQHandler
                0x00000438                ACE_PPE_Flag31_IRQHandler
                0x00000470                . = ALIGN (0x4)

.text           0x00000470     0x5308 load address 0x60000470
 CREATE_OBJECT_SYMBOLS
                0x60000470                __text_load = LOADADDR (.text)
                0x00000470                __text_start = .
 *(.text .text.* .gnu.linkonce.t.*)
 .text          0x00000470       0x30 c:/microsemi/softconsole v3.3/sourcery-g++/bin/../lib/gcc/arm-none-eabi/4.4.1/thumb2/crtbegin.o
 .text.NVIC_EnableIRQ
                0x000004a0       0x38 ./main.o
 .text.NVIC_DisableIRQ
                0x000004d8       0x3c ./main.o
 .text.NVIC_ClearPendingIRQ
                0x00000514       0x3c ./main.o
 .text.MSS_TIM1_init
                0x00000550       0x84 ./main.o
 .text.MSS_TIM1_start
                0x000005d4       0x1c ./main.o
 .text.MSS_TIM1_stop
                0x000005f0       0x1c ./main.o
 .text.MSS_TIM1_load_immediate
                0x0000060c       0x20 ./main.o
 .text.MSS_TIM1_enable_irq
                0x0000062c       0x20 ./main.o
 .text.MSS_TIM1_disable_irq
                0x0000064c       0x20 ./main.o
 .text.MSS_TIM1_clear_irq
                0x0000066c       0x1c ./main.o
 .text.MSS_TIM2_init
                0x00000688       0x84 ./main.o
 .text.MSS_TIM2_start
                0x0000070c       0x1c ./main.o
 .text.MSS_TIM2_stop
                0x00000728       0x1c ./main.o
 .text.MSS_TIM2_load_immediate
                0x00000744       0x20 ./main.o
 .text.MSS_TIM2_enable_irq
                0x00000764       0x20 ./main.o
 .text.MSS_TIM2_disable_irq
                0x00000784       0x20 ./main.o
 .text.MSS_TIM2_clear_irq
                0x000007a4       0x1c ./main.o
 .text.Timer1_IRQHandler
                0x000007c0       0x44 ./main.o
                0x000007c0                Timer1_IRQHandler
 .text.Timer2_IRQHandler
                0x00000804       0x20 ./main.o
                0x00000804                Timer2_IRQHandler
 .text.GPIO0_IRQHandler
                0x00000824       0xe4 ./main.o
                0x00000824                GPIO0_IRQHandler
 .text.main     0x00000908      0x508 ./main.o
                0x00000908                main
 .text.setupSPI
                0x00000e10      0x2f0 ./main.o
                0x00000e10                setupSPI
 .text.changeSpeed
                0x00001100       0x1c ./main.o
                0x00001100                changeSpeed
 .text.greenLED
                0x0000111c      0x14c ./main.o
                0x0000111c                greenLED
 .text.redLED   0x00001268      0x14c ./main.o
                0x00001268                redLED
 .text.yellowLED
                0x000013b4      0x134 ./main.o
                0x000013b4                yellowLED
 .text.uart1_rx_handler
                0x000014e8       0x94 ./main.o
                0x000014e8                uart1_rx_handler
 .text.printToXBee
                0x0000157c       0x70 ./main.o
                0x0000157c                printToXBee
 .text.reset    0x000015ec       0x24 ./main.o
                0x000015ec                reset
 .text.getHit   0x00001610       0x34 ./main.o
                0x00001610                getHit
 .text._close   0x00001644       0x18 C:/Users/robcecil/Desktop/ps2_turret_ir_integration/SoftConsole/turret_servo_mss_design_MSS_CM3_0/turret_servo_mss_design_MSS_CM3_0_hw_platform/Debug/CMSIS/startup_gcc/newlib_stubs.o
                0x00001644                _close
 .text._exit    0x0000165c        0xc C:/Users/robcecil/Desktop/ps2_turret_ir_integration/SoftConsole/turret_servo_mss_design_MSS_CM3_0/turret_servo_mss_design_MSS_CM3_0_hw_platform/Debug/CMSIS/startup_gcc/newlib_stubs.o
                0x0000165c                _exit
 .text._fstat   0x00001668       0x24 C:/Users/robcecil/Desktop/ps2_turret_ir_integration/SoftConsole/turret_servo_mss_design_MSS_CM3_0/turret_servo_mss_design_MSS_CM3_0_hw_platform/Debug/CMSIS/startup_gcc/newlib_stubs.o
                0x00001668                _fstat
 .text._isatty  0x0000168c       0x18 C:/Users/robcecil/Desktop/ps2_turret_ir_integration/SoftConsole/turret_servo_mss_design_MSS_CM3_0/turret_servo_mss_design_MSS_CM3_0_hw_platform/Debug/CMSIS/startup_gcc/newlib_stubs.o
                0x0000168c                _isatty
 .text._lseek   0x000016a4       0x1c C:/Users/robcecil/Desktop/ps2_turret_ir_integration/SoftConsole/turret_servo_mss_design_MSS_CM3_0/turret_servo_mss_design_MSS_CM3_0_hw_platform/Debug/CMSIS/startup_gcc/newlib_stubs.o
                0x000016a4                _lseek
 .text._read    0x000016c0       0x1c C:/Users/robcecil/Desktop/ps2_turret_ir_integration/SoftConsole/turret_servo_mss_design_MSS_CM3_0/turret_servo_mss_design_MSS_CM3_0_hw_platform/Debug/CMSIS/startup_gcc/newlib_stubs.o
                0x000016c0                _read
 .text._write_r
                0x000016dc       0x20 C:/Users/robcecil/Desktop/ps2_turret_ir_integration/SoftConsole/turret_servo_mss_design_MSS_CM3_0/turret_servo_mss_design_MSS_CM3_0_hw_platform/Debug/CMSIS/startup_gcc/newlib_stubs.o
                0x000016dc                _write_r
 .text._sbrk    0x000016fc       0x94 C:/Users/robcecil/Desktop/ps2_turret_ir_integration/SoftConsole/turret_servo_mss_design_MSS_CM3_0/turret_servo_mss_design_MSS_CM3_0_hw_platform/Debug/CMSIS/startup_gcc/newlib_stubs.o
                0x000016fc                _sbrk
 .text.NVIC_EnableIRQ
                0x00001790       0x38 C:\Users\robcecil\Desktop\ps2_turret_ir_integration\SoftConsole\turret_servo_mss_design_MSS_CM3_0\turret_servo_mss_design_MSS_CM3_0_hw_platform\Debug\libturret_servo_mss_design_MSS_CM3_0_hw_platform.a(mss_uart.o)
 .text.NVIC_ClearPendingIRQ
                0x000017c8       0x3c C:\Users\robcecil\Desktop\ps2_turret_ir_integration\SoftConsole\turret_servo_mss_design_MSS_CM3_0\turret_servo_mss_design_MSS_CM3_0_hw_platform\Debug\libturret_servo_mss_design_MSS_CM3_0_hw_platform.a(mss_uart.o)
 .text.MSS_UART_init
                0x00001804      0x204 C:\Users\robcecil\Desktop\ps2_turret_ir_integration\SoftConsole\turret_servo_mss_design_MSS_CM3_0\turret_servo_mss_design_MSS_CM3_0_hw_platform\Debug\libturret_servo_mss_design_MSS_CM3_0_hw_platform.a(mss_uart.o)
                0x00001804                MSS_UART_init
 .text.MSS_UART_polled_tx
                0x00001a08       0xe4 C:\Users\robcecil\Desktop\ps2_turret_ir_integration\SoftConsole\turret_servo_mss_design_MSS_CM3_0\turret_servo_mss_design_MSS_CM3_0_hw_platform\Debug\libturret_servo_mss_design_MSS_CM3_0_hw_platform.a(mss_uart.o)
                0x00001a08                MSS_UART_polled_tx
 .text.MSS_UART_get_rx
                0x00001aec       0xdc C:\Users\robcecil\Desktop\ps2_turret_ir_integration\SoftConsole\turret_servo_mss_design_MSS_CM3_0\turret_servo_mss_design_MSS_CM3_0_hw_platform\Debug\libturret_servo_mss_design_MSS_CM3_0_hw_platform.a(mss_uart.o)
                0x00001aec                MSS_UART_get_rx
 .text.MSS_UART_isr
                0x00001bc8      0x11c C:\Users\robcecil\Desktop\ps2_turret_ir_integration\SoftConsole\turret_servo_mss_design_MSS_CM3_0\turret_servo_mss_design_MSS_CM3_0_hw_platform\Debug\libturret_servo_mss_design_MSS_CM3_0_hw_platform.a(mss_uart.o)
 .text.default_tx_handler
                0x00001ce4      0x108 C:\Users\robcecil\Desktop\ps2_turret_ir_integration\SoftConsole\turret_servo_mss_design_MSS_CM3_0\turret_servo_mss_design_MSS_CM3_0_hw_platform\Debug\libturret_servo_mss_design_MSS_CM3_0_hw_platform.a(mss_uart.o)
 .text.MSS_UART_set_rx_handler
                0x00001dec       0xa8 C:\Users\robcecil\Desktop\ps2_turret_ir_integration\SoftConsole\turret_servo_mss_design_MSS_CM3_0\turret_servo_mss_design_MSS_CM3_0_hw_platform\Debug\libturret_servo_mss_design_MSS_CM3_0_hw_platform.a(mss_uart.o)
                0x00001dec                MSS_UART_set_rx_handler
 .text.UART0_IRQHandler
                0x00001e94       0x2c C:\Users\robcecil\Desktop\ps2_turret_ir_integration\SoftConsole\turret_servo_mss_design_MSS_CM3_0\turret_servo_mss_design_MSS_CM3_0_hw_platform\Debug\libturret_servo_mss_design_MSS_CM3_0_hw_platform.a(mss_uart.o)
                0x00001e94                UART0_IRQHandler
 .text.UART1_IRQHandler
                0x00001ec0       0x2c C:\Users\robcecil\Desktop\ps2_turret_ir_integration\SoftConsole\turret_servo_mss_design_MSS_CM3_0\turret_servo_mss_design_MSS_CM3_0_hw_platform\Debug\libturret_servo_mss_design_MSS_CM3_0_hw_platform.a(mss_uart.o)
                0x00001ec0                UART1_IRQHandler
 .text.NVIC_EnableIRQ
                0x00001eec       0x38 C:\Users\robcecil\Desktop\ps2_turret_ir_integration\SoftConsole\turret_servo_mss_design_MSS_CM3_0\turret_servo_mss_design_MSS_CM3_0_hw_platform\Debug\libturret_servo_mss_design_MSS_CM3_0_hw_platform.a(mss_spi.o)
 .text.NVIC_DisableIRQ
                0x00001f24       0x3c C:\Users\robcecil\Desktop\ps2_turret_ir_integration\SoftConsole\turret_servo_mss_design_MSS_CM3_0\turret_servo_mss_design_MSS_CM3_0_hw_platform\Debug\libturret_servo_mss_design_MSS_CM3_0_hw_platform.a(mss_spi.o)
 .text.NVIC_ClearPendingIRQ
                0x00001f60       0x3c C:\Users\robcecil\Desktop\ps2_turret_ir_integration\SoftConsole\turret_servo_mss_design_MSS_CM3_0\turret_servo_mss_design_MSS_CM3_0_hw_platform\Debug\libturret_servo_mss_design_MSS_CM3_0_hw_platform.a(mss_spi.o)
 .text.MSS_SPI_init
                0x00001f9c      0x134 C:\Users\robcecil\Desktop\ps2_turret_ir_integration\SoftConsole\turret_servo_mss_design_MSS_CM3_0\turret_servo_mss_design_MSS_CM3_0_hw_platform\Debug\libturret_servo_mss_design_MSS_CM3_0_hw_platform.a(mss_spi.o)
                0x00001f9c                MSS_SPI_init
 .text.recover_from_rx_overflow
                0x000020d0      0x160 C:\Users\robcecil\Desktop\ps2_turret_ir_integration\SoftConsole\turret_servo_mss_design_MSS_CM3_0\turret_servo_mss_design_MSS_CM3_0_hw_platform\Debug\libturret_servo_mss_design_MSS_CM3_0_hw_platform.a(mss_spi.o)
 .text.MSS_SPI_configure_master_mode
                0x00002230      0x120 C:\Users\robcecil\Desktop\ps2_turret_ir_integration\SoftConsole\turret_servo_mss_design_MSS_CM3_0\turret_servo_mss_design_MSS_CM3_0_hw_platform\Debug\libturret_servo_mss_design_MSS_CM3_0_hw_platform.a(mss_spi.o)
                0x00002230                MSS_SPI_configure_master_mode
 .text.MSS_SPI_set_slave_select
                0x00002350      0x108 C:\Users\robcecil\Desktop\ps2_turret_ir_integration\SoftConsole\turret_servo_mss_design_MSS_CM3_0\turret_servo_mss_design_MSS_CM3_0_hw_platform\Debug\libturret_servo_mss_design_MSS_CM3_0_hw_platform.a(mss_spi.o)
                0x00002350                MSS_SPI_set_slave_select
 .text.MSS_SPI_clear_slave_select
                0x00002458       0x90 C:\Users\robcecil\Desktop\ps2_turret_ir_integration\SoftConsole\turret_servo_mss_design_MSS_CM3_0\turret_servo_mss_design_MSS_CM3_0_hw_platform\Debug\libturret_servo_mss_design_MSS_CM3_0_hw_platform.a(mss_spi.o)
                0x00002458                MSS_SPI_clear_slave_select
 .text.MSS_SPI_transfer_block
                0x000024e8      0x228 C:\Users\robcecil\Desktop\ps2_turret_ir_integration\SoftConsole\turret_servo_mss_design_MSS_CM3_0\turret_servo_mss_design_MSS_CM3_0_hw_platform\Debug\libturret_servo_mss_design_MSS_CM3_0_hw_platform.a(mss_spi.o)
                0x000024e8                MSS_SPI_transfer_block
 .text.fill_slave_tx_fifo
                0x00002710       0xe0 C:\Users\robcecil\Desktop\ps2_turret_ir_integration\SoftConsole\turret_servo_mss_design_MSS_CM3_0\turret_servo_mss_design_MSS_CM3_0_hw_platform\Debug\libturret_servo_mss_design_MSS_CM3_0_hw_platform.a(mss_spi.o)
 .text.read_slave_rx_fifo
                0x000027f0       0xac C:\Users\robcecil\Desktop\ps2_turret_ir_integration\SoftConsole\turret_servo_mss_design_MSS_CM3_0\turret_servo_mss_design_MSS_CM3_0_hw_platform\Debug\libturret_servo_mss_design_MSS_CM3_0_hw_platform.a(mss_spi.o)
 .text.mss_spi_isr
                0x0000289c      0x2b0 C:\Users\robcecil\Desktop\ps2_turret_ir_integration\SoftConsole\turret_servo_mss_design_MSS_CM3_0\turret_servo_mss_design_MSS_CM3_0_hw_platform\Debug\libturret_servo_mss_design_MSS_CM3_0_hw_platform.a(mss_spi.o)
 .text.SPI0_IRQHandler
                0x00002b4c       0x2c C:\Users\robcecil\Desktop\ps2_turret_ir_integration\SoftConsole\turret_servo_mss_design_MSS_CM3_0\turret_servo_mss_design_MSS_CM3_0_hw_platform\Debug\libturret_servo_mss_design_MSS_CM3_0_hw_platform.a(mss_spi.o)
                0x00002b4c                SPI0_IRQHandler
 .text.SPI1_IRQHandler
                0x00002b78       0x2c C:\Users\robcecil\Desktop\ps2_turret_ir_integration\SoftConsole\turret_servo_mss_design_MSS_CM3_0\turret_servo_mss_design_MSS_CM3_0_hw_platform\Debug\libturret_servo_mss_design_MSS_CM3_0_hw_platform.a(mss_spi.o)
                0x00002b78                SPI1_IRQHandler
 .text.NVIC_EnableIRQ
                0x00002ba4       0x38 C:\Users\robcecil\Desktop\ps2_turret_ir_integration\SoftConsole\turret_servo_mss_design_MSS_CM3_0\turret_servo_mss_design_MSS_CM3_0_hw_platform\Debug\libturret_servo_mss_design_MSS_CM3_0_hw_platform.a(mss_gpio.o)
 .text.NVIC_ClearPendingIRQ
                0x00002bdc       0x3c C:\Users\robcecil\Desktop\ps2_turret_ir_integration\SoftConsole\turret_servo_mss_design_MSS_CM3_0\turret_servo_mss_design_MSS_CM3_0_hw_platform\Debug\libturret_servo_mss_design_MSS_CM3_0_hw_platform.a(mss_gpio.o)
 .text.MSS_GPIO_config
                0x00002c18       0x3c C:\Users\robcecil\Desktop\ps2_turret_ir_integration\SoftConsole\turret_servo_mss_design_MSS_CM3_0\turret_servo_mss_design_MSS_CM3_0_hw_platform\Debug\libturret_servo_mss_design_MSS_CM3_0_hw_platform.a(mss_gpio.o)
                0x00002c18                MSS_GPIO_config
 .text.MSS_GPIO_set_output
                0x00002c54       0x40 C:\Users\robcecil\Desktop\ps2_turret_ir_integration\SoftConsole\turret_servo_mss_design_MSS_CM3_0\turret_servo_mss_design_MSS_CM3_0_hw_platform\Debug\libturret_servo_mss_design_MSS_CM3_0_hw_platform.a(mss_gpio.o)
                0x00002c54                MSS_GPIO_set_output
 .text.MSS_GPIO_enable_irq
                0x00002c94       0x64 C:\Users\robcecil\Desktop\ps2_turret_ir_integration\SoftConsole\turret_servo_mss_design_MSS_CM3_0\turret_servo_mss_design_MSS_CM3_0_hw_platform\Debug\libturret_servo_mss_design_MSS_CM3_0_hw_platform.a(mss_gpio.o)
                0x00002c94                MSS_GPIO_enable_irq
 .text.MSS_GPIO_clear_irq
                0x00002cf8       0x50 C:\Users\robcecil\Desktop\ps2_turret_ir_integration\SoftConsole\turret_servo_mss_design_MSS_CM3_0\turret_servo_mss_design_MSS_CM3_0_hw_platform\Debug\libturret_servo_mss_design_MSS_CM3_0_hw_platform.a(mss_gpio.o)
                0x00002cf8                MSS_GPIO_clear_irq
 .text.UART_init
                0x00002d48      0x29c C:\Users\robcecil\Desktop\ps2_turret_ir_integration\SoftConsole\turret_servo_mss_design_MSS_CM3_0\turret_servo_mss_design_MSS_CM3_0_hw_platform\Debug\libturret_servo_mss_design_MSS_CM3_0_hw_platform.a(core_uart_apb.o)
                0x00002d48                UART_init
 .text.UART_send
                0x00002fe4      0x15c C:\Users\robcecil\Desktop\ps2_turret_ir_integration\SoftConsole\turret_servo_mss_design_MSS_CM3_0\turret_servo_mss_design_MSS_CM3_0_hw_platform\Debug\libturret_servo_mss_design_MSS_CM3_0_hw_platform.a(core_uart_apb.o)
                0x00002fe4                UART_send
 .text.SPI_init
                0x00003140      0x19c C:\Users\robcecil\Desktop\ps2_turret_ir_integration\SoftConsole\turret_servo_mss_design_MSS_CM3_0\turret_servo_mss_design_MSS_CM3_0_hw_platform\Debug\libturret_servo_mss_design_MSS_CM3_0_hw_platform.a(core_spi.o)
                0x00003140                SPI_init
 .text.SPI_configure_master_mode
                0x000032dc       0xb0 C:\Users\robcecil\Desktop\ps2_turret_ir_integration\SoftConsole\turret_servo_mss_design_MSS_CM3_0\turret_servo_mss_design_MSS_CM3_0_hw_platform\Debug\libturret_servo_mss_design_MSS_CM3_0_hw_platform.a(core_spi.o)
                0x000032dc                SPI_configure_master_mode
 .text.SPI_set_slave_select
                0x0000338c      0x108 C:\Users\robcecil\Desktop\ps2_turret_ir_integration\SoftConsole\turret_servo_mss_design_MSS_CM3_0\turret_servo_mss_design_MSS_CM3_0_hw_platform\Debug\libturret_servo_mss_design_MSS_CM3_0_hw_platform.a(core_spi.o)
                0x0000338c                SPI_set_slave_select
 .text.SPI_clear_slave_select
                0x00003494      0x110 C:\Users\robcecil\Desktop\ps2_turret_ir_integration\SoftConsole\turret_servo_mss_design_MSS_CM3_0\turret_servo_mss_design_MSS_CM3_0_hw_platform\Debug\libturret_servo_mss_design_MSS_CM3_0_hw_platform.a(core_spi.o)
                0x00003494                SPI_clear_slave_select
 .text.SPI_transfer_frame
                0x000035a4       0xc0 C:\Users\robcecil\Desktop\ps2_turret_ir_integration\SoftConsole\turret_servo_mss_design_MSS_CM3_0\turret_servo_mss_design_MSS_CM3_0_hw_platform\Debug\libturret_servo_mss_design_MSS_CM3_0_hw_platform.a(core_spi.o)
                0x000035a4                SPI_transfer_frame
 .text.recover_from_rx_overflow
                0x00003664       0x60 C:\Users\robcecil\Desktop\ps2_turret_ir_integration\SoftConsole\turret_servo_mss_design_MSS_CM3_0\turret_servo_mss_design_MSS_CM3_0_hw_platform\Debug\libturret_servo_mss_design_MSS_CM3_0_hw_platform.a(core_spi.o)
 .text.SystemInit
                0x000036c4        0xc C:\Users\robcecil\Desktop\ps2_turret_ir_integration\SoftConsole\turret_servo_mss_design_MSS_CM3_0\turret_servo_mss_design_MSS_CM3_0_hw_platform\Debug\libturret_servo_mss_design_MSS_CM3_0_hw_platform.a(system_a2fxxxm3.o)
                0x000036c4                SystemInit
 .text.SystemCoreClockUpdate
                0x000036d0      0x150 C:\Users\robcecil\Desktop\ps2_turret_ir_integration\SoftConsole\turret_servo_mss_design_MSS_CM3_0\turret_servo_mss_design_MSS_CM3_0_hw_platform\Debug\libturret_servo_mss_design_MSS_CM3_0_hw_platform.a(system_a2fxxxm3.o)
                0x000036d0                SystemCoreClockUpdate
 .text.GetSystemClock
                0x00003820       0xe8 C:\Users\robcecil\Desktop\ps2_turret_ir_integration\SoftConsole\turret_servo_mss_design_MSS_CM3_0\turret_servo_mss_design_MSS_CM3_0_hw_platform\Debug\libturret_servo_mss_design_MSS_CM3_0_hw_platform.a(system_a2fxxxm3.o)
 .text.HAL_assert_fail
                0x00003908       0x28 C:\Users\robcecil\Desktop\ps2_turret_ir_integration\SoftConsole\turret_servo_mss_design_MSS_CM3_0\turret_servo_mss_design_MSS_CM3_0_hw_platform\Debug\libturret_servo_mss_design_MSS_CM3_0_hw_platform.a(hal_assert.o)
                0x00003908                HAL_assert_fail
 .text          0x00003930       0x90 C:\Users\robcecil\Desktop\ps2_turret_ir_integration\SoftConsole\turret_servo_mss_design_MSS_CM3_0\turret_servo_mss_design_MSS_CM3_0_hw_platform\Debug\libturret_servo_mss_design_MSS_CM3_0_hw_platform.a(hw_reg_access.o)
                0x00003930                HW_set_32bit_reg
                0x00003934                HW_get_32bit_reg
                0x00003938                HW_set_32bit_reg_field
                0x00003954                HW_get_32bit_reg_field
                0x00003960                HW_set_16bit_reg
                0x00003964                HW_get_16bit_reg
                0x00003968                HW_set_16bit_reg_field
                0x00003984                HW_get_16bit_reg_field
                0x00003990                HW_set_8bit_reg
                0x00003994                HW_get_8bit_reg
                0x00003998                HW_set_8bit_reg_field
                0x000039b4                HW_get_8bit_reg_field
 .text          0x000039c0       0x50 c:/microsemi/softconsole v3.3/sourcery-g++/bin/../lib/gcc/arm-none-eabi/4.4.1/../../../../arm-none-eabi/lib/thumb2\libc.a(lib_a-init.o)
                0x000039c0                __libc_init_array
 .text          0x00003a10       0xd4 c:/microsemi/softconsole v3.3/sourcery-g++/bin/../lib/gcc/arm-none-eabi/4.4.1/../../../../arm-none-eabi/lib/thumb2\libc.a(lib_a-memset.o)
                0x00003a10                memset
 .text          0x00003ae4       0x88 c:/microsemi/softconsole v3.3/sourcery-g++/bin/../lib/gcc/arm-none-eabi/4.4.1/../../../../arm-none-eabi/lib/thumb2\libc.a(lib_a-puts.o)
                0x00003ae4                _puts_r
                0x00003b5c                puts
 .text          0x00003b6c       0x60 c:/microsemi/softconsole v3.3/sourcery-g++/bin/../lib/gcc/arm-none-eabi/4.4.1/../../../../arm-none-eabi/lib/thumb2\libc.a(lib_a-strlen.o)
                0x00003b6c                strlen
 .text          0x00003bcc      0x1c8 c:/microsemi/softconsole v3.3/sourcery-g++/bin/../lib/gcc/arm-none-eabi/4.4.1/../../../../arm-none-eabi/lib/thumb2\libc.a(lib_a-findfp.o)
                0x00003bcc                __sfp_lock_acquire
                0x00003bd0                __sfp_lock_release
                0x00003bd4                __sinit_lock_acquire
                0x00003bd8                __sinit_lock_release
                0x00003be4                __fp_unlock_all
                0x00003bfc                __fp_lock_all
                0x00003c14                _cleanup_r
                0x00003c20                _cleanup
                0x00003c7c                __sfmoreglue
                0x00003cac                __sfp
                0x00003d34                __sinit
 .text          0x00003d94      0x334 c:/microsemi/softconsole v3.3/sourcery-g++/bin/../lib/gcc/arm-none-eabi/4.4.1/../../../../arm-none-eabi/lib/thumb2\libc.a(lib_a-fvwrite.o)
                0x00003d94                __sfvwrite_r
 .text          0x000040c8       0xa0 c:/microsemi/softconsole v3.3/sourcery-g++/bin/../lib/gcc/arm-none-eabi/4.4.1/../../../../arm-none-eabi/lib/thumb2\libc.a(lib_a-fwalk.o)
                0x000040c8                _fwalk_reent
                0x0000411c                _fwalk
 .text          0x00004168      0x5a4 c:/microsemi/softconsole v3.3/sourcery-g++/bin/../lib/gcc/arm-none-eabi/4.4.1/../../../../arm-none-eabi/lib/thumb2\libc.a(lib_a-mallocr.o)
                0x00004168                _malloc_r
 .text          0x0000470c       0x74 c:/microsemi/softconsole v3.3/sourcery-g++/bin/../lib/gcc/arm-none-eabi/4.4.1/../../../../arm-none-eabi/lib/thumb2\libc.a(lib_a-memchr.o)
                0x0000470c                memchr
 .text          0x00004780      0x190 c:/microsemi/softconsole v3.3/sourcery-g++/bin/../lib/gcc/arm-none-eabi/4.4.1/../../../../arm-none-eabi/lib/thumb2\libc.a(lib_a-memcpy.o)
                0x00004780                memcpy
 .text          0x00004910       0xb8 c:/microsemi/softconsole v3.3/sourcery-g++/bin/../lib/gcc/arm-none-eabi/4.4.1/../../../../arm-none-eabi/lib/thumb2\libc.a(lib_a-memmove.o)
                0x00004910                memmove
 .text          0x000049c8        0x8 c:/microsemi/softconsole v3.3/sourcery-g++/bin/../lib/gcc/arm-none-eabi/4.4.1/../../../../arm-none-eabi/lib/thumb2\libc.a(lib_a-mlock.o)
                0x000049c8                __malloc_lock
                0x000049cc                __malloc_unlock
 .text          0x000049d0      0x3b4 c:/microsemi/softconsole v3.3/sourcery-g++/bin/../lib/gcc/arm-none-eabi/4.4.1/../../../../arm-none-eabi/lib/thumb2\libc.a(lib_a-reallocr.o)
                0x000049d0                _realloc_r
 .text          0x00004d84       0x28 c:/microsemi/softconsole v3.3/sourcery-g++/bin/../lib/gcc/arm-none-eabi/4.4.1/../../../../arm-none-eabi/lib/thumb2\libc.a(lib_a-sbrkr.o)
                0x00004d84                _sbrk_r
 .text          0x00004dac       0x90 c:/microsemi/softconsole v3.3/sourcery-g++/bin/../lib/gcc/arm-none-eabi/4.4.1/../../../../arm-none-eabi/lib/thumb2\libc.a(lib_a-stdio.o)
                0x00004dac                __sclose
                0x00004db4                __sseek
                0x00004ddc                __swrite
                0x00004e18                __sread
 .text          0x00004e3c      0x104 c:/microsemi/softconsole v3.3/sourcery-g++/bin/../lib/gcc/arm-none-eabi/4.4.1/../../../../arm-none-eabi/lib/thumb2\libc.a(lib_a-wsetup.o)
                0x00004e3c                __swsetup_r
 .text          0x00004f40       0x28 c:/microsemi/softconsole v3.3/sourcery-g++/bin/../lib/gcc/arm-none-eabi/4.4.1/../../../../arm-none-eabi/lib/thumb2\libc.a(lib_a-closer.o)
                0x00004f40                _close_r
 .text          0x00004f68       0xcc c:/microsemi/softconsole v3.3/sourcery-g++/bin/../lib/gcc/arm-none-eabi/4.4.1/../../../../arm-none-eabi/lib/thumb2\libc.a(lib_a-fclose.o)
                0x00004f68                _fclose_r
                0x00005024                fclose
 .text          0x00005034      0x178 c:/microsemi/softconsole v3.3/sourcery-g++/bin/../lib/gcc/arm-none-eabi/4.4.1/../../../../arm-none-eabi/lib/thumb2\libc.a(lib_a-fflush.o)
                0x00005034                _fflush_r
                0x00005184                fflush
 .text          0x000051ac      0x268 c:/microsemi/softconsole v3.3/sourcery-g++/bin/../lib/gcc/arm-none-eabi/4.4.1/../../../../arm-none-eabi/lib/thumb2\libc.a(lib_a-freer.o)
                0x000051ac                _malloc_trim_r
                0x00005254                _free_r
 .text          0x00005414       0x2c c:/microsemi/softconsole v3.3/sourcery-g++/bin/../lib/gcc/arm-none-eabi/4.4.1/../../../../arm-none-eabi/lib/thumb2\libc.a(lib_a-lseekr.o)
                0x00005414                _lseek_r
 .text          0x00005440       0xdc c:/microsemi/softconsole v3.3/sourcery-g++/bin/../lib/gcc/arm-none-eabi/4.4.1/../../../../arm-none-eabi/lib/thumb2\libc.a(lib_a-makebuf.o)
                0x00005440                __smakebuf_r
 .text          0x0000551c       0x2c c:/microsemi/softconsole v3.3/sourcery-g++/bin/../lib/gcc/arm-none-eabi/4.4.1/../../../../arm-none-eabi/lib/thumb2\libc.a(lib_a-readr.o)
                0x0000551c                _read_r
 .text          0x00005548       0x2c c:/microsemi/softconsole v3.3/sourcery-g++/bin/../lib/gcc/arm-none-eabi/4.4.1/../../../../arm-none-eabi/lib/thumb2\libc.a(lib_a-fstatr.o)
                0x00005548                _fstat_r
 .text          0x00005574       0x28 c:/microsemi/softconsole v3.3/sourcery-g++/bin/../lib/gcc/arm-none-eabi/4.4.1/../../../../arm-none-eabi/lib/thumb2\libc.a(lib_a-isattyr.o)
                0x00005574                _isatty_r
 *(.plt)
 *(.gnu.warning)
 *(.glue_7t)
 .glue_7t       0x00000000        0x0 linker stubs
 *(.glue_7)
 .glue_7        0x00000000        0x0 linker stubs
 *(.vfp11_veneer)
 .vfp11_veneer  0x00000000        0x0 linker stubs
                0x0000559c                . = ALIGN (0x4)
 *crtbegin.o(.ctors)
 *(EXCLUDE_FILE(*crtend.o) .ctors)
 *(SORT(.ctors.*))
 *crtend.o(.ctors)
 *crtbegin.o(.dtors)
 *(EXCLUDE_FILE(*crtend.o) .dtors)
 *(SORT(.dtors.*))
 *crtend.o(.dtors)
 *(.rodata .rodata.* .gnu.linkonce.r.*)
 .rodata.DAMAGED_THRESH
                0x0000559c        0x4 ./main.o
                0x0000559c                DAMAGED_THRESH
 .rodata        0x000055a0       0x18 ./main.o
 .rodata        0x000055b8       0x1c C:/Users/robcecil/Desktop/ps2_turret_ir_integration/SoftConsole/turret_servo_mss_design_MSS_CM3_0/turret_servo_mss_design_MSS_CM3_0_hw_platform/Debug/CMSIS/startup_gcc/newlib_stubs.o
 .rodata.g_config_reg_lut
                0x000055d4       0x80 C:\Users\robcecil\Desktop\ps2_turret_ir_integration\SoftConsole\turret_servo_mss_design_MSS_CM3_0\turret_servo_mss_design_MSS_CM3_0_hw_platform\Debug\libturret_servo_mss_design_MSS_CM3_0_hw_platform.a(mss_gpio.o)
 .rodata.g_gpio_irqn_lut
                0x00005654       0x40 C:\Users\robcecil\Desktop\ps2_turret_ir_integration\SoftConsole\turret_servo_mss_design_MSS_CM3_0\turret_servo_mss_design_MSS_CM3_0_hw_platform\Debug\libturret_servo_mss_design_MSS_CM3_0_hw_platform.a(mss_gpio.o)
 .rodata        0x00005694       0x28 C:\Users\robcecil\Desktop\ps2_turret_ir_integration\SoftConsole\turret_servo_mss_design_MSS_CM3_0\turret_servo_mss_design_MSS_CM3_0_hw_platform\Debug\libturret_servo_mss_design_MSS_CM3_0_hw_platform.a(core_uart_apb.o)
 .rodata        0x000056bc       0x20 C:\Users\robcecil\Desktop\ps2_turret_ir_integration\SoftConsole\turret_servo_mss_design_MSS_CM3_0\turret_servo_mss_design_MSS_CM3_0_hw_platform\Debug\libturret_servo_mss_design_MSS_CM3_0_hw_platform.a(core_spi.o)
 .rodata.C.18.2576
                0x000056dc       0x10 C:\Users\robcecil\Desktop\ps2_turret_ir_integration\SoftConsole\turret_servo_mss_design_MSS_CM3_0\turret_servo_mss_design_MSS_CM3_0_hw_platform\Debug\libturret_servo_mss_design_MSS_CM3_0_hw_platform.a(system_a2fxxxm3.o)
 .rodata        0x000056ec        0x4 c:/microsemi/softconsole v3.3/sourcery-g++/bin/../lib/gcc/arm-none-eabi/4.4.1/../../../../arm-none-eabi/lib/thumb2\libc.a(lib_a-impure.o)
                0x000056ec                _global_impure_ptr
 .rodata.str1.4
                0x000056f0        0x2 c:/microsemi/softconsole v3.3/sourcery-g++/bin/../lib/gcc/arm-none-eabi/4.4.1/../../../../arm-none-eabi/lib/thumb2\libc.a(lib_a-impure.o)
                                  0x4 (size before relaxing)
 *fill*         0x000056f2        0x2 00
 .rodata.str1.4
                0x000056f4        0x4 c:/microsemi/softconsole v3.3/sourcery-g++/bin/../lib/gcc/arm-none-eabi/4.4.1/../../../../arm-none-eabi/lib/thumb2\libc.a(lib_a-puts.o)
 .rodata        0x000056f8       0x60 c:/microsemi/softconsole v3.3/sourcery-g++/bin/../lib/gcc/arm-none-eabi/4.4.1/../../../../arm-none-eabi/lib/thumb2\libc.a(lib_a-findfp.o)
                0x000056f8                __sf_fake_stdin
                0x00005718                __sf_fake_stdout
                0x00005738                __sf_fake_stderr
 *(.ARM.extab* .gnu.linkonce.armextab.*)
 *(.gcc_except_table)
 *(.eh_frame_hdr)
 *(.eh_frame)
 *(.init)
 .init          0x00005758        0x4 c:/microsemi/softconsole v3.3/sourcery-g++/bin/../lib/gcc/arm-none-eabi/4.4.1/thumb2/crti.o
                0x00005758                _init
 .init          0x0000575c        0x8 c:/microsemi/softconsole v3.3/sourcery-g++/bin/../lib/gcc/arm-none-eabi/4.4.1/thumb2/crtn.o
 *(.fini)
 .fini          0x00005764        0x4 c:/microsemi/softconsole v3.3/sourcery-g++/bin/../lib/gcc/arm-none-eabi/4.4.1/thumb2/crti.o
                0x00005764                _fini
 .fini          0x00005768        0x8 c:/microsemi/softconsole v3.3/sourcery-g++/bin/../lib/gcc/arm-none-eabi/4.4.1/thumb2/crtn.o
                0x00005770                PROVIDE (__preinit_array_start, .)
 *(.preinit_array)
                0x00005770                PROVIDE (__preinit_array_end, .)
                0x00005770                PROVIDE (__init_array_start, .)
 *(SORT(.init_array.*))
 *(.init_array)
 .init_array    0x00005770        0x4 c:/microsemi/softconsole v3.3/sourcery-g++/bin/../lib/gcc/arm-none-eabi/4.4.1/thumb2/crtbegin.o
                0x00005774                PROVIDE (__init_array_end, .)
                0x00005774                PROVIDE (__fini_array_start, .)
 *(.fini_array)
 .fini_array    0x00005774        0x4 c:/microsemi/softconsole v3.3/sourcery-g++/bin/../lib/gcc/arm-none-eabi/4.4.1/thumb2/crtbegin.o
 *(SORT(.fini_array.*))
                0x00005778                PROVIDE (__fini_array_end, .)
                0x00005778                __exidx_start = .

.v4_bx          0x00005778        0x0 load address 0x60005778
 .v4_bx         0x00000000        0x0 linker stubs

.ARM.exidx
 *(.ARM.exidx* .gnu.linkonce.armexidx.*)
                0x00005778                __exidx_end = .
                0x00005778                _etext = .

.data           0x20000000      0x528 load address 0x60005778
                0x60005778                __data_load = LOADADDR (.data)
                0x60005778                _sidata = LOADADDR (.data)
                0x20000000                __data_start = .
                0x20000000                _sdata = .
 *(.jcr)
 .jcr           0x20000000        0x0 c:/microsemi/softconsole v3.3/sourcery-g++/bin/../lib/gcc/arm-none-eabi/4.4.1/thumb2/crtbegin.o
 .jcr           0x20000000        0x4 c:/microsemi/softconsole v3.3/sourcery-g++/bin/../lib/gcc/arm-none-eabi/4.4.1/thumb2/crtend.o
 *(.got.plt)
 *(.got)
 *(.shdata)
 *(.data .data.* .gnu.linkonce.d.*)
 .data.can_hit  0x20000004        0x4 ./main.o
                0x20000004                can_hit
 .data.sound_done
                0x20000008        0x4 ./main.o
                0x20000008                sound_done
 .data.SystemFrequency
                0x2000000c        0x4 C:\Users\robcecil\Desktop\ps2_turret_ir_integration\SoftConsole\turret_servo_mss_design_MSS_CM3_0\turret_servo_mss_design_MSS_CM3_0_hw_platform\Debug\libturret_servo_mss_design_MSS_CM3_0_hw_platform.a(system_a2fxxxm3.o)
                0x2000000c                SystemFrequency
 .data.SystemCoreClock
                0x20000010        0x4 C:\Users\robcecil\Desktop\ps2_turret_ir_integration\SoftConsole\turret_servo_mss_design_MSS_CM3_0\turret_servo_mss_design_MSS_CM3_0_hw_platform\Debug\libturret_servo_mss_design_MSS_CM3_0_hw_platform.a(system_a2fxxxm3.o)
                0x20000010                SystemCoreClock
 .data.g_FrequencyPCLK0
                0x20000014        0x4 C:\Users\robcecil\Desktop\ps2_turret_ir_integration\SoftConsole\turret_servo_mss_design_MSS_CM3_0\turret_servo_mss_design_MSS_CM3_0_hw_platform\Debug\libturret_servo_mss_design_MSS_CM3_0_hw_platform.a(system_a2fxxxm3.o)
                0x20000014                g_FrequencyPCLK0
 .data.g_FrequencyPCLK1
                0x20000018        0x4 C:\Users\robcecil\Desktop\ps2_turret_ir_integration\SoftConsole\turret_servo_mss_design_MSS_CM3_0\turret_servo_mss_design_MSS_CM3_0_hw_platform\Debug\libturret_servo_mss_design_MSS_CM3_0_hw_platform.a(system_a2fxxxm3.o)
                0x20000018                g_FrequencyPCLK1
 .data.g_FrequencyACE
                0x2000001c        0x4 C:\Users\robcecil\Desktop\ps2_turret_ir_integration\SoftConsole\turret_servo_mss_design_MSS_CM3_0\turret_servo_mss_design_MSS_CM3_0_hw_platform\Debug\libturret_servo_mss_design_MSS_CM3_0_hw_platform.a(system_a2fxxxm3.o)
                0x2000001c                g_FrequencyACE
 .data.g_FrequencyFPGA
                0x20000020        0x4 C:\Users\robcecil\Desktop\ps2_turret_ir_integration\SoftConsole\turret_servo_mss_design_MSS_CM3_0\turret_servo_mss_design_MSS_CM3_0_hw_platform\Debug\libturret_servo_mss_design_MSS_CM3_0_hw_platform.a(system_a2fxxxm3.o)
                0x20000020                g_FrequencyFPGA
 .data          0x20000024       0xf4 c:/microsemi/softconsole v3.3/sourcery-g++/bin/../lib/gcc/arm-none-eabi/4.4.1/../../../../arm-none-eabi/lib/thumb2\libc.a(lib_a-impure.o)
                0x20000024                _impure_ptr
 .data          0x20000118      0x410 c:/microsemi/softconsole v3.3/sourcery-g++/bin/../lib/gcc/arm-none-eabi/4.4.1/../../../../arm-none-eabi/lib/thumb2\libc.a(lib_a-mallocr.o)
                0x20000118                __malloc_av_
                0x20000520                __malloc_sbrk_base
                0x20000524                __malloc_trim_threshold
                0x20000528                . = ALIGN (0x4)
                0x20000528                _edata = .

.bss            0x20000528      0x210 load address 0x60005ca0
                0x20000528                __bss_start__ = .
                0x20000528                _sbss = .
 *(.shbss)
 *(.bss .bss.* .gnu.linkonce.b.*)
 .bss           0x20000528        0x1 c:/microsemi/softconsole v3.3/sourcery-g++/bin/../lib/gcc/arm-none-eabi/4.4.1/thumb2/crtbegin.o
 *fill*         0x20000529        0x3 00
 .bss.heap_end.2220
                0x2000052c        0x4 C:/Users/robcecil/Desktop/ps2_turret_ir_integration/SoftConsole/turret_servo_mss_design_MSS_CM3_0/turret_servo_mss_design_MSS_CM3_0_hw_platform/Debug/CMSIS/startup_gcc/newlib_stubs.o
 .bss           0x20000530       0x34 c:/microsemi/softconsole v3.3/sourcery-g++/bin/../lib/gcc/arm-none-eabi/4.4.1/../../../../arm-none-eabi/lib/thumb2\libc.a(lib_a-mallocr.o)
                0x20000530                __malloc_top_pad
                0x20000534                __malloc_current_mallinfo
                0x2000055c                __malloc_max_sbrked_mem
                0x20000560                __malloc_max_total_mem
 *(COMMON)
 COMMON         0x20000564       0x74 ./main.o
                0x20000564                g_spi_led
                0x200005ac                master_rx_buffer
                0x200005b8                g_uart
                0x200005c0                master_tx_buffer
                0x200005cc                myTank
 COMMON         0x200005d8       0x50 C:\Users\robcecil\Desktop\ps2_turret_ir_integration\SoftConsole\turret_servo_mss_design_MSS_CM3_0\turret_servo_mss_design_MSS_CM3_0_hw_platform\Debug\libturret_servo_mss_design_MSS_CM3_0_hw_platform.a(mss_uart.o)
                0x200005d8                g_mss_uart1
                0x20000600                g_mss_uart0
 COMMON         0x20000628      0x108 C:\Users\robcecil\Desktop\ps2_turret_ir_integration\SoftConsole\turret_servo_mss_design_MSS_CM3_0\turret_servo_mss_design_MSS_CM3_0_hw_platform\Debug\libturret_servo_mss_design_MSS_CM3_0_hw_platform.a(mss_spi.o)
                0x20000628                g_mss_spi1
                0x200006ac                g_mss_spi0
 COMMON         0x20000730        0x4 c:/microsemi/softconsole v3.3/sourcery-g++/bin/../lib/gcc/arm-none-eabi/4.4.1/../../../../arm-none-eabi/lib/thumb2\libc.a(lib_a-reent.o)
                0x20000730                errno
                0x20000738                . = ALIGN (0x8)
 *fill*         0x20000734        0x4 00
                0x20000738                __bss_end__ = .
                0x20000738                _end = .
                0x20000738                __end = _end
                0x20000738                _ebss = .
                0x20000738                PROVIDE (end, .)

.stab
 *(.stab)

.stabstr
 *(.stabstr)

.debug
 *(.debug)

.line
 *(.line)

.debug_srcinfo
 *(.debug_srcinfo)

.debug_sfnames
 *(.debug_sfnames)

.comment        0x00000000      0x183
 .comment       0x00000000       0x2b ./main.o
 .comment       0x0000002b       0x2b C:/Users/robcecil/Desktop/ps2_turret_ir_integration/SoftConsole/turret_servo_mss_design_MSS_CM3_0/turret_servo_mss_design_MSS_CM3_0_hw_platform/Debug/CMSIS/startup_gcc/newlib_stubs.o
 .comment       0x00000056       0x2b C:\Users\robcecil\Desktop\ps2_turret_ir_integration\SoftConsole\turret_servo_mss_design_MSS_CM3_0\turret_servo_mss_design_MSS_CM3_0_hw_platform\Debug\libturret_servo_mss_design_MSS_CM3_0_hw_platform.a(mss_uart.o)
 .comment       0x00000081       0x2b C:\Users\robcecil\Desktop\ps2_turret_ir_integration\SoftConsole\turret_servo_mss_design_MSS_CM3_0\turret_servo_mss_design_MSS_CM3_0_hw_platform\Debug\libturret_servo_mss_design_MSS_CM3_0_hw_platform.a(mss_spi.o)
 .comment       0x000000ac       0x2b C:\Users\robcecil\Desktop\ps2_turret_ir_integration\SoftConsole\turret_servo_mss_design_MSS_CM3_0\turret_servo_mss_design_MSS_CM3_0_hw_platform\Debug\libturret_servo_mss_design_MSS_CM3_0_hw_platform.a(mss_gpio.o)
 .comment       0x000000d7       0x2b C:\Users\robcecil\Desktop\ps2_turret_ir_integration\SoftConsole\turret_servo_mss_design_MSS_CM3_0\turret_servo_mss_design_MSS_CM3_0_hw_platform\Debug\libturret_servo_mss_design_MSS_CM3_0_hw_platform.a(core_uart_apb.o)
 .comment       0x00000102       0x2b C:\Users\robcecil\Desktop\ps2_turret_ir_integration\SoftConsole\turret_servo_mss_design_MSS_CM3_0\turret_servo_mss_design_MSS_CM3_0_hw_platform\Debug\libturret_servo_mss_design_MSS_CM3_0_hw_platform.a(core_spi.o)
 .comment       0x0000012d       0x2b C:\Users\robcecil\Desktop\ps2_turret_ir_integration\SoftConsole\turret_servo_mss_design_MSS_CM3_0\turret_servo_mss_design_MSS_CM3_0_hw_platform\Debug\libturret_servo_mss_design_MSS_CM3_0_hw_platform.a(system_a2fxxxm3.o)
 .comment       0x00000158       0x2b C:\Users\robcecil\Desktop\ps2_turret_ir_integration\SoftConsole\turret_servo_mss_design_MSS_CM3_0\turret_servo_mss_design_MSS_CM3_0_hw_platform\Debug\libturret_servo_mss_design_MSS_CM3_0_hw_platform.a(hal_assert.o)

.debug_aranges  0x00000000      0x518
 *(.debug_aranges)
 .debug_aranges
                0x00000000      0x118 ./main.o
 .debug_aranges
                0x00000118       0xa8 C:/Users/robcecil/Desktop/ps2_turret_ir_integration/SoftConsole/turret_servo_mss_design_MSS_CM3_0/turret_servo_mss_design_MSS_CM3_0_hw_platform/Debug/CMSIS/startup_gcc/newlib_stubs.o
 .debug_aranges
                0x000001c0       0xd8 C:\Users\robcecil\Desktop\ps2_turret_ir_integration\SoftConsole\turret_servo_mss_design_MSS_CM3_0\turret_servo_mss_design_MSS_CM3_0_hw_platform\Debug\libturret_servo_mss_design_MSS_CM3_0_hw_platform.a(mss_uart.o)
 .debug_aranges
                0x00000298       0xe0 C:\Users\robcecil\Desktop\ps2_turret_ir_integration\SoftConsole\turret_servo_mss_design_MSS_CM3_0\turret_servo_mss_design_MSS_CM3_0_hw_platform\Debug\libturret_servo_mss_design_MSS_CM3_0_hw_platform.a(mss_spi.o)
 .debug_aranges
                0x00000378       0x60 C:\Users\robcecil\Desktop\ps2_turret_ir_integration\SoftConsole\turret_servo_mss_design_MSS_CM3_0\turret_servo_mss_design_MSS_CM3_0_hw_platform\Debug\libturret_servo_mss_design_MSS_CM3_0_hw_platform.a(mss_gpio.o)
 .debug_aranges
                0x000003d8       0x48 C:\Users\robcecil\Desktop\ps2_turret_ir_integration\SoftConsole\turret_servo_mss_design_MSS_CM3_0\turret_servo_mss_design_MSS_CM3_0_hw_platform\Debug\libturret_servo_mss_design_MSS_CM3_0_hw_platform.a(core_uart_apb.o)
 .debug_aranges
                0x00000420       0xa8 C:\Users\robcecil\Desktop\ps2_turret_ir_integration\SoftConsole\turret_servo_mss_design_MSS_CM3_0\turret_servo_mss_design_MSS_CM3_0_hw_platform\Debug\libturret_servo_mss_design_MSS_CM3_0_hw_platform.a(core_spi.o)
 .debug_aranges
                0x000004c8       0x30 C:\Users\robcecil\Desktop\ps2_turret_ir_integration\SoftConsole\turret_servo_mss_design_MSS_CM3_0\turret_servo_mss_design_MSS_CM3_0_hw_platform\Debug\libturret_servo_mss_design_MSS_CM3_0_hw_platform.a(system_a2fxxxm3.o)
 .debug_aranges
                0x000004f8       0x20 C:\Users\robcecil\Desktop\ps2_turret_ir_integration\SoftConsole\turret_servo_mss_design_MSS_CM3_0\turret_servo_mss_design_MSS_CM3_0_hw_platform\Debug\libturret_servo_mss_design_MSS_CM3_0_hw_platform.a(hal_assert.o)

.debug_pubnames
                0x00000000      0xa15
 *(.debug_pubnames)
 .debug_pubnames
                0x00000000      0x174 ./main.o
 .debug_pubnames
                0x00000174       0xeb C:/Users/robcecil/Desktop/ps2_turret_ir_integration/SoftConsole/turret_servo_mss_design_MSS_CM3_0/turret_servo_mss_design_MSS_CM3_0_hw_platform/Debug/CMSIS/startup_gcc/newlib_stubs.o
 .debug_pubnames
                0x0000025f      0x21c C:\Users\robcecil\Desktop\ps2_turret_ir_integration\SoftConsole\turret_servo_mss_design_MSS_CM3_0\turret_servo_mss_design_MSS_CM3_0_hw_platform\Debug\libturret_servo_mss_design_MSS_CM3_0_hw_platform.a(mss_uart.o)
 .debug_pubnames
                0x0000047b      0x21a C:\Users\robcecil\Desktop\ps2_turret_ir_integration\SoftConsole\turret_servo_mss_design_MSS_CM3_0\turret_servo_mss_design_MSS_CM3_0_hw_platform\Debug\libturret_servo_mss_design_MSS_CM3_0_hw_platform.a(mss_spi.o)
 .debug_pubnames
                0x00000695       0xb1 C:\Users\robcecil\Desktop\ps2_turret_ir_integration\SoftConsole\turret_servo_mss_design_MSS_CM3_0\turret_servo_mss_design_MSS_CM3_0_hw_platform\Debug\libturret_servo_mss_design_MSS_CM3_0_hw_platform.a(mss_gpio.o)
 .debug_pubnames
                0x00000746       0x85 C:\Users\robcecil\Desktop\ps2_turret_ir_integration\SoftConsole\turret_servo_mss_design_MSS_CM3_0\turret_servo_mss_design_MSS_CM3_0_hw_platform\Debug\libturret_servo_mss_design_MSS_CM3_0_hw_platform.a(core_uart_apb.o)
 .debug_pubnames
                0x000007cb      0x170 C:\Users\robcecil\Desktop\ps2_turret_ir_integration\SoftConsole\turret_servo_mss_design_MSS_CM3_0\turret_servo_mss_design_MSS_CM3_0_hw_platform\Debug\libturret_servo_mss_design_MSS_CM3_0_hw_platform.a(core_spi.o)
 .debug_pubnames
                0x0000093b       0xb4 C:\Users\robcecil\Desktop\ps2_turret_ir_integration\SoftConsole\turret_servo_mss_design_MSS_CM3_0\turret_servo_mss_design_MSS_CM3_0_hw_platform\Debug\libturret_servo_mss_design_MSS_CM3_0_hw_platform.a(system_a2fxxxm3.o)
 .debug_pubnames
                0x000009ef       0x26 C:\Users\robcecil\Desktop\ps2_turret_ir_integration\SoftConsole\turret_servo_mss_design_MSS_CM3_0\turret_servo_mss_design_MSS_CM3_0_hw_platform\Debug\libturret_servo_mss_design_MSS_CM3_0_hw_platform.a(hal_assert.o)

.debug_info     0x00000000     0x785a
 *(.debug_info .gnu.linkonce.wi.*)
 .debug_info    0x00000000     0x2068 ./main.o
 .debug_info    0x00002068      0x6bf C:/Users/robcecil/Desktop/ps2_turret_ir_integration/SoftConsole/turret_servo_mss_design_MSS_CM3_0/turret_servo_mss_design_MSS_CM3_0_hw_platform/Debug/CMSIS/startup_gcc/newlib_stubs.o
 .debug_info    0x00002727     0x15a4 C:\Users\robcecil\Desktop\ps2_turret_ir_integration\SoftConsole\turret_servo_mss_design_MSS_CM3_0\turret_servo_mss_design_MSS_CM3_0_hw_platform\Debug\libturret_servo_mss_design_MSS_CM3_0_hw_platform.a(mss_uart.o)
 .debug_info    0x00003ccb     0x1472 C:\Users\robcecil\Desktop\ps2_turret_ir_integration\SoftConsole\turret_servo_mss_design_MSS_CM3_0\turret_servo_mss_design_MSS_CM3_0_hw_platform\Debug\libturret_servo_mss_design_MSS_CM3_0_hw_platform.a(mss_spi.o)
 .debug_info    0x0000513d     0x1114 C:\Users\robcecil\Desktop\ps2_turret_ir_integration\SoftConsole\turret_servo_mss_design_MSS_CM3_0\turret_servo_mss_design_MSS_CM3_0_hw_platform\Debug\libturret_servo_mss_design_MSS_CM3_0_hw_platform.a(mss_gpio.o)
 .debug_info    0x00006251      0x526 C:\Users\robcecil\Desktop\ps2_turret_ir_integration\SoftConsole\turret_servo_mss_design_MSS_CM3_0\turret_servo_mss_design_MSS_CM3_0_hw_platform\Debug\libturret_servo_mss_design_MSS_CM3_0_hw_platform.a(core_uart_apb.o)
 .debug_info    0x00006777      0xa79 C:\Users\robcecil\Desktop\ps2_turret_ir_integration\SoftConsole\turret_servo_mss_design_MSS_CM3_0\turret_servo_mss_design_MSS_CM3_0_hw_platform\Debug\libturret_servo_mss_design_MSS_CM3_0_hw_platform.a(core_spi.o)
 .debug_info    0x000071f0      0x53c C:\Users\robcecil\Desktop\ps2_turret_ir_integration\SoftConsole\turret_servo_mss_design_MSS_CM3_0\turret_servo_mss_design_MSS_CM3_0_hw_platform\Debug\libturret_servo_mss_design_MSS_CM3_0_hw_platform.a(system_a2fxxxm3.o)
 .debug_info    0x0000772c      0x12e C:\Users\robcecil\Desktop\ps2_turret_ir_integration\SoftConsole\turret_servo_mss_design_MSS_CM3_0\turret_servo_mss_design_MSS_CM3_0_hw_platform\Debug\libturret_servo_mss_design_MSS_CM3_0_hw_platform.a(hal_assert.o)

.debug_abbrev   0x00000000      0xe0b
 *(.debug_abbrev)
 .debug_abbrev  0x00000000      0x2d6 ./main.o
 .debug_abbrev  0x000002d6      0x130 C:/Users/robcecil/Desktop/ps2_turret_ir_integration/SoftConsole/turret_servo_mss_design_MSS_CM3_0/turret_servo_mss_design_MSS_CM3_0_hw_platform/Debug/CMSIS/startup_gcc/newlib_stubs.o
 .debug_abbrev  0x00000406      0x245 C:\Users\robcecil\Desktop\ps2_turret_ir_integration\SoftConsole\turret_servo_mss_design_MSS_CM3_0\turret_servo_mss_design_MSS_CM3_0_hw_platform\Debug\libturret_servo_mss_design_MSS_CM3_0_hw_platform.a(mss_uart.o)
 .debug_abbrev  0x0000064b      0x219 C:\Users\robcecil\Desktop\ps2_turret_ir_integration\SoftConsole\turret_servo_mss_design_MSS_CM3_0\turret_servo_mss_design_MSS_CM3_0_hw_platform\Debug\libturret_servo_mss_design_MSS_CM3_0_hw_platform.a(mss_spi.o)
 .debug_abbrev  0x00000864      0x181 C:\Users\robcecil\Desktop\ps2_turret_ir_integration\SoftConsole\turret_servo_mss_design_MSS_CM3_0\turret_servo_mss_design_MSS_CM3_0_hw_platform\Debug\libturret_servo_mss_design_MSS_CM3_0_hw_platform.a(mss_gpio.o)
 .debug_abbrev  0x000009e5      0x119 C:\Users\robcecil\Desktop\ps2_turret_ir_integration\SoftConsole\turret_servo_mss_design_MSS_CM3_0\turret_servo_mss_design_MSS_CM3_0_hw_platform\Debug\libturret_servo_mss_design_MSS_CM3_0_hw_platform.a(core_uart_apb.o)
 .debug_abbrev  0x00000afe      0x16c C:\Users\robcecil\Desktop\ps2_turret_ir_integration\SoftConsole\turret_servo_mss_design_MSS_CM3_0\turret_servo_mss_design_MSS_CM3_0_hw_platform\Debug\libturret_servo_mss_design_MSS_CM3_0_hw_platform.a(core_spi.o)
 .debug_abbrev  0x00000c6a      0x111 C:\Users\robcecil\Desktop\ps2_turret_ir_integration\SoftConsole\turret_servo_mss_design_MSS_CM3_0\turret_servo_mss_design_MSS_CM3_0_hw_platform\Debug\libturret_servo_mss_design_MSS_CM3_0_hw_platform.a(system_a2fxxxm3.o)
 .debug_abbrev  0x00000d7b       0x90 C:\Users\robcecil\Desktop\ps2_turret_ir_integration\SoftConsole\turret_servo_mss_design_MSS_CM3_0\turret_servo_mss_design_MSS_CM3_0_hw_platform\Debug\libturret_servo_mss_design_MSS_CM3_0_hw_platform.a(hal_assert.o)

.debug_line     0x00000000     0x3211
 *(.debug_line)
 .debug_line    0x00000000      0xf02 ./main.o
 .debug_line    0x00000f02      0x458 C:/Users/robcecil/Desktop/ps2_turret_ir_integration/SoftConsole/turret_servo_mss_design_MSS_CM3_0/turret_servo_mss_design_MSS_CM3_0_hw_platform/Debug/CMSIS/startup_gcc/newlib_stubs.o
 .debug_line    0x0000135a      0x575 C:\Users\robcecil\Desktop\ps2_turret_ir_integration\SoftConsole\turret_servo_mss_design_MSS_CM3_0\turret_servo_mss_design_MSS_CM3_0_hw_platform\Debug\libturret_servo_mss_design_MSS_CM3_0_hw_platform.a(mss_uart.o)
 .debug_line    0x000018cf      0x71a C:\Users\robcecil\Desktop\ps2_turret_ir_integration\SoftConsole\turret_servo_mss_design_MSS_CM3_0\turret_servo_mss_design_MSS_CM3_0_hw_platform\Debug\libturret_servo_mss_design_MSS_CM3_0_hw_platform.a(mss_spi.o)
 .debug_line    0x00001fe9      0x326 C:\Users\robcecil\Desktop\ps2_turret_ir_integration\SoftConsole\turret_servo_mss_design_MSS_CM3_0\turret_servo_mss_design_MSS_CM3_0_hw_platform\Debug\libturret_servo_mss_design_MSS_CM3_0_hw_platform.a(mss_gpio.o)
 .debug_line    0x0000230f      0x343 C:\Users\robcecil\Desktop\ps2_turret_ir_integration\SoftConsole\turret_servo_mss_design_MSS_CM3_0\turret_servo_mss_design_MSS_CM3_0_hw_platform\Debug\libturret_servo_mss_design_MSS_CM3_0_hw_platform.a(core_uart_apb.o)
 .debug_line    0x00002652      0x701 C:\Users\robcecil\Desktop\ps2_turret_ir_integration\SoftConsole\turret_servo_mss_design_MSS_CM3_0\turret_servo_mss_design_MSS_CM3_0_hw_platform\Debug\libturret_servo_mss_design_MSS_CM3_0_hw_platform.a(core_spi.o)
 .debug_line    0x00002d53      0x27b C:\Users\robcecil\Desktop\ps2_turret_ir_integration\SoftConsole\turret_servo_mss_design_MSS_CM3_0\turret_servo_mss_design_MSS_CM3_0_hw_platform\Debug\libturret_servo_mss_design_MSS_CM3_0_hw_platform.a(system_a2fxxxm3.o)
 .debug_line    0x00002fce      0x243 C:\Users\robcecil\Desktop\ps2_turret_ir_integration\SoftConsole\turret_servo_mss_design_MSS_CM3_0\turret_servo_mss_design_MSS_CM3_0_hw_platform\Debug\libturret_servo_mss_design_MSS_CM3_0_hw_platform.a(hal_assert.o)

.debug_frame    0x00000000     0x1748
 *(.debug_frame)
 .debug_frame   0x00000000      0x3a8 ./main.o
 .debug_frame   0x000003a8      0x21c C:/Users/robcecil/Desktop/ps2_turret_ir_integration/SoftConsole/turret_servo_mss_design_MSS_CM3_0/turret_servo_mss_design_MSS_CM3_0_hw_platform/Debug/CMSIS/startup_gcc/newlib_stubs.o
 .debug_frame   0x000005c4      0x2e4 C:\Users\robcecil\Desktop\ps2_turret_ir_integration\SoftConsole\turret_servo_mss_design_MSS_CM3_0\turret_servo_mss_design_MSS_CM3_0_hw_platform\Debug\libturret_servo_mss_design_MSS_CM3_0_hw_platform.a(mss_uart.o)
 .debug_frame   0x000008a8      0x320 C:\Users\robcecil\Desktop\ps2_turret_ir_integration\SoftConsole\turret_servo_mss_design_MSS_CM3_0\turret_servo_mss_design_MSS_CM3_0_hw_platform\Debug\libturret_servo_mss_design_MSS_CM3_0_hw_platform.a(mss_spi.o)
 .debug_frame   0x00000bc8      0x118 C:\Users\robcecil\Desktop\ps2_turret_ir_integration\SoftConsole\turret_servo_mss_design_MSS_CM3_0\turret_servo_mss_design_MSS_CM3_0_hw_platform\Debug\libturret_servo_mss_design_MSS_CM3_0_hw_platform.a(mss_gpio.o)
 .debug_frame   0x00000ce0       0xd0 C:\Users\robcecil\Desktop\ps2_turret_ir_integration\SoftConsole\turret_servo_mss_design_MSS_CM3_0\turret_servo_mss_design_MSS_CM3_0_hw_platform\Debug\libturret_servo_mss_design_MSS_CM3_0_hw_platform.a(core_uart_apb.o)
 .debug_frame   0x00000db0      0x250 C:\Users\robcecil\Desktop\ps2_turret_ir_integration\SoftConsole\turret_servo_mss_design_MSS_CM3_0\turret_servo_mss_design_MSS_CM3_0_hw_platform\Debug\libturret_servo_mss_design_MSS_CM3_0_hw_platform.a(core_spi.o)
 .debug_frame   0x00001000       0x64 C:\Users\robcecil\Desktop\ps2_turret_ir_integration\SoftConsole\turret_servo_mss_design_MSS_CM3_0\turret_servo_mss_design_MSS_CM3_0_hw_platform\Debug\libturret_servo_mss_design_MSS_CM3_0_hw_platform.a(system_a2fxxxm3.o)
 .debug_frame   0x00001064       0x2c C:\Users\robcecil\Desktop\ps2_turret_ir_integration\SoftConsole\turret_servo_mss_design_MSS_CM3_0\turret_servo_mss_design_MSS_CM3_0_hw_platform\Debug\libturret_servo_mss_design_MSS_CM3_0_hw_platform.a(hal_assert.o)
 .debug_frame   0x00001090       0x20 c:/microsemi/softconsole v3.3/sourcery-g++/bin/../lib/gcc/arm-none-eabi/4.4.1/../../../../arm-none-eabi/lib/thumb2\libc.a(lib_a-errno.o)
 .debug_frame   0x000010b0       0x2c c:/microsemi/softconsole v3.3/sourcery-g++/bin/../lib/gcc/arm-none-eabi/4.4.1/../../../../arm-none-eabi/lib/thumb2\libc.a(lib_a-init.o)
 .debug_frame   0x000010dc       0x28 c:/microsemi/softconsole v3.3/sourcery-g++/bin/../lib/gcc/arm-none-eabi/4.4.1/../../../../arm-none-eabi/lib/thumb2\libc.a(lib_a-memset.o)
 .debug_frame   0x00001104       0x40 c:/microsemi/softconsole v3.3/sourcery-g++/bin/../lib/gcc/arm-none-eabi/4.4.1/../../../../arm-none-eabi/lib/thumb2\libc.a(lib_a-puts.o)
 .debug_frame   0x00001144       0x20 c:/microsemi/softconsole v3.3/sourcery-g++/bin/../lib/gcc/arm-none-eabi/4.4.1/../../../../arm-none-eabi/lib/thumb2\libc.a(lib_a-strlen.o)
 .debug_frame   0x00001164      0x11c c:/microsemi/softconsole v3.3/sourcery-g++/bin/../lib/gcc/arm-none-eabi/4.4.1/../../../../arm-none-eabi/lib/thumb2\libc.a(lib_a-findfp.o)
 .debug_frame   0x00001280       0x3c c:/microsemi/softconsole v3.3/sourcery-g++/bin/../lib/gcc/arm-none-eabi/4.4.1/../../../../arm-none-eabi/lib/thumb2\libc.a(lib_a-fvwrite.o)
 .debug_frame   0x000012bc       0x54 c:/microsemi/softconsole v3.3/sourcery-g++/bin/../lib/gcc/arm-none-eabi/4.4.1/../../../../arm-none-eabi/lib/thumb2\libc.a(lib_a-fwalk.o)
 .debug_frame   0x00001310       0x3c c:/microsemi/softconsole v3.3/sourcery-g++/bin/../lib/gcc/arm-none-eabi/4.4.1/../../../../arm-none-eabi/lib/thumb2\libc.a(lib_a-mallocr.o)
 .debug_frame   0x0000134c       0x28 c:/microsemi/softconsole v3.3/sourcery-g++/bin/../lib/gcc/arm-none-eabi/4.4.1/../../../../arm-none-eabi/lib/thumb2\libc.a(lib_a-memchr.o)
 .debug_frame   0x00001374       0x34 c:/microsemi/softconsole v3.3/sourcery-g++/bin/../lib/gcc/arm-none-eabi/4.4.1/../../../../arm-none-eabi/lib/thumb2\libc.a(lib_a-memcpy.o)
 .debug_frame   0x000013a8       0x2c c:/microsemi/softconsole v3.3/sourcery-g++/bin/../lib/gcc/arm-none-eabi/4.4.1/../../../../arm-none-eabi/lib/thumb2\libc.a(lib_a-memmove.o)
 .debug_frame   0x000013d4       0x30 c:/microsemi/softconsole v3.3/sourcery-g++/bin/../lib/gcc/arm-none-eabi/4.4.1/../../../../arm-none-eabi/lib/thumb2\libc.a(lib_a-mlock.o)
 .debug_frame   0x00001404       0x3c c:/microsemi/softconsole v3.3/sourcery-g++/bin/../lib/gcc/arm-none-eabi/4.4.1/../../../../arm-none-eabi/lib/thumb2\libc.a(lib_a-reallocr.o)
 .debug_frame   0x00001440       0x2c c:/microsemi/softconsole v3.3/sourcery-g++/bin/../lib/gcc/arm-none-eabi/4.4.1/../../../../arm-none-eabi/lib/thumb2\libc.a(lib_a-sbrkr.o)
 .debug_frame   0x0000146c       0x70 c:/microsemi/softconsole v3.3/sourcery-g++/bin/../lib/gcc/arm-none-eabi/4.4.1/../../../../arm-none-eabi/lib/thumb2\libc.a(lib_a-stdio.o)
 .debug_frame   0x000014dc       0x2c c:/microsemi/softconsole v3.3/sourcery-g++/bin/../lib/gcc/arm-none-eabi/4.4.1/../../../../arm-none-eabi/lib/thumb2\libc.a(lib_a-wsetup.o)
 .debug_frame   0x00001508       0x2c c:/microsemi/softconsole v3.3/sourcery-g++/bin/../lib/gcc/arm-none-eabi/4.4.1/../../../../arm-none-eabi/lib/thumb2\libc.a(lib_a-closer.o)
 .debug_frame   0x00001534       0x3c c:/microsemi/softconsole v3.3/sourcery-g++/bin/../lib/gcc/arm-none-eabi/4.4.1/../../../../arm-none-eabi/lib/thumb2\libc.a(lib_a-fclose.o)
 .debug_frame   0x00001570       0x40 c:/microsemi/softconsole v3.3/sourcery-g++/bin/../lib/gcc/arm-none-eabi/4.4.1/../../../../arm-none-eabi/lib/thumb2\libc.a(lib_a-fflush.o)
 .debug_frame   0x000015b0       0x50 c:/microsemi/softconsole v3.3/sourcery-g++/bin/../lib/gcc/arm-none-eabi/4.4.1/../../../../arm-none-eabi/lib/thumb2\libc.a(lib_a-freer.o)
 .debug_frame   0x00001600       0x2c c:/microsemi/softconsole v3.3/sourcery-g++/bin/../lib/gcc/arm-none-eabi/4.4.1/../../../../arm-none-eabi/lib/thumb2\libc.a(lib_a-lseekr.o)
 .debug_frame   0x0000162c       0x34 c:/microsemi/softconsole v3.3/sourcery-g++/bin/../lib/gcc/arm-none-eabi/4.4.1/../../../../arm-none-eabi/lib/thumb2\libc.a(lib_a-makebuf.o)
 .debug_frame   0x00001660       0x2c c:/microsemi/softconsole v3.3/sourcery-g++/bin/../lib/gcc/arm-none-eabi/4.4.1/../../../../arm-none-eabi/lib/thumb2\libc.a(lib_a-readr.o)
 .debug_frame   0x0000168c       0x64 c:/microsemi/softconsole v3.3/sourcery-g++/bin/../lib/gcc/arm-none-eabi/4.4.1/../../../../arm-none-eabi/lib/thumb2\libc.a(lib_a-reent.o)
 .debug_frame   0x000016f0       0x2c c:/microsemi/softconsole v3.3/sourcery-g++/bin/../lib/gcc/arm-none-eabi/4.4.1/../../../../arm-none-eabi/lib/thumb2\libc.a(lib_a-fstatr.o)
 .debug_frame   0x0000171c       0x2c c:/microsemi/softconsole v3.3/sourcery-g++/bin/../lib/gcc/arm-none-eabi/4.4.1/../../../../arm-none-eabi/lib/thumb2\libc.a(lib_a-isattyr.o)

.debug_str      0x00000000     0x2a1f
 *(.debug_str)
 .debug_str     0x00000000     0x1c7b ./main.o
                               0x1eb1 (size before relaxing)
 .debug_str     0x00001c7b      0x274 C:/Users/robcecil/Desktop/ps2_turret_ir_integration/SoftConsole/turret_servo_mss_design_MSS_CM3_0/turret_servo_mss_design_MSS_CM3_0_hw_platform/Debug/CMSIS/startup_gcc/newlib_stubs.o
                                0x356 (size before relaxing)
 .debug_str     0x00001eef      0x307 C:\Users\robcecil\Desktop\ps2_turret_ir_integration\SoftConsole\turret_servo_mss_design_MSS_CM3_0\turret_servo_mss_design_MSS_CM3_0_hw_platform\Debug\libturret_servo_mss_design_MSS_CM3_0_hw_platform.a(mss_uart.o)
                               0x14e7 (size before relaxing)
 .debug_str     0x000021f6      0x359 C:\Users\robcecil\Desktop\ps2_turret_ir_integration\SoftConsole\turret_servo_mss_design_MSS_CM3_0\turret_servo_mss_design_MSS_CM3_0_hw_platform\Debug\libturret_servo_mss_design_MSS_CM3_0_hw_platform.a(mss_spi.o)
                               0x16f8 (size before relaxing)
 .debug_str     0x0000254f      0x2df C:\Users\robcecil\Desktop\ps2_turret_ir_integration\SoftConsole\turret_servo_mss_design_MSS_CM3_0\turret_servo_mss_design_MSS_CM3_0_hw_platform\Debug\libturret_servo_mss_design_MSS_CM3_0_hw_platform.a(mss_gpio.o)
                               0x12bf (size before relaxing)
 .debug_str     0x0000282e       0x60 C:\Users\robcecil\Desktop\ps2_turret_ir_integration\SoftConsole\turret_servo_mss_design_MSS_CM3_0\turret_servo_mss_design_MSS_CM3_0_hw_platform\Debug\libturret_servo_mss_design_MSS_CM3_0_hw_platform.a(core_uart_apb.o)
                                0x2a6 (size before relaxing)
 .debug_str     0x0000288e       0x41 C:\Users\robcecil\Desktop\ps2_turret_ir_integration\SoftConsole\turret_servo_mss_design_MSS_CM3_0\turret_servo_mss_design_MSS_CM3_0_hw_platform\Debug\libturret_servo_mss_design_MSS_CM3_0_hw_platform.a(core_spi.o)
                                0x622 (size before relaxing)
 .debug_str     0x000028cf       0xf7 C:\Users\robcecil\Desktop\ps2_turret_ir_integration\SoftConsole\turret_servo_mss_design_MSS_CM3_0\turret_servo_mss_design_MSS_CM3_0_hw_platform\Debug\libturret_servo_mss_design_MSS_CM3_0_hw_platform.a(system_a2fxxxm3.o)
                                0x48a (size before relaxing)
 .debug_str     0x000029c6       0x59 C:\Users\robcecil\Desktop\ps2_turret_ir_integration\SoftConsole\turret_servo_mss_design_MSS_CM3_0\turret_servo_mss_design_MSS_CM3_0_hw_platform\Debug\libturret_servo_mss_design_MSS_CM3_0_hw_platform.a(hal_assert.o)
                                0x1a5 (size before relaxing)

.debug_loc      0x00000000     0x1c58
 *(.debug_loc)
 .debug_loc     0x00000000      0x63a ./main.o
 .debug_loc     0x0000063a      0x3c6 C:/Users/robcecil/Desktop/ps2_turret_ir_integration/SoftConsole/turret_servo_mss_design_MSS_CM3_0/turret_servo_mss_design_MSS_CM3_0_hw_platform/Debug/CMSIS/startup_gcc/newlib_stubs.o
 .debug_loc     0x00000a00      0x510 C:\Users\robcecil\Desktop\ps2_turret_ir_integration\SoftConsole\turret_servo_mss_design_MSS_CM3_0\turret_servo_mss_design_MSS_CM3_0_hw_platform\Debug\libturret_servo_mss_design_MSS_CM3_0_hw_platform.a(mss_uart.o)
 .debug_loc     0x00000f10      0x549 C:\Users\robcecil\Desktop\ps2_turret_ir_integration\SoftConsole\turret_servo_mss_design_MSS_CM3_0\turret_servo_mss_design_MSS_CM3_0_hw_platform\Debug\libturret_servo_mss_design_MSS_CM3_0_hw_platform.a(mss_spi.o)
 .debug_loc     0x00001459      0x1ef C:\Users\robcecil\Desktop\ps2_turret_ir_integration\SoftConsole\turret_servo_mss_design_MSS_CM3_0\turret_servo_mss_design_MSS_CM3_0_hw_platform\Debug\libturret_servo_mss_design_MSS_CM3_0_hw_platform.a(mss_gpio.o)
 .debug_loc     0x00001648      0x154 C:\Users\robcecil\Desktop\ps2_turret_ir_integration\SoftConsole\turret_servo_mss_design_MSS_CM3_0\turret_servo_mss_design_MSS_CM3_0_hw_platform\Debug\libturret_servo_mss_design_MSS_CM3_0_hw_platform.a(core_uart_apb.o)
 .debug_loc     0x0000179c      0x3ec C:\Users\robcecil\Desktop\ps2_turret_ir_integration\SoftConsole\turret_servo_mss_design_MSS_CM3_0\turret_servo_mss_design_MSS_CM3_0_hw_platform\Debug\libturret_servo_mss_design_MSS_CM3_0_hw_platform.a(core_spi.o)
 .debug_loc     0x00001b88       0x99 C:\Users\robcecil\Desktop\ps2_turret_ir_integration\SoftConsole\turret_servo_mss_design_MSS_CM3_0\turret_servo_mss_design_MSS_CM3_0_hw_platform\Debug\libturret_servo_mss_design_MSS_CM3_0_hw_platform.a(system_a2fxxxm3.o)
 .debug_loc     0x00001c21       0x37 C:\Users\robcecil\Desktop\ps2_turret_ir_integration\SoftConsole\turret_servo_mss_design_MSS_CM3_0\turret_servo_mss_design_MSS_CM3_0_hw_platform\Debug\libturret_servo_mss_design_MSS_CM3_0_hw_platform.a(hal_assert.o)

.debug_macinfo  0x00000000    0x3072a
 *(.debug_macinfo)
 .debug_macinfo
                0x00000000     0x9ce4 ./main.o
 .debug_macinfo
                0x00009ce4     0x4bf0 C:/Users/robcecil/Desktop/ps2_turret_ir_integration/SoftConsole/turret_servo_mss_design_MSS_CM3_0/turret_servo_mss_design_MSS_CM3_0_hw_platform/Debug/CMSIS/startup_gcc/newlib_stubs.o
 .debug_macinfo
                0x0000e8d4     0x63ca C:\Users\robcecil\Desktop\ps2_turret_ir_integration\SoftConsole\turret_servo_mss_design_MSS_CM3_0\turret_servo_mss_design_MSS_CM3_0_hw_platform\Debug\libturret_servo_mss_design_MSS_CM3_0_hw_platform.a(mss_uart.o)
 .debug_macinfo
                0x00014c9e     0x7540 C:\Users\robcecil\Desktop\ps2_turret_ir_integration\SoftConsole\turret_servo_mss_design_MSS_CM3_0\turret_servo_mss_design_MSS_CM3_0_hw_platform\Debug\libturret_servo_mss_design_MSS_CM3_0_hw_platform.a(mss_spi.o)
 .debug_macinfo
                0x0001c1de     0x5ce1 C:\Users\robcecil\Desktop\ps2_turret_ir_integration\SoftConsole\turret_servo_mss_design_MSS_CM3_0\turret_servo_mss_design_MSS_CM3_0_hw_platform\Debug\libturret_servo_mss_design_MSS_CM3_0_hw_platform.a(mss_gpio.o)
 .debug_macinfo
                0x00021ebf     0x2437 C:\Users\robcecil\Desktop\ps2_turret_ir_integration\SoftConsole\turret_servo_mss_design_MSS_CM3_0\turret_servo_mss_design_MSS_CM3_0_hw_platform\Debug\libturret_servo_mss_design_MSS_CM3_0_hw_platform.a(core_uart_apb.o)
 .debug_macinfo
                0x000242f6     0x4cd3 C:\Users\robcecil\Desktop\ps2_turret_ir_integration\SoftConsole\turret_servo_mss_design_MSS_CM3_0\turret_servo_mss_design_MSS_CM3_0_hw_platform\Debug\libturret_servo_mss_design_MSS_CM3_0_hw_platform.a(core_spi.o)
 .debug_macinfo
                0x00028fc9     0x5a7f C:\Users\robcecil\Desktop\ps2_turret_ir_integration\SoftConsole\turret_servo_mss_design_MSS_CM3_0\turret_servo_mss_design_MSS_CM3_0_hw_platform\Debug\libturret_servo_mss_design_MSS_CM3_0_hw_platform.a(system_a2fxxxm3.o)
 .debug_macinfo
                0x0002ea48     0x1ce2 C:\Users\robcecil\Desktop\ps2_turret_ir_integration\SoftConsole\turret_servo_mss_design_MSS_CM3_0\turret_servo_mss_design_MSS_CM3_0_hw_platform\Debug\libturret_servo_mss_design_MSS_CM3_0_hw_platform.a(hal_assert.o)

.debug_weaknames
 *(.debug_weaknames)

.debug_funcnames
 *(.debug_funcnames)

.debug_typenames
 *(.debug_typenames)

.debug_varnames
 *(.debug_varnames)

.note.gnu.arm.ident
 *(.note.gnu.arm.ident)

.ARM.attributes
                0x00000000       0x25
 *(.ARM.attributes)
 .ARM.attributes
                0x00000000       0x19 c:/microsemi/softconsole v3.3/sourcery-g++/bin/../lib/gcc/arm-none-eabi/4.4.1/thumb2/crti.o
 .ARM.attributes
                0x00000019       0x29 c:/microsemi/softconsole v3.3/sourcery-g++/bin/../lib/gcc/arm-none-eabi/4.4.1/thumb2/crtbegin.o
 .ARM.attributes
                0x00000042       0x31 ./main.o
 .ARM.attributes
                0x00000073       0x21 C:/Users/robcecil/Desktop/ps2_turret_ir_integration/SoftConsole/turret_servo_mss_design_MSS_CM3_0/turret_servo_mss_design_MSS_CM3_0_hw_platform/Debug/CMSIS/startup_gcc/startup_a2fxxxm3.o
 .ARM.attributes
                0x00000094       0x31 C:/Users/robcecil/Desktop/ps2_turret_ir_integration/SoftConsole/turret_servo_mss_design_MSS_CM3_0/turret_servo_mss_design_MSS_CM3_0_hw_platform/Debug/CMSIS/startup_gcc/newlib_stubs.o
 .ARM.attributes
                0x000000c5       0x31 C:\Users\robcecil\Desktop\ps2_turret_ir_integration\SoftConsole\turret_servo_mss_design_MSS_CM3_0\turret_servo_mss_design_MSS_CM3_0_hw_platform\Debug\libturret_servo_mss_design_MSS_CM3_0_hw_platform.a(mss_uart.o)
 .ARM.attributes
                0x000000f6       0x31 C:\Users\robcecil\Desktop\ps2_turret_ir_integration\SoftConsole\turret_servo_mss_design_MSS_CM3_0\turret_servo_mss_design_MSS_CM3_0_hw_platform\Debug\libturret_servo_mss_design_MSS_CM3_0_hw_platform.a(mss_spi.o)
 .ARM.attributes
                0x00000127       0x31 C:\Users\robcecil\Desktop\ps2_turret_ir_integration\SoftConsole\turret_servo_mss_design_MSS_CM3_0\turret_servo_mss_design_MSS_CM3_0_hw_platform\Debug\libturret_servo_mss_design_MSS_CM3_0_hw_platform.a(mss_gpio.o)
 .ARM.attributes
                0x00000158       0x31 C:\Users\robcecil\Desktop\ps2_turret_ir_integration\SoftConsole\turret_servo_mss_design_MSS_CM3_0\turret_servo_mss_design_MSS_CM3_0_hw_platform\Debug\libturret_servo_mss_design_MSS_CM3_0_hw_platform.a(core_uart_apb.o)
 .ARM.attributes
                0x00000189       0x31 C:\Users\robcecil\Desktop\ps2_turret_ir_integration\SoftConsole\turret_servo_mss_design_MSS_CM3_0\turret_servo_mss_design_MSS_CM3_0_hw_platform\Debug\libturret_servo_mss_design_MSS_CM3_0_hw_platform.a(core_spi.o)
 .ARM.attributes
                0x000001ba       0x31 C:\Users\robcecil\Desktop\ps2_turret_ir_integration\SoftConsole\turret_servo_mss_design_MSS_CM3_0\turret_servo_mss_design_MSS_CM3_0_hw_platform\Debug\libturret_servo_mss_design_MSS_CM3_0_hw_platform.a(system_a2fxxxm3.o)
 .ARM.attributes
                0x000001eb       0x31 C:\Users\robcecil\Desktop\ps2_turret_ir_integration\SoftConsole\turret_servo_mss_design_MSS_CM3_0\turret_servo_mss_design_MSS_CM3_0_hw_platform\Debug\libturret_servo_mss_design_MSS_CM3_0_hw_platform.a(hal_assert.o)
 .ARM.attributes
                0x0000021c       0x21 C:\Users\robcecil\Desktop\ps2_turret_ir_integration\SoftConsole\turret_servo_mss_design_MSS_CM3_0\turret_servo_mss_design_MSS_CM3_0_hw_platform\Debug\libturret_servo_mss_design_MSS_CM3_0_hw_platform.a(hw_reg_access.o)
 .ARM.attributes
                0x0000023d       0x29 c:/microsemi/softconsole v3.3/sourcery-g++/bin/../lib/gcc/arm-none-eabi/4.4.1/../../../../arm-none-eabi/lib/thumb2\libc.a(lib_a-errno.o)
 .ARM.attributes
                0x00000266       0x29 c:/microsemi/softconsole v3.3/sourcery-g++/bin/../lib/gcc/arm-none-eabi/4.4.1/../../../../arm-none-eabi/lib/thumb2\libc.a(lib_a-impure.o)
 .ARM.attributes
                0x0000028f       0x29 c:/microsemi/softconsole v3.3/sourcery-g++/bin/../lib/gcc/arm-none-eabi/4.4.1/../../../../arm-none-eabi/lib/thumb2\libc.a(lib_a-init.o)
 .ARM.attributes
                0x000002b8       0x29 c:/microsemi/softconsole v3.3/sourcery-g++/bin/../lib/gcc/arm-none-eabi/4.4.1/../../../../arm-none-eabi/lib/thumb2\libc.a(lib_a-memset.o)
 .ARM.attributes
                0x000002e1       0x29 c:/microsemi/softconsole v3.3/sourcery-g++/bin/../lib/gcc/arm-none-eabi/4.4.1/../../../../arm-none-eabi/lib/thumb2\libc.a(lib_a-puts.o)
 .ARM.attributes
                0x0000030a       0x29 c:/microsemi/softconsole v3.3/sourcery-g++/bin/../lib/gcc/arm-none-eabi/4.4.1/../../../../arm-none-eabi/lib/thumb2\libc.a(lib_a-strlen.o)
 .ARM.attributes
                0x00000333       0x29 c:/microsemi/softconsole v3.3/sourcery-g++/bin/../lib/gcc/arm-none-eabi/4.4.1/../../../../arm-none-eabi/lib/thumb2\libc.a(lib_a-findfp.o)
 .ARM.attributes
                0x0000035c       0x29 c:/microsemi/softconsole v3.3/sourcery-g++/bin/../lib/gcc/arm-none-eabi/4.4.1/../../../../arm-none-eabi/lib/thumb2\libc.a(lib_a-fvwrite.o)
 .ARM.attributes
                0x00000385       0x29 c:/microsemi/softconsole v3.3/sourcery-g++/bin/../lib/gcc/arm-none-eabi/4.4.1/../../../../arm-none-eabi/lib/thumb2\libc.a(lib_a-fwalk.o)
 .ARM.attributes
                0x000003ae       0x29 c:/microsemi/softconsole v3.3/sourcery-g++/bin/../lib/gcc/arm-none-eabi/4.4.1/../../../../arm-none-eabi/lib/thumb2\libc.a(lib_a-mallocr.o)
 .ARM.attributes
                0x000003d7       0x29 c:/microsemi/softconsole v3.3/sourcery-g++/bin/../lib/gcc/arm-none-eabi/4.4.1/../../../../arm-none-eabi/lib/thumb2\libc.a(lib_a-memchr.o)
 .ARM.attributes
                0x00000400       0x29 c:/microsemi/softconsole v3.3/sourcery-g++/bin/../lib/gcc/arm-none-eabi/4.4.1/../../../../arm-none-eabi/lib/thumb2\libc.a(lib_a-memcpy.o)
 .ARM.attributes
                0x00000429       0x29 c:/microsemi/softconsole v3.3/sourcery-g++/bin/../lib/gcc/arm-none-eabi/4.4.1/../../../../arm-none-eabi/lib/thumb2\libc.a(lib_a-memmove.o)
 .ARM.attributes
                0x00000452       0x29 c:/microsemi/softconsole v3.3/sourcery-g++/bin/../lib/gcc/arm-none-eabi/4.4.1/../../../../arm-none-eabi/lib/thumb2\libc.a(lib_a-mlock.o)
 .ARM.attributes
                0x0000047b       0x29 c:/microsemi/softconsole v3.3/sourcery-g++/bin/../lib/gcc/arm-none-eabi/4.4.1/../../../../arm-none-eabi/lib/thumb2\libc.a(lib_a-reallocr.o)
 .ARM.attributes
                0x000004a4       0x29 c:/microsemi/softconsole v3.3/sourcery-g++/bin/../lib/gcc/arm-none-eabi/4.4.1/../../../../arm-none-eabi/lib/thumb2\libc.a(lib_a-sbrkr.o)
 .ARM.attributes
                0x000004cd       0x29 c:/microsemi/softconsole v3.3/sourcery-g++/bin/../lib/gcc/arm-none-eabi/4.4.1/../../../../arm-none-eabi/lib/thumb2\libc.a(lib_a-stdio.o)
 .ARM.attributes
                0x000004f6       0x29 c:/microsemi/softconsole v3.3/sourcery-g++/bin/../lib/gcc/arm-none-eabi/4.4.1/../../../../arm-none-eabi/lib/thumb2\libc.a(lib_a-wsetup.o)
 .ARM.attributes
                0x0000051f       0x29 c:/microsemi/softconsole v3.3/sourcery-g++/bin/../lib/gcc/arm-none-eabi/4.4.1/../../../../arm-none-eabi/lib/thumb2\libc.a(lib_a-closer.o)
 .ARM.attributes
                0x00000548       0x29 c:/microsemi/softconsole v3.3/sourcery-g++/bin/../lib/gcc/arm-none-eabi/4.4.1/../../../../arm-none-eabi/lib/thumb2\libc.a(lib_a-fclose.o)
 .ARM.attributes
                0x00000571       0x29 c:/microsemi/softconsole v3.3/sourcery-g++/bin/../lib/gcc/arm-none-eabi/4.4.1/../../../../arm-none-eabi/lib/thumb2\libc.a(lib_a-fflush.o)
 .ARM.attributes
                0x0000059a       0x29 c:/microsemi/softconsole v3.3/sourcery-g++/bin/../lib/gcc/arm-none-eabi/4.4.1/../../../../arm-none-eabi/lib/thumb2\libc.a(lib_a-freer.o)
 .ARM.attributes
                0x000005c3       0x29 c:/microsemi/softconsole v3.3/sourcery-g++/bin/../lib/gcc/arm-none-eabi/4.4.1/../../../../arm-none-eabi/lib/thumb2\libc.a(lib_a-lseekr.o)
 .ARM.attributes
                0x000005ec       0x29 c:/microsemi/softconsole v3.3/sourcery-g++/bin/../lib/gcc/arm-none-eabi/4.4.1/../../../../arm-none-eabi/lib/thumb2\libc.a(lib_a-makebuf.o)
 .ARM.attributes
                0x00000615       0x29 c:/microsemi/softconsole v3.3/sourcery-g++/bin/../lib/gcc/arm-none-eabi/4.4.1/../../../../arm-none-eabi/lib/thumb2\libc.a(lib_a-readr.o)
 .ARM.attributes
                0x0000063e       0x29 c:/microsemi/softconsole v3.3/sourcery-g++/bin/../lib/gcc/arm-none-eabi/4.4.1/../../../../arm-none-eabi/lib/thumb2\libc.a(lib_a-reent.o)
 .ARM.attributes
                0x00000667       0x29 c:/microsemi/softconsole v3.3/sourcery-g++/bin/../lib/gcc/arm-none-eabi/4.4.1/../../../../arm-none-eabi/lib/thumb2\libc.a(lib_a-fstatr.o)
 .ARM.attributes
                0x00000690       0x29 c:/microsemi/softconsole v3.3/sourcery-g++/bin/../lib/gcc/arm-none-eabi/4.4.1/../../../../arm-none-eabi/lib/thumb2\libc.a(lib_a-isattyr.o)
 .ARM.attributes
                0x000006b9       0x29 c:/microsemi/softconsole v3.3/sourcery-g++/bin/../lib/gcc/arm-none-eabi/4.4.1/thumb2/crtend.o
 .ARM.attributes
                0x000006e2       0x19 c:/microsemi/softconsole v3.3/sourcery-g++/bin/../lib/gcc/arm-none-eabi/4.4.1/thumb2/crtn.o

/DISCARD/
 *(.note.GNU-stack)
OUTPUT(turret_servo_mss_design_MSS_CM3_0_app elf32-littlearm)

.debug_ranges   0x00000000      0x4e8
 .debug_ranges  0x00000000      0x128 ./main.o
 .debug_ranges  0x00000128       0xa0 C:/Users/robcecil/Desktop/ps2_turret_ir_integration/SoftConsole/turret_servo_mss_design_MSS_CM3_0/turret_servo_mss_design_MSS_CM3_0_hw_platform/Debug/CMSIS/startup_gcc/newlib_stubs.o
 .debug_ranges  0x000001c8       0xd0 C:\Users\robcecil\Desktop\ps2_turret_ir_integration\SoftConsole\turret_servo_mss_design_MSS_CM3_0\turret_servo_mss_design_MSS_CM3_0_hw_platform\Debug\libturret_servo_mss_design_MSS_CM3_0_hw_platform.a(mss_uart.o)
 .debug_ranges  0x00000298       0xd8 C:\Users\robcecil\Desktop\ps2_turret_ir_integration\SoftConsole\turret_servo_mss_design_MSS_CM3_0\turret_servo_mss_design_MSS_CM3_0_hw_platform\Debug\libturret_servo_mss_design_MSS_CM3_0_hw_platform.a(mss_spi.o)
 .debug_ranges  0x00000370       0x58 C:\Users\robcecil\Desktop\ps2_turret_ir_integration\SoftConsole\turret_servo_mss_design_MSS_CM3_0\turret_servo_mss_design_MSS_CM3_0_hw_platform\Debug\libturret_servo_mss_design_MSS_CM3_0_hw_platform.a(mss_gpio.o)
 .debug_ranges  0x000003c8       0x40 C:\Users\robcecil\Desktop\ps2_turret_ir_integration\SoftConsole\turret_servo_mss_design_MSS_CM3_0\turret_servo_mss_design_MSS_CM3_0_hw_platform\Debug\libturret_servo_mss_design_MSS_CM3_0_hw_platform.a(core_uart_apb.o)
 .debug_ranges  0x00000408       0xa0 C:\Users\robcecil\Desktop\ps2_turret_ir_integration\SoftConsole\turret_servo_mss_design_MSS_CM3_0\turret_servo_mss_design_MSS_CM3_0_hw_platform\Debug\libturret_servo_mss_design_MSS_CM3_0_hw_platform.a(core_spi.o)
 .debug_ranges  0x000004a8       0x28 C:\Users\robcecil\Desktop\ps2_turret_ir_integration\SoftConsole\turret_servo_mss_design_MSS_CM3_0\turret_servo_mss_design_MSS_CM3_0_hw_platform\Debug\libturret_servo_mss_design_MSS_CM3_0_hw_platform.a(system_a2fxxxm3.o)
 .debug_ranges  0x000004d0       0x18 C:\Users\robcecil\Desktop\ps2_turret_ir_integration\SoftConsole\turret_servo_mss_design_MSS_CM3_0\turret_servo_mss_design_MSS_CM3_0_hw_platform\Debug\libturret_servo_mss_design_MSS_CM3_0_hw_platform.a(hal_assert.o)
