Archive member included because of file (symbol)

C:\Users\robcecil\Desktop\ps2_turret_ir_integration\SoftConsole\turret_servo_mss_design_MSS_CM3_0\turret_servo_mss_design_MSS_CM3_0_hw_platform\Debug\libturret_servo_mss_design_MSS_CM3_0_hw_platform.a(mss_spi.o)
                              ./main.o (g_mss_spi1)
C:\Users\robcecil\Desktop\ps2_turret_ir_integration\SoftConsole\turret_servo_mss_design_MSS_CM3_0\turret_servo_mss_design_MSS_CM3_0_hw_platform\Debug\libturret_servo_mss_design_MSS_CM3_0_hw_platform.a(mss_gpio.o)
                              ./main.o (MSS_GPIO_config)
C:\Users\robcecil\Desktop\ps2_turret_ir_integration\SoftConsole\turret_servo_mss_design_MSS_CM3_0\turret_servo_mss_design_MSS_CM3_0_hw_platform\Debug\libturret_servo_mss_design_MSS_CM3_0_hw_platform.a(core_uart_apb.o)
                              ./main.o (UART_init)
C:\Users\robcecil\Desktop\ps2_turret_ir_integration\SoftConsole\turret_servo_mss_design_MSS_CM3_0\turret_servo_mss_design_MSS_CM3_0_hw_platform\Debug\libturret_servo_mss_design_MSS_CM3_0_hw_platform.a(core_spi.o)
                              ./main.o (SPI_init)
C:\Users\robcecil\Desktop\ps2_turret_ir_integration\SoftConsole\turret_servo_mss_design_MSS_CM3_0\turret_servo_mss_design_MSS_CM3_0_hw_platform\Debug\libturret_servo_mss_design_MSS_CM3_0_hw_platform.a(system_a2fxxxm3.o)
                              C:/Users/robcecil/Desktop/ps2_turret_ir_integration/SoftConsole/turret_servo_mss_design_MSS_CM3_0/turret_servo_mss_design_MSS_CM3_0_hw_platform/Debug/CMSIS/startup_gcc/startup_a2fxxxm3.o (SystemInit)
C:\Users\robcecil\Desktop\ps2_turret_ir_integration\SoftConsole\turret_servo_mss_design_MSS_CM3_0\turret_servo_mss_design_MSS_CM3_0_hw_platform\Debug\libturret_servo_mss_design_MSS_CM3_0_hw_platform.a(hal_assert.o)
                              C:\Users\robcecil\Desktop\ps2_turret_ir_integration\SoftConsole\turret_servo_mss_design_MSS_CM3_0\turret_servo_mss_design_MSS_CM3_0_hw_platform\Debug\libturret_servo_mss_design_MSS_CM3_0_hw_platform.a(core_uart_apb.o) (HAL_assert_fail)
C:\Users\robcecil\Desktop\ps2_turret_ir_integration\SoftConsole\turret_servo_mss_design_MSS_CM3_0\turret_servo_mss_design_MSS_CM3_0_hw_platform\Debug\libturret_servo_mss_design_MSS_CM3_0_hw_platform.a(hw_reg_access.o)
                              C:\Users\robcecil\Desktop\ps2_turret_ir_integration\SoftConsole\turret_servo_mss_design_MSS_CM3_0\turret_servo_mss_design_MSS_CM3_0_hw_platform\Debug\libturret_servo_mss_design_MSS_CM3_0_hw_platform.a(core_spi.o) (HW_set_32bit_reg)
c:/microsemi/softconsole v3.3/sourcery-g++/bin/../lib/gcc/arm-none-eabi/4.4.1/../../../../arm-none-eabi/lib/thumb2\libc.a(lib_a-errno.o)
                              C:/Users/robcecil/Desktop/ps2_turret_ir_integration/SoftConsole/turret_servo_mss_design_MSS_CM3_0/turret_servo_mss_design_MSS_CM3_0_hw_platform/Debug/CMSIS/startup_gcc/newlib_stubs.o (__errno)
c:/microsemi/softconsole v3.3/sourcery-g++/bin/../lib/gcc/arm-none-eabi/4.4.1/../../../../arm-none-eabi/lib/thumb2\libc.a(lib_a-impure.o)
                              c:/microsemi/softconsole v3.3/sourcery-g++/bin/../lib/gcc/arm-none-eabi/4.4.1/../../../../arm-none-eabi/lib/thumb2\libc.a(lib_a-errno.o) (_impure_ptr)
c:/microsemi/softconsole v3.3/sourcery-g++/bin/../lib/gcc/arm-none-eabi/4.4.1/../../../../arm-none-eabi/lib/thumb2\libc.a(lib_a-init.o)
                              C:/Users/robcecil/Desktop/ps2_turret_ir_integration/SoftConsole/turret_servo_mss_design_MSS_CM3_0/turret_servo_mss_design_MSS_CM3_0_hw_platform/Debug/CMSIS/startup_gcc/startup_a2fxxxm3.o (__libc_init_array)
c:/microsemi/softconsole v3.3/sourcery-g++/bin/../lib/gcc/arm-none-eabi/4.4.1/../../../../arm-none-eabi/lib/thumb2\libc.a(lib_a-memset.o)
                              C:\Users\robcecil\Desktop\ps2_turret_ir_integration\SoftConsole\turret_servo_mss_design_MSS_CM3_0\turret_servo_mss_design_MSS_CM3_0_hw_platform\Debug\libturret_servo_mss_design_MSS_CM3_0_hw_platform.a(mss_spi.o) (memset)

Allocating common symbols
Common symbol       size              file

g_spi_led           0x48              ./main.o
g_mss_spi1          0x84              C:\Users\robcecil\Desktop\ps2_turret_ir_integration\SoftConsole\turret_servo_mss_design_MSS_CM3_0\turret_servo_mss_design_MSS_CM3_0_hw_platform\Debug\libturret_servo_mss_design_MSS_CM3_0_hw_platform.a(mss_spi.o)
master_rx_buffer    0x9               ./main.o
g_uart              0x8               ./main.o
master_tx_buffer    0x9               ./main.o
g_mss_spi0          0x84              C:\Users\robcecil\Desktop\ps2_turret_ir_integration\SoftConsole\turret_servo_mss_design_MSS_CM3_0\turret_servo_mss_design_MSS_CM3_0_hw_platform\Debug\libturret_servo_mss_design_MSS_CM3_0_hw_platform.a(mss_spi.o)

Discarded input sections

 .text          0x00000000        0x0 c:/microsemi/softconsole v3.3/sourcery-g++/bin/../lib/gcc/arm-none-eabi/4.4.1/thumb2/crti.o
 .data          0x00000000        0x0 c:/microsemi/softconsole v3.3/sourcery-g++/bin/../lib/gcc/arm-none-eabi/4.4.1/thumb2/crti.o
 .bss           0x00000000        0x0 c:/microsemi/softconsole v3.3/sourcery-g++/bin/../lib/gcc/arm-none-eabi/4.4.1/thumb2/crti.o
 .data          0x00000000        0x4 c:/microsemi/softconsole v3.3/sourcery-g++/bin/../lib/gcc/arm-none-eabi/4.4.1/thumb2/crtbegin.o
 .text          0x00000000        0x0 ./main.o
 .data          0x00000000        0x0 ./main.o
 .bss           0x00000000        0x0 ./main.o
 .text.blueLED  0x00000000      0x134 ./main.o
 .text          0x00000000        0x0 C:/Users/robcecil/Desktop/ps2_turret_ir_integration/SoftConsole/turret_servo_mss_design_MSS_CM3_0/turret_servo_mss_design_MSS_CM3_0_hw_platform/Debug/CMSIS/startup_gcc/startup_a2fxxxm3.o
 .data          0x00000000        0x0 C:/Users/robcecil/Desktop/ps2_turret_ir_integration/SoftConsole/turret_servo_mss_design_MSS_CM3_0/turret_servo_mss_design_MSS_CM3_0_hw_platform/Debug/CMSIS/startup_gcc/startup_a2fxxxm3.o
 .bss           0x00000000        0x0 C:/Users/robcecil/Desktop/ps2_turret_ir_integration/SoftConsole/turret_servo_mss_design_MSS_CM3_0/turret_servo_mss_design_MSS_CM3_0_hw_platform/Debug/CMSIS/startup_gcc/startup_a2fxxxm3.o
 .text          0x00000000        0x0 C:/Users/robcecil/Desktop/ps2_turret_ir_integration/SoftConsole/turret_servo_mss_design_MSS_CM3_0/turret_servo_mss_design_MSS_CM3_0_hw_platform/Debug/CMSIS/startup_gcc/newlib_stubs.o
 .data          0x00000000        0x0 C:/Users/robcecil/Desktop/ps2_turret_ir_integration/SoftConsole/turret_servo_mss_design_MSS_CM3_0/turret_servo_mss_design_MSS_CM3_0_hw_platform/Debug/CMSIS/startup_gcc/newlib_stubs.o
 .bss           0x00000000        0x0 C:/Users/robcecil/Desktop/ps2_turret_ir_integration/SoftConsole/turret_servo_mss_design_MSS_CM3_0/turret_servo_mss_design_MSS_CM3_0_hw_platform/Debug/CMSIS/startup_gcc/newlib_stubs.o
 .bss.__env     0x00000000        0x4 C:/Users/robcecil/Desktop/ps2_turret_ir_integration/SoftConsole/turret_servo_mss_design_MSS_CM3_0/turret_servo_mss_design_MSS_CM3_0_hw_platform/Debug/CMSIS/startup_gcc/newlib_stubs.o
 .data.environ  0x00000000        0x4 C:/Users/robcecil/Desktop/ps2_turret_ir_integration/SoftConsole/turret_servo_mss_design_MSS_CM3_0/turret_servo_mss_design_MSS_CM3_0_hw_platform/Debug/CMSIS/startup_gcc/newlib_stubs.o
 .text._close   0x00000000       0x18 C:/Users/robcecil/Desktop/ps2_turret_ir_integration/SoftConsole/turret_servo_mss_design_MSS_CM3_0/turret_servo_mss_design_MSS_CM3_0_hw_platform/Debug/CMSIS/startup_gcc/newlib_stubs.o
 .text._execve  0x00000000       0x28 C:/Users/robcecil/Desktop/ps2_turret_ir_integration/SoftConsole/turret_servo_mss_design_MSS_CM3_0/turret_servo_mss_design_MSS_CM3_0_hw_platform/Debug/CMSIS/startup_gcc/newlib_stubs.o
 .text._exit    0x00000000        0xc C:/Users/robcecil/Desktop/ps2_turret_ir_integration/SoftConsole/turret_servo_mss_design_MSS_CM3_0/turret_servo_mss_design_MSS_CM3_0_hw_platform/Debug/CMSIS/startup_gcc/newlib_stubs.o
 .text._fork    0x00000000       0x18 C:/Users/robcecil/Desktop/ps2_turret_ir_integration/SoftConsole/turret_servo_mss_design_MSS_CM3_0/turret_servo_mss_design_MSS_CM3_0_hw_platform/Debug/CMSIS/startup_gcc/newlib_stubs.o
 .text._fstat   0x00000000       0x24 C:/Users/robcecil/Desktop/ps2_turret_ir_integration/SoftConsole/turret_servo_mss_design_MSS_CM3_0/turret_servo_mss_design_MSS_CM3_0_hw_platform/Debug/CMSIS/startup_gcc/newlib_stubs.o
 .text._getpid  0x00000000       0x10 C:/Users/robcecil/Desktop/ps2_turret_ir_integration/SoftConsole/turret_servo_mss_design_MSS_CM3_0/turret_servo_mss_design_MSS_CM3_0_hw_platform/Debug/CMSIS/startup_gcc/newlib_stubs.o
 .text._isatty  0x00000000       0x18 C:/Users/robcecil/Desktop/ps2_turret_ir_integration/SoftConsole/turret_servo_mss_design_MSS_CM3_0/turret_servo_mss_design_MSS_CM3_0_hw_platform/Debug/CMSIS/startup_gcc/newlib_stubs.o
 .text._kill    0x00000000       0x24 C:/Users/robcecil/Desktop/ps2_turret_ir_integration/SoftConsole/turret_servo_mss_design_MSS_CM3_0/turret_servo_mss_design_MSS_CM3_0_hw_platform/Debug/CMSIS/startup_gcc/newlib_stubs.o
 .text._link    0x00000000       0x24 C:/Users/robcecil/Desktop/ps2_turret_ir_integration/SoftConsole/turret_servo_mss_design_MSS_CM3_0/turret_servo_mss_design_MSS_CM3_0_hw_platform/Debug/CMSIS/startup_gcc/newlib_stubs.o
 .text._lseek   0x00000000       0x1c C:/Users/robcecil/Desktop/ps2_turret_ir_integration/SoftConsole/turret_servo_mss_design_MSS_CM3_0/turret_servo_mss_design_MSS_CM3_0_hw_platform/Debug/CMSIS/startup_gcc/newlib_stubs.o
 .text._open    0x00000000       0x1c C:/Users/robcecil/Desktop/ps2_turret_ir_integration/SoftConsole/turret_servo_mss_design_MSS_CM3_0/turret_servo_mss_design_MSS_CM3_0_hw_platform/Debug/CMSIS/startup_gcc/newlib_stubs.o
 .text._read    0x00000000       0x1c C:/Users/robcecil/Desktop/ps2_turret_ir_integration/SoftConsole/turret_servo_mss_design_MSS_CM3_0/turret_servo_mss_design_MSS_CM3_0_hw_platform/Debug/CMSIS/startup_gcc/newlib_stubs.o
 .text._write_r
                0x00000000       0x20 C:/Users/robcecil/Desktop/ps2_turret_ir_integration/SoftConsole/turret_servo_mss_design_MSS_CM3_0/turret_servo_mss_design_MSS_CM3_0_hw_platform/Debug/CMSIS/startup_gcc/newlib_stubs.o
 .rodata        0x00000000       0x1c C:/Users/robcecil/Desktop/ps2_turret_ir_integration/SoftConsole/turret_servo_mss_design_MSS_CM3_0/turret_servo_mss_design_MSS_CM3_0_hw_platform/Debug/CMSIS/startup_gcc/newlib_stubs.o
 .text._sbrk    0x00000000       0x94 C:/Users/robcecil/Desktop/ps2_turret_ir_integration/SoftConsole/turret_servo_mss_design_MSS_CM3_0/turret_servo_mss_design_MSS_CM3_0_hw_platform/Debug/CMSIS/startup_gcc/newlib_stubs.o
 .text._stat    0x00000000       0x24 C:/Users/robcecil/Desktop/ps2_turret_ir_integration/SoftConsole/turret_servo_mss_design_MSS_CM3_0/turret_servo_mss_design_MSS_CM3_0_hw_platform/Debug/CMSIS/startup_gcc/newlib_stubs.o
 .text._times   0x00000000       0x18 C:/Users/robcecil/Desktop/ps2_turret_ir_integration/SoftConsole/turret_servo_mss_design_MSS_CM3_0/turret_servo_mss_design_MSS_CM3_0_hw_platform/Debug/CMSIS/startup_gcc/newlib_stubs.o
 .text._unlink  0x00000000       0x24 C:/Users/robcecil/Desktop/ps2_turret_ir_integration/SoftConsole/turret_servo_mss_design_MSS_CM3_0/turret_servo_mss_design_MSS_CM3_0_hw_platform/Debug/CMSIS/startup_gcc/newlib_stubs.o
 .text._wait    0x00000000       0x24 C:/Users/robcecil/Desktop/ps2_turret_ir_integration/SoftConsole/turret_servo_mss_design_MSS_CM3_0/turret_servo_mss_design_MSS_CM3_0_hw_platform/Debug/CMSIS/startup_gcc/newlib_stubs.o
 .bss.heap_end.2220
                0x00000000        0x4 C:/Users/robcecil/Desktop/ps2_turret_ir_integration/SoftConsole/turret_servo_mss_design_MSS_CM3_0/turret_servo_mss_design_MSS_CM3_0_hw_platform/Debug/CMSIS/startup_gcc/newlib_stubs.o
 .text          0x00000000        0x0 C:\Users\robcecil\Desktop\ps2_turret_ir_integration\SoftConsole\turret_servo_mss_design_MSS_CM3_0\turret_servo_mss_design_MSS_CM3_0_hw_platform\Debug\libturret_servo_mss_design_MSS_CM3_0_hw_platform.a(mss_spi.o)
 .data          0x00000000        0x0 C:\Users\robcecil\Desktop\ps2_turret_ir_integration\SoftConsole\turret_servo_mss_design_MSS_CM3_0\turret_servo_mss_design_MSS_CM3_0_hw_platform\Debug\libturret_servo_mss_design_MSS_CM3_0_hw_platform.a(mss_spi.o)
 .bss           0x00000000        0x0 C:\Users\robcecil\Desktop\ps2_turret_ir_integration\SoftConsole\turret_servo_mss_design_MSS_CM3_0\turret_servo_mss_design_MSS_CM3_0_hw_platform\Debug\libturret_servo_mss_design_MSS_CM3_0_hw_platform.a(mss_spi.o)
 .text.MSS_SPI_configure_slave_mode
                0x00000000       0xe0 C:\Users\robcecil\Desktop\ps2_turret_ir_integration\SoftConsole\turret_servo_mss_design_MSS_CM3_0\turret_servo_mss_design_MSS_CM3_0_hw_platform\Debug\libturret_servo_mss_design_MSS_CM3_0_hw_platform.a(mss_spi.o)
 .text.MSS_SPI_transfer_frame
                0x00000000       0xec C:\Users\robcecil\Desktop\ps2_turret_ir_integration\SoftConsole\turret_servo_mss_design_MSS_CM3_0\turret_servo_mss_design_MSS_CM3_0_hw_platform\Debug\libturret_servo_mss_design_MSS_CM3_0_hw_platform.a(mss_spi.o)
 .text.MSS_SPI_set_frame_rx_handler
                0x00000000       0xf0 C:\Users\robcecil\Desktop\ps2_turret_ir_integration\SoftConsole\turret_servo_mss_design_MSS_CM3_0\turret_servo_mss_design_MSS_CM3_0_hw_platform\Debug\libturret_servo_mss_design_MSS_CM3_0_hw_platform.a(mss_spi.o)
 .text.MSS_SPI_set_slave_tx_frame
                0x00000000      0x110 C:\Users\robcecil\Desktop\ps2_turret_ir_integration\SoftConsole\turret_servo_mss_design_MSS_CM3_0\turret_servo_mss_design_MSS_CM3_0_hw_platform\Debug\libturret_servo_mss_design_MSS_CM3_0_hw_platform.a(mss_spi.o)
 .text.MSS_SPI_set_slave_block_buffers
                0x00000000      0x23c C:\Users\robcecil\Desktop\ps2_turret_ir_integration\SoftConsole\turret_servo_mss_design_MSS_CM3_0\turret_servo_mss_design_MSS_CM3_0_hw_platform\Debug\libturret_servo_mss_design_MSS_CM3_0_hw_platform.a(mss_spi.o)
 .text.MSS_SPI_set_cmd_handler
                0x00000000       0xc4 C:\Users\robcecil\Desktop\ps2_turret_ir_integration\SoftConsole\turret_servo_mss_design_MSS_CM3_0\turret_servo_mss_design_MSS_CM3_0_hw_platform\Debug\libturret_servo_mss_design_MSS_CM3_0_hw_platform.a(mss_spi.o)
 .text.MSS_SPI_set_cmd_response
                0x00000000       0x38 C:\Users\robcecil\Desktop\ps2_turret_ir_integration\SoftConsole\turret_servo_mss_design_MSS_CM3_0\turret_servo_mss_design_MSS_CM3_0_hw_platform\Debug\libturret_servo_mss_design_MSS_CM3_0_hw_platform.a(mss_spi.o)
 .text.MSS_SPI_enable
                0x00000000       0x38 C:\Users\robcecil\Desktop\ps2_turret_ir_integration\SoftConsole\turret_servo_mss_design_MSS_CM3_0\turret_servo_mss_design_MSS_CM3_0_hw_platform\Debug\libturret_servo_mss_design_MSS_CM3_0_hw_platform.a(mss_spi.o)
 .text.MSS_SPI_disable
                0x00000000       0x38 C:\Users\robcecil\Desktop\ps2_turret_ir_integration\SoftConsole\turret_servo_mss_design_MSS_CM3_0\turret_servo_mss_design_MSS_CM3_0_hw_platform\Debug\libturret_servo_mss_design_MSS_CM3_0_hw_platform.a(mss_spi.o)
 .text.MSS_SPI_set_transfer_byte_count
                0x00000000       0x84 C:\Users\robcecil\Desktop\ps2_turret_ir_integration\SoftConsole\turret_servo_mss_design_MSS_CM3_0\turret_servo_mss_design_MSS_CM3_0_hw_platform\Debug\libturret_servo_mss_design_MSS_CM3_0_hw_platform.a(mss_spi.o)
 .text.MSS_SPI_tx_done
                0x00000000       0x24 C:\Users\robcecil\Desktop\ps2_turret_ir_integration\SoftConsole\turret_servo_mss_design_MSS_CM3_0\turret_servo_mss_design_MSS_CM3_0_hw_platform\Debug\libturret_servo_mss_design_MSS_CM3_0_hw_platform.a(mss_spi.o)
 .text          0x00000000        0x0 C:\Users\robcecil\Desktop\ps2_turret_ir_integration\SoftConsole\turret_servo_mss_design_MSS_CM3_0\turret_servo_mss_design_MSS_CM3_0_hw_platform\Debug\libturret_servo_mss_design_MSS_CM3_0_hw_platform.a(mss_gpio.o)
 .data          0x00000000        0x0 C:\Users\robcecil\Desktop\ps2_turret_ir_integration\SoftConsole\turret_servo_mss_design_MSS_CM3_0\turret_servo_mss_design_MSS_CM3_0_hw_platform\Debug\libturret_servo_mss_design_MSS_CM3_0_hw_platform.a(mss_gpio.o)
 .bss           0x00000000        0x0 C:\Users\robcecil\Desktop\ps2_turret_ir_integration\SoftConsole\turret_servo_mss_design_MSS_CM3_0\turret_servo_mss_design_MSS_CM3_0_hw_platform\Debug\libturret_servo_mss_design_MSS_CM3_0_hw_platform.a(mss_gpio.o)
 .text.MSS_GPIO_init
                0x00000000       0x6c C:\Users\robcecil\Desktop\ps2_turret_ir_integration\SoftConsole\turret_servo_mss_design_MSS_CM3_0\turret_servo_mss_design_MSS_CM3_0_hw_platform\Debug\libturret_servo_mss_design_MSS_CM3_0_hw_platform.a(mss_gpio.o)
 .text.MSS_GPIO_drive_inout
                0x00000000      0x128 C:\Users\robcecil\Desktop\ps2_turret_ir_integration\SoftConsole\turret_servo_mss_design_MSS_CM3_0\turret_servo_mss_design_MSS_CM3_0_hw_platform\Debug\libturret_servo_mss_design_MSS_CM3_0_hw_platform.a(mss_gpio.o)
 .text.MSS_GPIO_disable_irq
                0x00000000       0x50 C:\Users\robcecil\Desktop\ps2_turret_ir_integration\SoftConsole\turret_servo_mss_design_MSS_CM3_0\turret_servo_mss_design_MSS_CM3_0_hw_platform\Debug\libturret_servo_mss_design_MSS_CM3_0_hw_platform.a(mss_gpio.o)
 .text          0x00000000        0x0 C:\Users\robcecil\Desktop\ps2_turret_ir_integration\SoftConsole\turret_servo_mss_design_MSS_CM3_0\turret_servo_mss_design_MSS_CM3_0_hw_platform\Debug\libturret_servo_mss_design_MSS_CM3_0_hw_platform.a(core_uart_apb.o)
 .data          0x00000000        0x0 C:\Users\robcecil\Desktop\ps2_turret_ir_integration\SoftConsole\turret_servo_mss_design_MSS_CM3_0\turret_servo_mss_design_MSS_CM3_0_hw_platform\Debug\libturret_servo_mss_design_MSS_CM3_0_hw_platform.a(core_uart_apb.o)
 .bss           0x00000000        0x0 C:\Users\robcecil\Desktop\ps2_turret_ir_integration\SoftConsole\turret_servo_mss_design_MSS_CM3_0\turret_servo_mss_design_MSS_CM3_0_hw_platform\Debug\libturret_servo_mss_design_MSS_CM3_0_hw_platform.a(core_uart_apb.o)
 .text.UART_fill_tx_fifo
                0x00000000      0x180 C:\Users\robcecil\Desktop\ps2_turret_ir_integration\SoftConsole\turret_servo_mss_design_MSS_CM3_0\turret_servo_mss_design_MSS_CM3_0_hw_platform\Debug\libturret_servo_mss_design_MSS_CM3_0_hw_platform.a(core_uart_apb.o)
 .text.UART_get_rx
                0x00000000      0x1b8 C:\Users\robcecil\Desktop\ps2_turret_ir_integration\SoftConsole\turret_servo_mss_design_MSS_CM3_0\turret_servo_mss_design_MSS_CM3_0_hw_platform\Debug\libturret_servo_mss_design_MSS_CM3_0_hw_platform.a(core_uart_apb.o)
 .text.UART_polled_tx_string
                0x00000000      0x10c C:\Users\robcecil\Desktop\ps2_turret_ir_integration\SoftConsole\turret_servo_mss_design_MSS_CM3_0\turret_servo_mss_design_MSS_CM3_0_hw_platform\Debug\libturret_servo_mss_design_MSS_CM3_0_hw_platform.a(core_uart_apb.o)
 .text.UART_get_rx_status
                0x00000000       0x8c C:\Users\robcecil\Desktop\ps2_turret_ir_integration\SoftConsole\turret_servo_mss_design_MSS_CM3_0\turret_servo_mss_design_MSS_CM3_0_hw_platform\Debug\libturret_servo_mss_design_MSS_CM3_0_hw_platform.a(core_uart_apb.o)
 .text          0x00000000        0x0 C:\Users\robcecil\Desktop\ps2_turret_ir_integration\SoftConsole\turret_servo_mss_design_MSS_CM3_0\turret_servo_mss_design_MSS_CM3_0_hw_platform\Debug\libturret_servo_mss_design_MSS_CM3_0_hw_platform.a(core_spi.o)
 .data          0x00000000        0x0 C:\Users\robcecil\Desktop\ps2_turret_ir_integration\SoftConsole\turret_servo_mss_design_MSS_CM3_0\turret_servo_mss_design_MSS_CM3_0_hw_platform\Debug\libturret_servo_mss_design_MSS_CM3_0_hw_platform.a(core_spi.o)
 .bss           0x00000000        0x0 C:\Users\robcecil\Desktop\ps2_turret_ir_integration\SoftConsole\turret_servo_mss_design_MSS_CM3_0\turret_servo_mss_design_MSS_CM3_0_hw_platform\Debug\libturret_servo_mss_design_MSS_CM3_0_hw_platform.a(core_spi.o)
 .text.SPI_configure_slave_mode
                0x00000000       0xb0 C:\Users\robcecil\Desktop\ps2_turret_ir_integration\SoftConsole\turret_servo_mss_design_MSS_CM3_0\turret_servo_mss_design_MSS_CM3_0_hw_platform\Debug\libturret_servo_mss_design_MSS_CM3_0_hw_platform.a(core_spi.o)
 .text.SPI_transfer_block
                0x00000000      0x434 C:\Users\robcecil\Desktop\ps2_turret_ir_integration\SoftConsole\turret_servo_mss_design_MSS_CM3_0\turret_servo_mss_design_MSS_CM3_0_hw_platform\Debug\libturret_servo_mss_design_MSS_CM3_0_hw_platform.a(core_spi.o)
 .text.SPI_set_frame_rx_handler
                0x00000000      0x16c C:\Users\robcecil\Desktop\ps2_turret_ir_integration\SoftConsole\turret_servo_mss_design_MSS_CM3_0\turret_servo_mss_design_MSS_CM3_0_hw_platform\Debug\libturret_servo_mss_design_MSS_CM3_0_hw_platform.a(core_spi.o)
 .text.SPI_set_slave_tx_frame
                0x00000000      0x16c C:\Users\robcecil\Desktop\ps2_turret_ir_integration\SoftConsole\turret_servo_mss_design_MSS_CM3_0\turret_servo_mss_design_MSS_CM3_0_hw_platform\Debug\libturret_servo_mss_design_MSS_CM3_0_hw_platform.a(core_spi.o)
 .text.SPI_set_slave_block_buffers
                0x00000000      0x1f4 C:\Users\robcecil\Desktop\ps2_turret_ir_integration\SoftConsole\turret_servo_mss_design_MSS_CM3_0\turret_servo_mss_design_MSS_CM3_0_hw_platform\Debug\libturret_servo_mss_design_MSS_CM3_0_hw_platform.a(core_spi.o)
 .text.SPI_set_cmd_handler
                0x00000000      0x144 C:\Users\robcecil\Desktop\ps2_turret_ir_integration\SoftConsole\turret_servo_mss_design_MSS_CM3_0\turret_servo_mss_design_MSS_CM3_0_hw_platform\Debug\libturret_servo_mss_design_MSS_CM3_0_hw_platform.a(core_spi.o)
 .text.SPI_set_cmd_response
                0x00000000       0xe4 C:\Users\robcecil\Desktop\ps2_turret_ir_integration\SoftConsole\turret_servo_mss_design_MSS_CM3_0\turret_servo_mss_design_MSS_CM3_0_hw_platform\Debug\libturret_servo_mss_design_MSS_CM3_0_hw_platform.a(core_spi.o)
 .text.SPI_enable
                0x00000000       0x64 C:\Users\robcecil\Desktop\ps2_turret_ir_integration\SoftConsole\turret_servo_mss_design_MSS_CM3_0\turret_servo_mss_design_MSS_CM3_0_hw_platform\Debug\libturret_servo_mss_design_MSS_CM3_0_hw_platform.a(core_spi.o)
 .text.SPI_disable
                0x00000000       0x64 C:\Users\robcecil\Desktop\ps2_turret_ir_integration\SoftConsole\turret_servo_mss_design_MSS_CM3_0\turret_servo_mss_design_MSS_CM3_0_hw_platform\Debug\libturret_servo_mss_design_MSS_CM3_0_hw_platform.a(core_spi.o)
 .text.SPI_isr  0x00000000      0x500 C:\Users\robcecil\Desktop\ps2_turret_ir_integration\SoftConsole\turret_servo_mss_design_MSS_CM3_0\turret_servo_mss_design_MSS_CM3_0_hw_platform\Debug\libturret_servo_mss_design_MSS_CM3_0_hw_platform.a(core_spi.o)
 .text.fill_slave_tx_fifo
                0x00000000       0xc0 C:\Users\robcecil\Desktop\ps2_turret_ir_integration\SoftConsole\turret_servo_mss_design_MSS_CM3_0\turret_servo_mss_design_MSS_CM3_0_hw_platform\Debug\libturret_servo_mss_design_MSS_CM3_0_hw_platform.a(core_spi.o)
 .text.read_slave_rx_fifo
                0x00000000       0xd4 C:\Users\robcecil\Desktop\ps2_turret_ir_integration\SoftConsole\turret_servo_mss_design_MSS_CM3_0\turret_servo_mss_design_MSS_CM3_0_hw_platform\Debug\libturret_servo_mss_design_MSS_CM3_0_hw_platform.a(core_spi.o)
 .text          0x00000000        0x0 C:\Users\robcecil\Desktop\ps2_turret_ir_integration\SoftConsole\turret_servo_mss_design_MSS_CM3_0\turret_servo_mss_design_MSS_CM3_0_hw_platform\Debug\libturret_servo_mss_design_MSS_CM3_0_hw_platform.a(system_a2fxxxm3.o)
 .data          0x00000000        0x0 C:\Users\robcecil\Desktop\ps2_turret_ir_integration\SoftConsole\turret_servo_mss_design_MSS_CM3_0\turret_servo_mss_design_MSS_CM3_0_hw_platform\Debug\libturret_servo_mss_design_MSS_CM3_0_hw_platform.a(system_a2fxxxm3.o)
 .bss           0x00000000        0x0 C:\Users\robcecil\Desktop\ps2_turret_ir_integration\SoftConsole\turret_servo_mss_design_MSS_CM3_0\turret_servo_mss_design_MSS_CM3_0_hw_platform\Debug\libturret_servo_mss_design_MSS_CM3_0_hw_platform.a(system_a2fxxxm3.o)
 .data.SystemFrequency
                0x00000000        0x4 C:\Users\robcecil\Desktop\ps2_turret_ir_integration\SoftConsole\turret_servo_mss_design_MSS_CM3_0\turret_servo_mss_design_MSS_CM3_0_hw_platform\Debug\libturret_servo_mss_design_MSS_CM3_0_hw_platform.a(system_a2fxxxm3.o)
 .data.SystemCoreClock
                0x00000000        0x4 C:\Users\robcecil\Desktop\ps2_turret_ir_integration\SoftConsole\turret_servo_mss_design_MSS_CM3_0\turret_servo_mss_design_MSS_CM3_0_hw_platform\Debug\libturret_servo_mss_design_MSS_CM3_0_hw_platform.a(system_a2fxxxm3.o)
 .data.g_FrequencyPCLK0
                0x00000000        0x4 C:\Users\robcecil\Desktop\ps2_turret_ir_integration\SoftConsole\turret_servo_mss_design_MSS_CM3_0\turret_servo_mss_design_MSS_CM3_0_hw_platform\Debug\libturret_servo_mss_design_MSS_CM3_0_hw_platform.a(system_a2fxxxm3.o)
 .data.g_FrequencyPCLK1
                0x00000000        0x4 C:\Users\robcecil\Desktop\ps2_turret_ir_integration\SoftConsole\turret_servo_mss_design_MSS_CM3_0\turret_servo_mss_design_MSS_CM3_0_hw_platform\Debug\libturret_servo_mss_design_MSS_CM3_0_hw_platform.a(system_a2fxxxm3.o)
 .data.g_FrequencyACE
                0x00000000        0x4 C:\Users\robcecil\Desktop\ps2_turret_ir_integration\SoftConsole\turret_servo_mss_design_MSS_CM3_0\turret_servo_mss_design_MSS_CM3_0_hw_platform\Debug\libturret_servo_mss_design_MSS_CM3_0_hw_platform.a(system_a2fxxxm3.o)
 .data.g_FrequencyFPGA
                0x00000000        0x4 C:\Users\robcecil\Desktop\ps2_turret_ir_integration\SoftConsole\turret_servo_mss_design_MSS_CM3_0\turret_servo_mss_design_MSS_CM3_0_hw_platform\Debug\libturret_servo_mss_design_MSS_CM3_0_hw_platform.a(system_a2fxxxm3.o)
 .text.SystemCoreClockUpdate
                0x00000000      0x150 C:\Users\robcecil\Desktop\ps2_turret_ir_integration\SoftConsole\turret_servo_mss_design_MSS_CM3_0\turret_servo_mss_design_MSS_CM3_0_hw_platform\Debug\libturret_servo_mss_design_MSS_CM3_0_hw_platform.a(system_a2fxxxm3.o)
 .text.GetSystemClock
                0x00000000       0xe8 C:\Users\robcecil\Desktop\ps2_turret_ir_integration\SoftConsole\turret_servo_mss_design_MSS_CM3_0\turret_servo_mss_design_MSS_CM3_0_hw_platform\Debug\libturret_servo_mss_design_MSS_CM3_0_hw_platform.a(system_a2fxxxm3.o)
 .rodata.C.18.2576
                0x00000000       0x10 C:\Users\robcecil\Desktop\ps2_turret_ir_integration\SoftConsole\turret_servo_mss_design_MSS_CM3_0\turret_servo_mss_design_MSS_CM3_0_hw_platform\Debug\libturret_servo_mss_design_MSS_CM3_0_hw_platform.a(system_a2fxxxm3.o)
 .text          0x00000000        0x0 C:\Users\robcecil\Desktop\ps2_turret_ir_integration\SoftConsole\turret_servo_mss_design_MSS_CM3_0\turret_servo_mss_design_MSS_CM3_0_hw_platform\Debug\libturret_servo_mss_design_MSS_CM3_0_hw_platform.a(hal_assert.o)
 .data          0x00000000        0x0 C:\Users\robcecil\Desktop\ps2_turret_ir_integration\SoftConsole\turret_servo_mss_design_MSS_CM3_0\turret_servo_mss_design_MSS_CM3_0_hw_platform\Debug\libturret_servo_mss_design_MSS_CM3_0_hw_platform.a(hal_assert.o)
 .bss           0x00000000        0x0 C:\Users\robcecil\Desktop\ps2_turret_ir_integration\SoftConsole\turret_servo_mss_design_MSS_CM3_0\turret_servo_mss_design_MSS_CM3_0_hw_platform\Debug\libturret_servo_mss_design_MSS_CM3_0_hw_platform.a(hal_assert.o)
 .data          0x00000000        0x0 C:\Users\robcecil\Desktop\ps2_turret_ir_integration\SoftConsole\turret_servo_mss_design_MSS_CM3_0\turret_servo_mss_design_MSS_CM3_0_hw_platform\Debug\libturret_servo_mss_design_MSS_CM3_0_hw_platform.a(hw_reg_access.o)
 .bss           0x00000000        0x0 C:\Users\robcecil\Desktop\ps2_turret_ir_integration\SoftConsole\turret_servo_mss_design_MSS_CM3_0\turret_servo_mss_design_MSS_CM3_0_hw_platform\Debug\libturret_servo_mss_design_MSS_CM3_0_hw_platform.a(hw_reg_access.o)
 .text          0x00000000        0xc c:/microsemi/softconsole v3.3/sourcery-g++/bin/../lib/gcc/arm-none-eabi/4.4.1/../../../../arm-none-eabi/lib/thumb2\libc.a(lib_a-errno.o)
 .data          0x00000000        0x0 c:/microsemi/softconsole v3.3/sourcery-g++/bin/../lib/gcc/arm-none-eabi/4.4.1/../../../../arm-none-eabi/lib/thumb2\libc.a(lib_a-errno.o)
 .bss           0x00000000        0x0 c:/microsemi/softconsole v3.3/sourcery-g++/bin/../lib/gcc/arm-none-eabi/4.4.1/../../../../arm-none-eabi/lib/thumb2\libc.a(lib_a-errno.o)
 .text          0x00000000        0x0 c:/microsemi/softconsole v3.3/sourcery-g++/bin/../lib/gcc/arm-none-eabi/4.4.1/../../../../arm-none-eabi/lib/thumb2\libc.a(lib_a-impure.o)
 .data          0x00000000       0xf4 c:/microsemi/softconsole v3.3/sourcery-g++/bin/../lib/gcc/arm-none-eabi/4.4.1/../../../../arm-none-eabi/lib/thumb2\libc.a(lib_a-impure.o)
 .bss           0x00000000        0x0 c:/microsemi/softconsole v3.3/sourcery-g++/bin/../lib/gcc/arm-none-eabi/4.4.1/../../../../arm-none-eabi/lib/thumb2\libc.a(lib_a-impure.o)
 .rodata        0x00000000        0x4 c:/microsemi/softconsole v3.3/sourcery-g++/bin/../lib/gcc/arm-none-eabi/4.4.1/../../../../arm-none-eabi/lib/thumb2\libc.a(lib_a-impure.o)
 .rodata.str1.4
                0x00000000        0x4 c:/microsemi/softconsole v3.3/sourcery-g++/bin/../lib/gcc/arm-none-eabi/4.4.1/../../../../arm-none-eabi/lib/thumb2\libc.a(lib_a-impure.o)
 .data          0x00000000        0x0 c:/microsemi/softconsole v3.3/sourcery-g++/bin/../lib/gcc/arm-none-eabi/4.4.1/../../../../arm-none-eabi/lib/thumb2\libc.a(lib_a-init.o)
 .bss           0x00000000        0x0 c:/microsemi/softconsole v3.3/sourcery-g++/bin/../lib/gcc/arm-none-eabi/4.4.1/../../../../arm-none-eabi/lib/thumb2\libc.a(lib_a-init.o)
 .data          0x00000000        0x0 c:/microsemi/softconsole v3.3/sourcery-g++/bin/../lib/gcc/arm-none-eabi/4.4.1/../../../../arm-none-eabi/lib/thumb2\libc.a(lib_a-memset.o)
 .bss           0x00000000        0x0 c:/microsemi/softconsole v3.3/sourcery-g++/bin/../lib/gcc/arm-none-eabi/4.4.1/../../../../arm-none-eabi/lib/thumb2\libc.a(lib_a-memset.o)
 .text          0x00000000        0x0 c:/microsemi/softconsole v3.3/sourcery-g++/bin/../lib/gcc/arm-none-eabi/4.4.1/thumb2/crtend.o
 .data          0x00000000        0x0 c:/microsemi/softconsole v3.3/sourcery-g++/bin/../lib/gcc/arm-none-eabi/4.4.1/thumb2/crtend.o
 .bss           0x00000000        0x0 c:/microsemi/softconsole v3.3/sourcery-g++/bin/../lib/gcc/arm-none-eabi/4.4.1/thumb2/crtend.o
 .text          0x00000000        0x0 c:/microsemi/softconsole v3.3/sourcery-g++/bin/../lib/gcc/arm-none-eabi/4.4.1/thumb2/crtn.o
 .data          0x00000000        0x0 c:/microsemi/softconsole v3.3/sourcery-g++/bin/../lib/gcc/arm-none-eabi/4.4.1/thumb2/crtn.o
 .bss           0x00000000        0x0 c:/microsemi/softconsole v3.3/sourcery-g++/bin/../lib/gcc/arm-none-eabi/4.4.1/thumb2/crtn.o

Memory Configuration

Name             Origin             Length             Attributes
rom              0x60000000         0x00040000         xr
romMirror        0x00000000         0x00040000         xr
ram              0x20000000         0x00010000         xrw
*default*        0x00000000         0xffffffff

Linker script and memory map

LOAD c:/microsemi/softconsole v3.3/sourcery-g++/bin/../lib/gcc/arm-none-eabi/4.4.1/thumb2/crti.o
LOAD c:/microsemi/softconsole v3.3/sourcery-g++/bin/../lib/gcc/arm-none-eabi/4.4.1/thumb2/crtbegin.o
LOAD ./main.o
LOAD C:/Users/robcecil/Desktop/ps2_turret_ir_integration/SoftConsole/turret_servo_mss_design_MSS_CM3_0/turret_servo_mss_design_MSS_CM3_0_hw_platform/Debug/CMSIS/startup_gcc/startup_a2fxxxm3.o
LOAD C:/Users/robcecil/Desktop/ps2_turret_ir_integration/SoftConsole/turret_servo_mss_design_MSS_CM3_0/turret_servo_mss_design_MSS_CM3_0_hw_platform/Debug/CMSIS/startup_gcc/newlib_stubs.o
LOAD C:\Users\robcecil\Desktop\ps2_turret_ir_integration\SoftConsole\turret_servo_mss_design_MSS_CM3_0\turret_servo_mss_design_MSS_CM3_0_hw_platform\Debug\libturret_servo_mss_design_MSS_CM3_0_hw_platform.a
START GROUP
LOAD c:/microsemi/softconsole v3.3/sourcery-g++/bin/../lib/gcc/arm-none-eabi/4.4.1/thumb2\libgcc.a
LOAD c:/microsemi/softconsole v3.3/sourcery-g++/bin/../lib/gcc/arm-none-eabi/4.4.1/../../../../arm-none-eabi/lib/thumb2\libc.a
END GROUP
LOAD c:/microsemi/softconsole v3.3/sourcery-g++/bin/../lib/gcc/arm-none-eabi/4.4.1/thumb2/crtend.o
LOAD c:/microsemi/softconsole v3.3/sourcery-g++/bin/../lib/gcc/arm-none-eabi/4.4.1/thumb2/crtn.o
START GROUP
LOAD c:/microsemi/softconsole v3.3/sourcery-g++/bin/../lib/gcc/arm-none-eabi/4.4.1/../../../../arm-none-eabi/lib/thumb2\libc.a
LOAD c:/microsemi/softconsole v3.3/sourcery-g++/bin/../lib/gcc/arm-none-eabi/4.4.1/thumb2\libgcc.a
LOAD c:/microsemi/softconsole v3.3/sourcery-g++/bin/../lib/gcc/arm-none-eabi/4.4.1/../../../../arm-none-eabi/lib/thumb2\libm.a
END GROUP
                0x00000000                __DYNAMIC = 0x0
                0x20000000                RAM_START_ADDRESS = 0x20000000
                0x00010000                RAM_SIZE = 0x10000
                0x00002000                MAIN_STACK_SIZE = 0x2000
                0x00001000                PROCESS_STACK_SIZE = 0x1000
                0x20010000                PROVIDE (__main_stack_start, (RAM_START_ADDRESS + RAM_SIZE))
                0x2000e000                PROVIDE (__process_stack_start, (__main_stack_start - MAIN_STACK_SIZE))
                0x20010000                PROVIDE (_estack, __main_stack_start)
                0x00000001                PROVIDE (__mirrored_nvm, 0x1)

.init           0x00000000      0x470 load address 0x60000000
                0x00000000                __vector_table_vma_base_address = .
 *(.isr_vector)
 .isr_vector    0x00000000      0x470 C:/Users/robcecil/Desktop/ps2_turret_ir_integration/SoftConsole/turret_servo_mss_design_MSS_CM3_0/turret_servo_mss_design_MSS_CM3_0_hw_platform/Debug/CMSIS/startup_gcc/startup_a2fxxxm3.o
                0x00000000                g_pfnVectors
                0x00000298                Reset_Handler
                0x00000308                NMI_Handler
                0x0000030a                HardFault_Handler
                0x0000030c                MemManage_Handler
                0x0000030e                BusFault_Handler
                0x00000310                UsageFault_Handler
                0x00000312                SVC_Handler
                0x00000314                DebugMon_Handler
                0x00000316                PendSV_Handler
                0x00000318                SysTick_Handler
                0x0000031a                WdogWakeup_IRQHandler
                0x0000031c                BrownOut_1_5V_IRQHandler
                0x0000031e                BrownOut_3_3V_IRQHandler
                0x00000320                RTC_Match_IRQHandler
                0x00000322                RTCIF_Pub_IRQHandler
                0x00000324                EthernetMAC_IRQHandler
                0x00000326                IAP_IRQHandler
                0x00000328                ENVM0_IRQHandler
                0x0000032a                ENVM1_IRQHandler
                0x0000032c                DMA_IRQHandler
                0x0000032e                UART0_IRQHandler
                0x00000330                UART1_IRQHandler
                0x00000336                I2C0_IRQHandler
                0x00000338                I2C0_SMBAlert_IRQHandler
                0x0000033a                I2C0_SMBus_IRQHandler
                0x0000033c                I2C1_IRQHandler
                0x0000033e                I2C1_SMBAlert_IRQHandler
                0x00000340                I2C1_SMBus_IRQHandler
                0x00000346                PLL_Lock_IRQHandler
                0x00000348                PLL_LockLost_IRQHandler
                0x0000034a                CommError_IRQHandler
                0x0000034c                Fabric_IRQHandler
                0x00000350                GPIO1_IRQHandler
                0x00000352                GPIO2_IRQHandler
                0x00000354                GPIO3_IRQHandler
                0x00000356                GPIO4_IRQHandler
                0x00000358                GPIO5_IRQHandler
                0x0000035a                GPIO6_IRQHandler
                0x0000035c                GPIO7_IRQHandler
                0x0000035e                GPIO8_IRQHandler
                0x00000360                GPIO9_IRQHandler
                0x00000362                GPIO10_IRQHandler
                0x00000364                GPIO11_IRQHandler
                0x00000366                GPIO12_IRQHandler
                0x00000368                GPIO13_IRQHandler
                0x0000036a                GPIO14_IRQHandler
                0x0000036c                GPIO15_IRQHandler
                0x0000036e                GPIO16_IRQHandler
                0x00000370                GPIO17_IRQHandler
                0x00000372                GPIO18_IRQHandler
                0x00000374                GPIO19_IRQHandler
                0x00000376                GPIO20_IRQHandler
                0x00000378                GPIO21_IRQHandler
                0x0000037a                GPIO22_IRQHandler
                0x0000037c                GPIO23_IRQHandler
                0x0000037e                GPIO24_IRQHandler
                0x00000380                GPIO25_IRQHandler
                0x00000382                GPIO26_IRQHandler
                0x00000384                GPIO27_IRQHandler
                0x00000386                GPIO28_IRQHandler
                0x00000388                GPIO29_IRQHandler
                0x0000038a                GPIO30_IRQHandler
                0x0000038c                GPIO31_IRQHandler
                0x0000038e                ACE_PC0_Flag0_IRQHandler
                0x00000390                ACE_PC0_Flag1_IRQHandler
                0x00000392                ACE_PC0_Flag2_IRQHandler
                0x00000394                ACE_PC0_Flag3_IRQHandler
                0x00000396                ACE_PC1_Flag0_IRQHandler
                0x00000398                ACE_PC1_Flag1_IRQHandler
                0x0000039a                ACE_PC1_Flag2_IRQHandler
                0x0000039c                ACE_PC1_Flag3_IRQHandler
                0x0000039e                ACE_PC2_Flag0_IRQHandler
                0x000003a0                ACE_PC2_Flag1_IRQHandler
                0x000003a2                ACE_PC2_Flag2_IRQHandler
                0x000003a4                ACE_PC2_Flag3_IRQHandler
                0x000003a6                ACE_ADC0_DataValid_IRQHandler
                0x000003a8                ACE_ADC1_DataValid_IRQHandler
                0x000003aa                ACE_ADC2_DataValid_IRQHandler
                0x000003ac                ACE_ADC0_CalDone_IRQHandler
                0x000003ae                ACE_ADC1_CalDone_IRQHandler
                0x000003b0                ACE_ADC2_CalDone_IRQHandler
                0x000003b2                ACE_ADC0_CalStart_IRQHandler
                0x000003b4                ACE_ADC1_CalStart_IRQHandler
                0x000003b6                ACE_ADC2_CalStart_IRQHandler
                0x000003b8                ACE_Comp0_Fall_IRQHandler
                0x000003ba                ACE_Comp1_Fall_IRQHandler
                0x000003bc                ACE_Comp2_Fall_IRQHandler
                0x000003be                ACE_Comp3_Fall_IRQHandler
                0x000003c0                ACE_Comp4_Fall_IRQHandler
                0x000003c2                ACE_Comp5_Fall_IRQHandler
                0x000003c4                ACE_Comp6_Fall_IRQHandler
                0x000003c6                ACE_Comp7_Fall_IRQHandler
                0x000003c8                ACE_Comp8_Fall_IRQHandler
                0x000003ca                ACE_Comp9_Fall_IRQHandler
                0x000003cc                ACE_Comp10_Fall_IRQHandler
                0x000003ce                ACE_Comp11_Fall_IRQHandler
                0x000003d0                ACE_Comp0_Rise_IRQHandler
                0x000003d2                ACE_Comp1_Rise_IRQHandler
                0x000003d4                ACE_Comp2_Rise_IRQHandler
                0x000003d6                ACE_Comp3_Rise_IRQHandler
                0x000003d8                ACE_Comp4_Rise_IRQHandler
                0x000003da                ACE_Comp5_Rise_IRQHandler
                0x000003dc                ACE_Comp6_Rise_IRQHandler
                0x000003de                ACE_Comp7_Rise_IRQHandler
                0x000003e0                ACE_Comp8_Rise_IRQHandler
                0x000003e2                ACE_Comp9_Rise_IRQHandler
                0x000003e4                ACE_Comp10_Rise_IRQHandler
                0x000003e6                ACE_Comp11_Rise_IRQHandler
                0x000003e8                ACE_ADC0_FifoFull_IRQHandler
                0x000003ea                ACE_ADC0_FifoAFull_IRQHandler
                0x000003ec                ACE_ADC0_FifoEmpty_IRQHandler
                0x000003ee                ACE_ADC1_FifoFull_IRQHandler
                0x000003f0                ACE_ADC1_FifoAFull_IRQHandler
                0x000003f2                ACE_ADC1_FifoEmpty_IRQHandler
                0x000003f4                ACE_ADC2_FifoFull_IRQHandler
                0x000003f6                ACE_ADC2_FifoAFull_IRQHandler
                0x000003f8                ACE_ADC2_FifoEmpty_IRQHandler
                0x000003fa                ACE_PPE_Flag0_IRQHandler
                0x000003fc                ACE_PPE_Flag1_IRQHandler
                0x000003fe                ACE_PPE_Flag2_IRQHandler
                0x00000400                ACE_PPE_Flag3_IRQHandler
                0x00000402                ACE_PPE_Flag4_IRQHandler
                0x00000404                ACE_PPE_Flag5_IRQHandler
                0x00000406                ACE_PPE_Flag6_IRQHandler
                0x00000408                ACE_PPE_Flag7_IRQHandler
                0x0000040a                ACE_PPE_Flag8_IRQHandler
                0x0000040c                ACE_PPE_Flag9_IRQHandler
                0x0000040e                ACE_PPE_Flag10_IRQHandler
                0x00000410                ACE_PPE_Flag11_IRQHandler
                0x00000412                ACE_PPE_Flag12_IRQHandler
                0x00000414                ACE_PPE_Flag13_IRQHandler
                0x00000416                ACE_PPE_Flag14_IRQHandler
                0x00000418                ACE_PPE_Flag15_IRQHandler
                0x0000041a                ACE_PPE_Flag16_IRQHandler
                0x0000041c                ACE_PPE_Flag17_IRQHandler
                0x0000041e                ACE_PPE_Flag18_IRQHandler
                0x00000420                ACE_PPE_Flag19_IRQHandler
                0x00000422                ACE_PPE_Flag20_IRQHandler
                0x00000424                ACE_PPE_Flag21_IRQHandler
                0x00000426                ACE_PPE_Flag22_IRQHandler
                0x00000428                ACE_PPE_Flag23_IRQHandler
                0x0000042a                ACE_PPE_Flag24_IRQHandler
                0x0000042c                ACE_PPE_Flag25_IRQHandler
                0x0000042e                ACE_PPE_Flag26_IRQHandler
                0x00000430                ACE_PPE_Flag27_IRQHandler
                0x00000432                ACE_PPE_Flag28_IRQHandler
                0x00000434                ACE_PPE_Flag29_IRQHandler
                0x00000436                ACE_PPE_Flag30_IRQHandler
                0x00000438                ACE_PPE_Flag31_IRQHandler
                0x00000470                . = ALIGN (0x4)

.text           0x00000470     0x2b5c load address 0x60000470
 CREATE_OBJECT_SYMBOLS
                0x60000470                __text_load = LOADADDR (.text)
                0x00000470                __text_start = .
 *(.text .text.* .gnu.linkonce.t.*)
 .text          0x00000470       0x30 c:/microsemi/softconsole v3.3/sourcery-g++/bin/../lib/gcc/arm-none-eabi/4.4.1/thumb2/crtbegin.o
 .text.NVIC_EnableIRQ
                0x000004a0       0x38 ./main.o
 .text.NVIC_DisableIRQ
                0x000004d8       0x3c ./main.o
 .text.NVIC_ClearPendingIRQ
                0x00000514       0x3c ./main.o
 .text.MSS_TIM1_init
                0x00000550       0x84 ./main.o
 .text.MSS_TIM1_start
                0x000005d4       0x1c ./main.o
 .text.MSS_TIM1_stop
                0x000005f0       0x1c ./main.o
 .text.MSS_TIM1_load_immediate
                0x0000060c       0x20 ./main.o
 .text.MSS_TIM1_enable_irq
                0x0000062c       0x20 ./main.o
 .text.MSS_TIM1_disable_irq
                0x0000064c       0x20 ./main.o
 .text.MSS_TIM1_clear_irq
                0x0000066c       0x1c ./main.o
 .text.MSS_TIM2_init
                0x00000688       0x84 ./main.o
 .text.MSS_TIM2_start
                0x0000070c       0x1c ./main.o
 .text.MSS_TIM2_stop
                0x00000728       0x1c ./main.o
 .text.MSS_TIM2_load_immediate
                0x00000744       0x20 ./main.o
 .text.MSS_TIM2_enable_irq
                0x00000764       0x20 ./main.o
 .text.MSS_TIM2_disable_irq
                0x00000784       0x20 ./main.o
 .text.MSS_TIM2_clear_irq
                0x000007a4       0x1c ./main.o
 .text.Timer1_IRQHandler
                0x000007c0       0x44 ./main.o
                0x000007c0                Timer1_IRQHandler
 .text.Timer2_IRQHandler
                0x00000804       0x20 ./main.o
                0x00000804                Timer2_IRQHandler
 .text.GPIO0_IRQHandler
                0x00000824      0x118 ./main.o
                0x00000824                GPIO0_IRQHandler
 .text.main     0x0000093c      0x4c0 ./main.o
                0x0000093c                main
 .text.setupSPI
                0x00000dfc      0x2f0 ./main.o
                0x00000dfc                setupSPI
 .text.changeSpeed
                0x000010ec       0x1c ./main.o
                0x000010ec                changeSpeed
 .text.greenLED
                0x00001108      0x14c ./main.o
                0x00001108                greenLED
 .text.redLED   0x00001254      0x14c ./main.o
                0x00001254                redLED
 .text.yellowLED
                0x000013a0      0x134 ./main.o
                0x000013a0                yellowLED
 .text.NVIC_EnableIRQ
                0x000014d4       0x38 C:\Users\robcecil\Desktop\ps2_turret_ir_integration\SoftConsole\turret_servo_mss_design_MSS_CM3_0\turret_servo_mss_design_MSS_CM3_0_hw_platform\Debug\libturret_servo_mss_design_MSS_CM3_0_hw_platform.a(mss_spi.o)
 .text.NVIC_DisableIRQ
                0x0000150c       0x3c C:\Users\robcecil\Desktop\ps2_turret_ir_integration\SoftConsole\turret_servo_mss_design_MSS_CM3_0\turret_servo_mss_design_MSS_CM3_0_hw_platform\Debug\libturret_servo_mss_design_MSS_CM3_0_hw_platform.a(mss_spi.o)
 .text.NVIC_ClearPendingIRQ
                0x00001548       0x3c C:\Users\robcecil\Desktop\ps2_turret_ir_integration\SoftConsole\turret_servo_mss_design_MSS_CM3_0\turret_servo_mss_design_MSS_CM3_0_hw_platform\Debug\libturret_servo_mss_design_MSS_CM3_0_hw_platform.a(mss_spi.o)
 .text.MSS_SPI_init
                0x00001584      0x134 C:\Users\robcecil\Desktop\ps2_turret_ir_integration\SoftConsole\turret_servo_mss_design_MSS_CM3_0\turret_servo_mss_design_MSS_CM3_0_hw_platform\Debug\libturret_servo_mss_design_MSS_CM3_0_hw_platform.a(mss_spi.o)
                0x00001584                MSS_SPI_init
 .text.recover_from_rx_overflow
                0x000016b8      0x160 C:\Users\robcecil\Desktop\ps2_turret_ir_integration\SoftConsole\turret_servo_mss_design_MSS_CM3_0\turret_servo_mss_design_MSS_CM3_0_hw_platform\Debug\libturret_servo_mss_design_MSS_CM3_0_hw_platform.a(mss_spi.o)
 .text.MSS_SPI_configure_master_mode
                0x00001818      0x120 C:\Users\robcecil\Desktop\ps2_turret_ir_integration\SoftConsole\turret_servo_mss_design_MSS_CM3_0\turret_servo_mss_design_MSS_CM3_0_hw_platform\Debug\libturret_servo_mss_design_MSS_CM3_0_hw_platform.a(mss_spi.o)
                0x00001818                MSS_SPI_configure_master_mode
 .text.MSS_SPI_set_slave_select
                0x00001938      0x108 C:\Users\robcecil\Desktop\ps2_turret_ir_integration\SoftConsole\turret_servo_mss_design_MSS_CM3_0\turret_servo_mss_design_MSS_CM3_0_hw_platform\Debug\libturret_servo_mss_design_MSS_CM3_0_hw_platform.a(mss_spi.o)
                0x00001938                MSS_SPI_set_slave_select
 .text.MSS_SPI_clear_slave_select
                0x00001a40       0x90 C:\Users\robcecil\Desktop\ps2_turret_ir_integration\SoftConsole\turret_servo_mss_design_MSS_CM3_0\turret_servo_mss_design_MSS_CM3_0_hw_platform\Debug\libturret_servo_mss_design_MSS_CM3_0_hw_platform.a(mss_spi.o)
                0x00001a40                MSS_SPI_clear_slave_select
 .text.MSS_SPI_transfer_block
                0x00001ad0      0x228 C:\Users\robcecil\Desktop\ps2_turret_ir_integration\SoftConsole\turret_servo_mss_design_MSS_CM3_0\turret_servo_mss_design_MSS_CM3_0_hw_platform\Debug\libturret_servo_mss_design_MSS_CM3_0_hw_platform.a(mss_spi.o)
                0x00001ad0                MSS_SPI_transfer_block
 .text.fill_slave_tx_fifo
                0x00001cf8       0xe0 C:\Users\robcecil\Desktop\ps2_turret_ir_integration\SoftConsole\turret_servo_mss_design_MSS_CM3_0\turret_servo_mss_design_MSS_CM3_0_hw_platform\Debug\libturret_servo_mss_design_MSS_CM3_0_hw_platform.a(mss_spi.o)
 .text.read_slave_rx_fifo
                0x00001dd8       0xac C:\Users\robcecil\Desktop\ps2_turret_ir_integration\SoftConsole\turret_servo_mss_design_MSS_CM3_0\turret_servo_mss_design_MSS_CM3_0_hw_platform\Debug\libturret_servo_mss_design_MSS_CM3_0_hw_platform.a(mss_spi.o)
 .text.mss_spi_isr
                0x00001e84      0x2b0 C:\Users\robcecil\Desktop\ps2_turret_ir_integration\SoftConsole\turret_servo_mss_design_MSS_CM3_0\turret_servo_mss_design_MSS_CM3_0_hw_platform\Debug\libturret_servo_mss_design_MSS_CM3_0_hw_platform.a(mss_spi.o)
 .text.SPI0_IRQHandler
                0x00002134       0x2c C:\Users\robcecil\Desktop\ps2_turret_ir_integration\SoftConsole\turret_servo_mss_design_MSS_CM3_0\turret_servo_mss_design_MSS_CM3_0_hw_platform\Debug\libturret_servo_mss_design_MSS_CM3_0_hw_platform.a(mss_spi.o)
                0x00002134                SPI0_IRQHandler
 .text.SPI1_IRQHandler
                0x00002160       0x2c C:\Users\robcecil\Desktop\ps2_turret_ir_integration\SoftConsole\turret_servo_mss_design_MSS_CM3_0\turret_servo_mss_design_MSS_CM3_0_hw_platform\Debug\libturret_servo_mss_design_MSS_CM3_0_hw_platform.a(mss_spi.o)
                0x00002160                SPI1_IRQHandler
 .text.NVIC_EnableIRQ
                0x0000218c       0x38 C:\Users\robcecil\Desktop\ps2_turret_ir_integration\SoftConsole\turret_servo_mss_design_MSS_CM3_0\turret_servo_mss_design_MSS_CM3_0_hw_platform\Debug\libturret_servo_mss_design_MSS_CM3_0_hw_platform.a(mss_gpio.o)
 .text.NVIC_ClearPendingIRQ
                0x000021c4       0x3c C:\Users\robcecil\Desktop\ps2_turret_ir_integration\SoftConsole\turret_servo_mss_design_MSS_CM3_0\turret_servo_mss_design_MSS_CM3_0_hw_platform\Debug\libturret_servo_mss_design_MSS_CM3_0_hw_platform.a(mss_gpio.o)
 .text.MSS_GPIO_config
                0x00002200       0x3c C:\Users\robcecil\Desktop\ps2_turret_ir_integration\SoftConsole\turret_servo_mss_design_MSS_CM3_0\turret_servo_mss_design_MSS_CM3_0_hw_platform\Debug\libturret_servo_mss_design_MSS_CM3_0_hw_platform.a(mss_gpio.o)
                0x00002200                MSS_GPIO_config
 .text.MSS_GPIO_set_output
                0x0000223c       0x40 C:\Users\robcecil\Desktop\ps2_turret_ir_integration\SoftConsole\turret_servo_mss_design_MSS_CM3_0\turret_servo_mss_design_MSS_CM3_0_hw_platform\Debug\libturret_servo_mss_design_MSS_CM3_0_hw_platform.a(mss_gpio.o)
                0x0000223c                MSS_GPIO_set_output
 .text.MSS_GPIO_enable_irq
                0x0000227c       0x64 C:\Users\robcecil\Desktop\ps2_turret_ir_integration\SoftConsole\turret_servo_mss_design_MSS_CM3_0\turret_servo_mss_design_MSS_CM3_0_hw_platform\Debug\libturret_servo_mss_design_MSS_CM3_0_hw_platform.a(mss_gpio.o)
                0x0000227c                MSS_GPIO_enable_irq
 .text.MSS_GPIO_clear_irq
                0x000022e0       0x50 C:\Users\robcecil\Desktop\ps2_turret_ir_integration\SoftConsole\turret_servo_mss_design_MSS_CM3_0\turret_servo_mss_design_MSS_CM3_0_hw_platform\Debug\libturret_servo_mss_design_MSS_CM3_0_hw_platform.a(mss_gpio.o)
                0x000022e0                MSS_GPIO_clear_irq
 .text.UART_init
                0x00002330      0x29c C:\Users\robcecil\Desktop\ps2_turret_ir_integration\SoftConsole\turret_servo_mss_design_MSS_CM3_0\turret_servo_mss_design_MSS_CM3_0_hw_platform\Debug\libturret_servo_mss_design_MSS_CM3_0_hw_platform.a(core_uart_apb.o)
                0x00002330                UART_init
 .text.UART_send
                0x000025cc      0x15c C:\Users\robcecil\Desktop\ps2_turret_ir_integration\SoftConsole\turret_servo_mss_design_MSS_CM3_0\turret_servo_mss_design_MSS_CM3_0_hw_platform\Debug\libturret_servo_mss_design_MSS_CM3_0_hw_platform.a(core_uart_apb.o)
                0x000025cc                UART_send
 .text.SPI_init
                0x00002728      0x19c C:\Users\robcecil\Desktop\ps2_turret_ir_integration\SoftConsole\turret_servo_mss_design_MSS_CM3_0\turret_servo_mss_design_MSS_CM3_0_hw_platform\Debug\libturret_servo_mss_design_MSS_CM3_0_hw_platform.a(core_spi.o)
                0x00002728                SPI_init
 .text.SPI_configure_master_mode
                0x000028c4       0xb0 C:\Users\robcecil\Desktop\ps2_turret_ir_integration\SoftConsole\turret_servo_mss_design_MSS_CM3_0\turret_servo_mss_design_MSS_CM3_0_hw_platform\Debug\libturret_servo_mss_design_MSS_CM3_0_hw_platform.a(core_spi.o)
                0x000028c4                SPI_configure_master_mode
 .text.SPI_set_slave_select
                0x00002974      0x108 C:\Users\robcecil\Desktop\ps2_turret_ir_integration\SoftConsole\turret_servo_mss_design_MSS_CM3_0\turret_servo_mss_design_MSS_CM3_0_hw_platform\Debug\libturret_servo_mss_design_MSS_CM3_0_hw_platform.a(core_spi.o)
                0x00002974                SPI_set_slave_select
 .text.SPI_clear_slave_select
                0x00002a7c      0x110 C:\Users\robcecil\Desktop\ps2_turret_ir_integration\SoftConsole\turret_servo_mss_design_MSS_CM3_0\turret_servo_mss_design_MSS_CM3_0_hw_platform\Debug\libturret_servo_mss_design_MSS_CM3_0_hw_platform.a(core_spi.o)
                0x00002a7c                SPI_clear_slave_select
 .text.SPI_transfer_frame
                0x00002b8c       0xc0 C:\Users\robcecil\Desktop\ps2_turret_ir_integration\SoftConsole\turret_servo_mss_design_MSS_CM3_0\turret_servo_mss_design_MSS_CM3_0_hw_platform\Debug\libturret_servo_mss_design_MSS_CM3_0_hw_platform.a(core_spi.o)
                0x00002b8c                SPI_transfer_frame
 .text.recover_from_rx_overflow
                0x00002c4c       0x60 C:\Users\robcecil\Desktop\ps2_turret_ir_integration\SoftConsole\turret_servo_mss_design_MSS_CM3_0\turret_servo_mss_design_MSS_CM3_0_hw_platform\Debug\libturret_servo_mss_design_MSS_CM3_0_hw_platform.a(core_spi.o)
 .text.SystemInit
                0x00002cac        0xc C:\Users\robcecil\Desktop\ps2_turret_ir_integration\SoftConsole\turret_servo_mss_design_MSS_CM3_0\turret_servo_mss_design_MSS_CM3_0_hw_platform\Debug\libturret_servo_mss_design_MSS_CM3_0_hw_platform.a(system_a2fxxxm3.o)
                0x00002cac                SystemInit
 .text.HAL_assert_fail
                0x00002cb8       0x28 C:\Users\robcecil\Desktop\ps2_turret_ir_integration\SoftConsole\turret_servo_mss_design_MSS_CM3_0\turret_servo_mss_design_MSS_CM3_0_hw_platform\Debug\libturret_servo_mss_design_MSS_CM3_0_hw_platform.a(hal_assert.o)
                0x00002cb8                HAL_assert_fail
 .text          0x00002ce0       0x90 C:\Users\robcecil\Desktop\ps2_turret_ir_integration\SoftConsole\turret_servo_mss_design_MSS_CM3_0\turret_servo_mss_design_MSS_CM3_0_hw_platform\Debug\libturret_servo_mss_design_MSS_CM3_0_hw_platform.a(hw_reg_access.o)
                0x00002ce0                HW_set_32bit_reg
                0x00002ce4                HW_get_32bit_reg
                0x00002ce8                HW_set_32bit_reg_field
                0x00002d04                HW_get_32bit_reg_field
                0x00002d10                HW_set_16bit_reg
                0x00002d14                HW_get_16bit_reg
                0x00002d18                HW_set_16bit_reg_field
                0x00002d34                HW_get_16bit_reg_field
                0x00002d40                HW_set_8bit_reg
                0x00002d44                HW_get_8bit_reg
                0x00002d48                HW_set_8bit_reg_field
                0x00002d64                HW_get_8bit_reg_field
 .text          0x00002d70       0x50 c:/microsemi/softconsole v3.3/sourcery-g++/bin/../lib/gcc/arm-none-eabi/4.4.1/../../../../arm-none-eabi/lib/thumb2\libc.a(lib_a-init.o)
                0x00002d70                __libc_init_array
 .text          0x00002dc0       0xd4 c:/microsemi/softconsole v3.3/sourcery-g++/bin/../lib/gcc/arm-none-eabi/4.4.1/../../../../arm-none-eabi/lib/thumb2\libc.a(lib_a-memset.o)
                0x00002dc0                memset
 *(.plt)
 *(.gnu.warning)
 *(.glue_7t)
 .glue_7t       0x00000000        0x0 linker stubs
 *(.glue_7)
 .glue_7        0x00000000        0x0 linker stubs
 *(.vfp11_veneer)
 .vfp11_veneer  0x00000000        0x0 linker stubs
                0x00002e94                . = ALIGN (0x4)
 *crtbegin.o(.ctors)
 *(EXCLUDE_FILE(*crtend.o) .ctors)
 *(SORT(.ctors.*))
 *crtend.o(.ctors)
 *crtbegin.o(.dtors)
 *(EXCLUDE_FILE(*crtend.o) .dtors)
 *(SORT(.dtors.*))
 *crtend.o(.dtors)
 *(.rodata .rodata.* .gnu.linkonce.r.*)
 .rodata.DAMAGED_THRESH
                0x00002e94        0x4 ./main.o
                0x00002e94                DAMAGED_THRESH
 .rodata        0x00002e98        0xc ./main.o
 .rodata.g_config_reg_lut
                0x00002ea4       0x80 C:\Users\robcecil\Desktop\ps2_turret_ir_integration\SoftConsole\turret_servo_mss_design_MSS_CM3_0\turret_servo_mss_design_MSS_CM3_0_hw_platform\Debug\libturret_servo_mss_design_MSS_CM3_0_hw_platform.a(mss_gpio.o)
 .rodata.g_gpio_irqn_lut
                0x00002f24       0x40 C:\Users\robcecil\Desktop\ps2_turret_ir_integration\SoftConsole\turret_servo_mss_design_MSS_CM3_0\turret_servo_mss_design_MSS_CM3_0_hw_platform\Debug\libturret_servo_mss_design_MSS_CM3_0_hw_platform.a(mss_gpio.o)
 .rodata        0x00002f64       0x28 C:\Users\robcecil\Desktop\ps2_turret_ir_integration\SoftConsole\turret_servo_mss_design_MSS_CM3_0\turret_servo_mss_design_MSS_CM3_0_hw_platform\Debug\libturret_servo_mss_design_MSS_CM3_0_hw_platform.a(core_uart_apb.o)
 .rodata        0x00002f8c       0x20 C:\Users\robcecil\Desktop\ps2_turret_ir_integration\SoftConsole\turret_servo_mss_design_MSS_CM3_0\turret_servo_mss_design_MSS_CM3_0_hw_platform\Debug\libturret_servo_mss_design_MSS_CM3_0_hw_platform.a(core_spi.o)
 *(.ARM.extab* .gnu.linkonce.armextab.*)
 *(.gcc_except_table)
 *(.eh_frame_hdr)
 *(.eh_frame)
 *(.init)
 .init          0x00002fac        0x4 c:/microsemi/softconsole v3.3/sourcery-g++/bin/../lib/gcc/arm-none-eabi/4.4.1/thumb2/crti.o
                0x00002fac                _init
 .init          0x00002fb0        0x8 c:/microsemi/softconsole v3.3/sourcery-g++/bin/../lib/gcc/arm-none-eabi/4.4.1/thumb2/crtn.o
 *(.fini)
 .fini          0x00002fb8        0x4 c:/microsemi/softconsole v3.3/sourcery-g++/bin/../lib/gcc/arm-none-eabi/4.4.1/thumb2/crti.o
                0x00002fb8                _fini
 .fini          0x00002fbc        0x8 c:/microsemi/softconsole v3.3/sourcery-g++/bin/../lib/gcc/arm-none-eabi/4.4.1/thumb2/crtn.o
                0x00002fc4                PROVIDE (__preinit_array_start, .)
 *(.preinit_array)
                0x00002fc4                PROVIDE (__preinit_array_end, .)
                0x00002fc4                PROVIDE (__init_array_start, .)
 *(SORT(.init_array.*))
 *(.init_array)
 .init_array    0x00002fc4        0x4 c:/microsemi/softconsole v3.3/sourcery-g++/bin/../lib/gcc/arm-none-eabi/4.4.1/thumb2/crtbegin.o
                0x00002fc8                PROVIDE (__init_array_end, .)
                0x00002fc8                PROVIDE (__fini_array_start, .)
 *(.fini_array)
 .fini_array    0x00002fc8        0x4 c:/microsemi/softconsole v3.3/sourcery-g++/bin/../lib/gcc/arm-none-eabi/4.4.1/thumb2/crtbegin.o
 *(SORT(.fini_array.*))
                0x00002fcc                PROVIDE (__fini_array_end, .)
                0x00002fcc                __exidx_start = .

.v4_bx          0x00002fcc        0x0 load address 0x60002fcc
 .v4_bx         0x00000000        0x0 linker stubs

.ARM.exidx
 *(.ARM.exidx* .gnu.linkonce.armexidx.*)
                0x00002fcc                __exidx_end = .
                0x00002fcc                _etext = .

.data           0x20000000        0xc load address 0x60002fcc
                0x60002fcc                __data_load = LOADADDR (.data)
                0x60002fcc                _sidata = LOADADDR (.data)
                0x20000000                __data_start = .
                0x20000000                _sdata = .
 *(.jcr)
 .jcr           0x20000000        0x0 c:/microsemi/softconsole v3.3/sourcery-g++/bin/../lib/gcc/arm-none-eabi/4.4.1/thumb2/crtbegin.o
 .jcr           0x20000000        0x4 c:/microsemi/softconsole v3.3/sourcery-g++/bin/../lib/gcc/arm-none-eabi/4.4.1/thumb2/crtend.o
 *(.got.plt)
 *(.got)
 *(.shdata)
 *(.data .data.* .gnu.linkonce.d.*)
 .data.can_hit  0x20000004        0x4 ./main.o
                0x20000004                can_hit
 .data.sound_done
                0x20000008        0x4 ./main.o
                0x20000008                sound_done
                0x2000000c                . = ALIGN (0x4)
                0x2000000c                _edata = .

.bss            0x2000000c      0x17c load address 0x60002fd8
                0x2000000c                __bss_start__ = .
                0x2000000c                _sbss = .
 *(.shbss)
 *(.bss .bss.* .gnu.linkonce.b.*)
 .bss           0x2000000c        0x1 c:/microsemi/softconsole v3.3/sourcery-g++/bin/../lib/gcc/arm-none-eabi/4.4.1/thumb2/crtbegin.o
 *fill*         0x2000000d        0x3 00
 .bss.hits      0x20000010        0x4 ./main.o
                0x20000010                hits
 *(COMMON)
 COMMON         0x20000014       0x65 ./main.o
                0x20000014                g_spi_led
                0x2000005c                master_rx_buffer
                0x20000068                g_uart
                0x20000070                master_tx_buffer
 *fill*         0x20000079        0x3 00
 COMMON         0x2000007c      0x108 C:\Users\robcecil\Desktop\ps2_turret_ir_integration\SoftConsole\turret_servo_mss_design_MSS_CM3_0\turret_servo_mss_design_MSS_CM3_0_hw_platform\Debug\libturret_servo_mss_design_MSS_CM3_0_hw_platform.a(mss_spi.o)
                0x2000007c                g_mss_spi1
                0x20000100                g_mss_spi0
                0x20000188                . = ALIGN (0x8)
 *fill*         0x20000184        0x4 00
                0x20000188                __bss_end__ = .
                0x20000188                _end = .
                0x20000188                __end = _end
                0x20000188                _ebss = .
                0x20000188                PROVIDE (end, .)

.stab
 *(.stab)

.stabstr
 *(.stabstr)

.debug
 *(.debug)

.line
 *(.line)

.debug_srcinfo
 *(.debug_srcinfo)

.debug_sfnames
 *(.debug_sfnames)

.comment        0x00000000      0x158
 .comment       0x00000000       0x2b ./main.o
 .comment       0x0000002b       0x2b C:/Users/robcecil/Desktop/ps2_turret_ir_integration/SoftConsole/turret_servo_mss_design_MSS_CM3_0/turret_servo_mss_design_MSS_CM3_0_hw_platform/Debug/CMSIS/startup_gcc/newlib_stubs.o
 .comment       0x00000056       0x2b C:\Users\robcecil\Desktop\ps2_turret_ir_integration\SoftConsole\turret_servo_mss_design_MSS_CM3_0\turret_servo_mss_design_MSS_CM3_0_hw_platform\Debug\libturret_servo_mss_design_MSS_CM3_0_hw_platform.a(mss_spi.o)
 .comment       0x00000081       0x2b C:\Users\robcecil\Desktop\ps2_turret_ir_integration\SoftConsole\turret_servo_mss_design_MSS_CM3_0\turret_servo_mss_design_MSS_CM3_0_hw_platform\Debug\libturret_servo_mss_design_MSS_CM3_0_hw_platform.a(mss_gpio.o)
 .comment       0x000000ac       0x2b C:\Users\robcecil\Desktop\ps2_turret_ir_integration\SoftConsole\turret_servo_mss_design_MSS_CM3_0\turret_servo_mss_design_MSS_CM3_0_hw_platform\Debug\libturret_servo_mss_design_MSS_CM3_0_hw_platform.a(core_uart_apb.o)
 .comment       0x000000d7       0x2b C:\Users\robcecil\Desktop\ps2_turret_ir_integration\SoftConsole\turret_servo_mss_design_MSS_CM3_0\turret_servo_mss_design_MSS_CM3_0_hw_platform\Debug\libturret_servo_mss_design_MSS_CM3_0_hw_platform.a(core_spi.o)
 .comment       0x00000102       0x2b C:\Users\robcecil\Desktop\ps2_turret_ir_integration\SoftConsole\turret_servo_mss_design_MSS_CM3_0\turret_servo_mss_design_MSS_CM3_0_hw_platform\Debug\libturret_servo_mss_design_MSS_CM3_0_hw_platform.a(system_a2fxxxm3.o)
 .comment       0x0000012d       0x2b C:\Users\robcecil\Desktop\ps2_turret_ir_integration\SoftConsole\turret_servo_mss_design_MSS_CM3_0\turret_servo_mss_design_MSS_CM3_0_hw_platform\Debug\libturret_servo_mss_design_MSS_CM3_0_hw_platform.a(hal_assert.o)

.debug_aranges  0x00000000      0x418
 *(.debug_aranges)
 .debug_aranges
                0x00000000       0xf0 ./main.o
 .debug_aranges
                0x000000f0       0xa8 C:/Users/robcecil/Desktop/ps2_turret_ir_integration/SoftConsole/turret_servo_mss_design_MSS_CM3_0/turret_servo_mss_design_MSS_CM3_0_hw_platform/Debug/CMSIS/startup_gcc/newlib_stubs.o
 .debug_aranges
                0x00000198       0xe0 C:\Users\robcecil\Desktop\ps2_turret_ir_integration\SoftConsole\turret_servo_mss_design_MSS_CM3_0\turret_servo_mss_design_MSS_CM3_0_hw_platform\Debug\libturret_servo_mss_design_MSS_CM3_0_hw_platform.a(mss_spi.o)
 .debug_aranges
                0x00000278       0x60 C:\Users\robcecil\Desktop\ps2_turret_ir_integration\SoftConsole\turret_servo_mss_design_MSS_CM3_0\turret_servo_mss_design_MSS_CM3_0_hw_platform\Debug\libturret_servo_mss_design_MSS_CM3_0_hw_platform.a(mss_gpio.o)
 .debug_aranges
                0x000002d8       0x48 C:\Users\robcecil\Desktop\ps2_turret_ir_integration\SoftConsole\turret_servo_mss_design_MSS_CM3_0\turret_servo_mss_design_MSS_CM3_0_hw_platform\Debug\libturret_servo_mss_design_MSS_CM3_0_hw_platform.a(core_uart_apb.o)
 .debug_aranges
                0x00000320       0xa8 C:\Users\robcecil\Desktop\ps2_turret_ir_integration\SoftConsole\turret_servo_mss_design_MSS_CM3_0\turret_servo_mss_design_MSS_CM3_0_hw_platform\Debug\libturret_servo_mss_design_MSS_CM3_0_hw_platform.a(core_spi.o)
 .debug_aranges
                0x000003c8       0x30 C:\Users\robcecil\Desktop\ps2_turret_ir_integration\SoftConsole\turret_servo_mss_design_MSS_CM3_0\turret_servo_mss_design_MSS_CM3_0_hw_platform\Debug\libturret_servo_mss_design_MSS_CM3_0_hw_platform.a(system_a2fxxxm3.o)
 .debug_aranges
                0x000003f8       0x20 C:\Users\robcecil\Desktop\ps2_turret_ir_integration\SoftConsole\turret_servo_mss_design_MSS_CM3_0\turret_servo_mss_design_MSS_CM3_0_hw_platform\Debug\libturret_servo_mss_design_MSS_CM3_0_hw_platform.a(hal_assert.o)

.debug_pubnames
                0x00000000      0x7aa
 *(.debug_pubnames)
 .debug_pubnames
                0x00000000      0x125 ./main.o
 .debug_pubnames
                0x00000125       0xeb C:/Users/robcecil/Desktop/ps2_turret_ir_integration/SoftConsole/turret_servo_mss_design_MSS_CM3_0/turret_servo_mss_design_MSS_CM3_0_hw_platform/Debug/CMSIS/startup_gcc/newlib_stubs.o
 .debug_pubnames
                0x00000210      0x21a C:\Users\robcecil\Desktop\ps2_turret_ir_integration\SoftConsole\turret_servo_mss_design_MSS_CM3_0\turret_servo_mss_design_MSS_CM3_0_hw_platform\Debug\libturret_servo_mss_design_MSS_CM3_0_hw_platform.a(mss_spi.o)
 .debug_pubnames
                0x0000042a       0xb1 C:\Users\robcecil\Desktop\ps2_turret_ir_integration\SoftConsole\turret_servo_mss_design_MSS_CM3_0\turret_servo_mss_design_MSS_CM3_0_hw_platform\Debug\libturret_servo_mss_design_MSS_CM3_0_hw_platform.a(mss_gpio.o)
 .debug_pubnames
                0x000004db       0x85 C:\Users\robcecil\Desktop\ps2_turret_ir_integration\SoftConsole\turret_servo_mss_design_MSS_CM3_0\turret_servo_mss_design_MSS_CM3_0_hw_platform\Debug\libturret_servo_mss_design_MSS_CM3_0_hw_platform.a(core_uart_apb.o)
 .debug_pubnames
                0x00000560      0x170 C:\Users\robcecil\Desktop\ps2_turret_ir_integration\SoftConsole\turret_servo_mss_design_MSS_CM3_0\turret_servo_mss_design_MSS_CM3_0_hw_platform\Debug\libturret_servo_mss_design_MSS_CM3_0_hw_platform.a(core_spi.o)
 .debug_pubnames
                0x000006d0       0xb4 C:\Users\robcecil\Desktop\ps2_turret_ir_integration\SoftConsole\turret_servo_mss_design_MSS_CM3_0\turret_servo_mss_design_MSS_CM3_0_hw_platform\Debug\libturret_servo_mss_design_MSS_CM3_0_hw_platform.a(system_a2fxxxm3.o)
 .debug_pubnames
                0x00000784       0x26 C:\Users\robcecil\Desktop\ps2_turret_ir_integration\SoftConsole\turret_servo_mss_design_MSS_CM3_0\turret_servo_mss_design_MSS_CM3_0_hw_platform\Debug\libturret_servo_mss_design_MSS_CM3_0_hw_platform.a(hal_assert.o)

.debug_info     0x00000000     0x5b7d
 *(.debug_info .gnu.linkonce.wi.*)
 .debug_info    0x00000000     0x192f ./main.o
 .debug_info    0x0000192f      0x6bf C:/Users/robcecil/Desktop/ps2_turret_ir_integration/SoftConsole/turret_servo_mss_design_MSS_CM3_0/turret_servo_mss_design_MSS_CM3_0_hw_platform/Debug/CMSIS/startup_gcc/newlib_stubs.o
 .debug_info    0x00001fee     0x1472 C:\Users\robcecil\Desktop\ps2_turret_ir_integration\SoftConsole\turret_servo_mss_design_MSS_CM3_0\turret_servo_mss_design_MSS_CM3_0_hw_platform\Debug\libturret_servo_mss_design_MSS_CM3_0_hw_platform.a(mss_spi.o)
 .debug_info    0x00003460     0x1114 C:\Users\robcecil\Desktop\ps2_turret_ir_integration\SoftConsole\turret_servo_mss_design_MSS_CM3_0\turret_servo_mss_design_MSS_CM3_0_hw_platform\Debug\libturret_servo_mss_design_MSS_CM3_0_hw_platform.a(mss_gpio.o)
 .debug_info    0x00004574      0x526 C:\Users\robcecil\Desktop\ps2_turret_ir_integration\SoftConsole\turret_servo_mss_design_MSS_CM3_0\turret_servo_mss_design_MSS_CM3_0_hw_platform\Debug\libturret_servo_mss_design_MSS_CM3_0_hw_platform.a(core_uart_apb.o)
 .debug_info    0x00004a9a      0xa79 C:\Users\robcecil\Desktop\ps2_turret_ir_integration\SoftConsole\turret_servo_mss_design_MSS_CM3_0\turret_servo_mss_design_MSS_CM3_0_hw_platform\Debug\libturret_servo_mss_design_MSS_CM3_0_hw_platform.a(core_spi.o)
 .debug_info    0x00005513      0x53c C:\Users\robcecil\Desktop\ps2_turret_ir_integration\SoftConsole\turret_servo_mss_design_MSS_CM3_0\turret_servo_mss_design_MSS_CM3_0_hw_platform\Debug\libturret_servo_mss_design_MSS_CM3_0_hw_platform.a(system_a2fxxxm3.o)
 .debug_info    0x00005a4f      0x12e C:\Users\robcecil\Desktop\ps2_turret_ir_integration\SoftConsole\turret_servo_mss_design_MSS_CM3_0\turret_servo_mss_design_MSS_CM3_0_hw_platform\Debug\libturret_servo_mss_design_MSS_CM3_0_hw_platform.a(hal_assert.o)

.debug_abbrev   0x00000000      0xb6e
 *(.debug_abbrev)
 .debug_abbrev  0x00000000      0x27e ./main.o
 .debug_abbrev  0x0000027e      0x130 C:/Users/robcecil/Desktop/ps2_turret_ir_integration/SoftConsole/turret_servo_mss_design_MSS_CM3_0/turret_servo_mss_design_MSS_CM3_0_hw_platform/Debug/CMSIS/startup_gcc/newlib_stubs.o
 .debug_abbrev  0x000003ae      0x219 C:\Users\robcecil\Desktop\ps2_turret_ir_integration\SoftConsole\turret_servo_mss_design_MSS_CM3_0\turret_servo_mss_design_MSS_CM3_0_hw_platform\Debug\libturret_servo_mss_design_MSS_CM3_0_hw_platform.a(mss_spi.o)
 .debug_abbrev  0x000005c7      0x181 C:\Users\robcecil\Desktop\ps2_turret_ir_integration\SoftConsole\turret_servo_mss_design_MSS_CM3_0\turret_servo_mss_design_MSS_CM3_0_hw_platform\Debug\libturret_servo_mss_design_MSS_CM3_0_hw_platform.a(mss_gpio.o)
 .debug_abbrev  0x00000748      0x119 C:\Users\robcecil\Desktop\ps2_turret_ir_integration\SoftConsole\turret_servo_mss_design_MSS_CM3_0\turret_servo_mss_design_MSS_CM3_0_hw_platform\Debug\libturret_servo_mss_design_MSS_CM3_0_hw_platform.a(core_uart_apb.o)
 .debug_abbrev  0x00000861      0x16c C:\Users\robcecil\Desktop\ps2_turret_ir_integration\SoftConsole\turret_servo_mss_design_MSS_CM3_0\turret_servo_mss_design_MSS_CM3_0_hw_platform\Debug\libturret_servo_mss_design_MSS_CM3_0_hw_platform.a(core_spi.o)
 .debug_abbrev  0x000009cd      0x111 C:\Users\robcecil\Desktop\ps2_turret_ir_integration\SoftConsole\turret_servo_mss_design_MSS_CM3_0\turret_servo_mss_design_MSS_CM3_0_hw_platform\Debug\libturret_servo_mss_design_MSS_CM3_0_hw_platform.a(system_a2fxxxm3.o)
 .debug_abbrev  0x00000ade       0x90 C:\Users\robcecil\Desktop\ps2_turret_ir_integration\SoftConsole\turret_servo_mss_design_MSS_CM3_0\turret_servo_mss_design_MSS_CM3_0_hw_platform\Debug\libturret_servo_mss_design_MSS_CM3_0_hw_platform.a(hal_assert.o)

.debug_line     0x00000000     0x2c29
 *(.debug_line)
 .debug_line    0x00000000      0xe8f ./main.o
 .debug_line    0x00000e8f      0x458 C:/Users/robcecil/Desktop/ps2_turret_ir_integration/SoftConsole/turret_servo_mss_design_MSS_CM3_0/turret_servo_mss_design_MSS_CM3_0_hw_platform/Debug/CMSIS/startup_gcc/newlib_stubs.o
 .debug_line    0x000012e7      0x71a C:\Users\robcecil\Desktop\ps2_turret_ir_integration\SoftConsole\turret_servo_mss_design_MSS_CM3_0\turret_servo_mss_design_MSS_CM3_0_hw_platform\Debug\libturret_servo_mss_design_MSS_CM3_0_hw_platform.a(mss_spi.o)
 .debug_line    0x00001a01      0x326 C:\Users\robcecil\Desktop\ps2_turret_ir_integration\SoftConsole\turret_servo_mss_design_MSS_CM3_0\turret_servo_mss_design_MSS_CM3_0_hw_platform\Debug\libturret_servo_mss_design_MSS_CM3_0_hw_platform.a(mss_gpio.o)
 .debug_line    0x00001d27      0x343 C:\Users\robcecil\Desktop\ps2_turret_ir_integration\SoftConsole\turret_servo_mss_design_MSS_CM3_0\turret_servo_mss_design_MSS_CM3_0_hw_platform\Debug\libturret_servo_mss_design_MSS_CM3_0_hw_platform.a(core_uart_apb.o)
 .debug_line    0x0000206a      0x701 C:\Users\robcecil\Desktop\ps2_turret_ir_integration\SoftConsole\turret_servo_mss_design_MSS_CM3_0\turret_servo_mss_design_MSS_CM3_0_hw_platform\Debug\libturret_servo_mss_design_MSS_CM3_0_hw_platform.a(core_spi.o)
 .debug_line    0x0000276b      0x27b C:\Users\robcecil\Desktop\ps2_turret_ir_integration\SoftConsole\turret_servo_mss_design_MSS_CM3_0\turret_servo_mss_design_MSS_CM3_0_hw_platform\Debug\libturret_servo_mss_design_MSS_CM3_0_hw_platform.a(system_a2fxxxm3.o)
 .debug_line    0x000029e6      0x243 C:\Users\robcecil\Desktop\ps2_turret_ir_integration\SoftConsole\turret_servo_mss_design_MSS_CM3_0\turret_servo_mss_design_MSS_CM3_0_hw_platform\Debug\libturret_servo_mss_design_MSS_CM3_0_hw_platform.a(hal_assert.o)

.debug_frame    0x00000000      0xd8c
 *(.debug_frame)
 .debug_frame   0x00000000      0x314 ./main.o
 .debug_frame   0x00000314      0x21c C:/Users/robcecil/Desktop/ps2_turret_ir_integration/SoftConsole/turret_servo_mss_design_MSS_CM3_0/turret_servo_mss_design_MSS_CM3_0_hw_platform/Debug/CMSIS/startup_gcc/newlib_stubs.o
 .debug_frame   0x00000530      0x320 C:\Users\robcecil\Desktop\ps2_turret_ir_integration\SoftConsole\turret_servo_mss_design_MSS_CM3_0\turret_servo_mss_design_MSS_CM3_0_hw_platform\Debug\libturret_servo_mss_design_MSS_CM3_0_hw_platform.a(mss_spi.o)
 .debug_frame   0x00000850      0x118 C:\Users\robcecil\Desktop\ps2_turret_ir_integration\SoftConsole\turret_servo_mss_design_MSS_CM3_0\turret_servo_mss_design_MSS_CM3_0_hw_platform\Debug\libturret_servo_mss_design_MSS_CM3_0_hw_platform.a(mss_gpio.o)
 .debug_frame   0x00000968       0xd0 C:\Users\robcecil\Desktop\ps2_turret_ir_integration\SoftConsole\turret_servo_mss_design_MSS_CM3_0\turret_servo_mss_design_MSS_CM3_0_hw_platform\Debug\libturret_servo_mss_design_MSS_CM3_0_hw_platform.a(core_uart_apb.o)
 .debug_frame   0x00000a38      0x250 C:\Users\robcecil\Desktop\ps2_turret_ir_integration\SoftConsole\turret_servo_mss_design_MSS_CM3_0\turret_servo_mss_design_MSS_CM3_0_hw_platform\Debug\libturret_servo_mss_design_MSS_CM3_0_hw_platform.a(core_spi.o)
 .debug_frame   0x00000c88       0x64 C:\Users\robcecil\Desktop\ps2_turret_ir_integration\SoftConsole\turret_servo_mss_design_MSS_CM3_0\turret_servo_mss_design_MSS_CM3_0_hw_platform\Debug\libturret_servo_mss_design_MSS_CM3_0_hw_platform.a(system_a2fxxxm3.o)
 .debug_frame   0x00000cec       0x2c C:\Users\robcecil\Desktop\ps2_turret_ir_integration\SoftConsole\turret_servo_mss_design_MSS_CM3_0\turret_servo_mss_design_MSS_CM3_0_hw_platform\Debug\libturret_servo_mss_design_MSS_CM3_0_hw_platform.a(hal_assert.o)
 .debug_frame   0x00000d18       0x20 c:/microsemi/softconsole v3.3/sourcery-g++/bin/../lib/gcc/arm-none-eabi/4.4.1/../../../../arm-none-eabi/lib/thumb2\libc.a(lib_a-errno.o)
 .debug_frame   0x00000d38       0x2c c:/microsemi/softconsole v3.3/sourcery-g++/bin/../lib/gcc/arm-none-eabi/4.4.1/../../../../arm-none-eabi/lib/thumb2\libc.a(lib_a-init.o)
 .debug_frame   0x00000d64       0x28 c:/microsemi/softconsole v3.3/sourcery-g++/bin/../lib/gcc/arm-none-eabi/4.4.1/../../../../arm-none-eabi/lib/thumb2\libc.a(lib_a-memset.o)

.debug_str      0x00000000     0x245d
 *(.debug_str)
 .debug_str     0x00000000     0x18f4 ./main.o
                               0x1add (size before relaxing)
 .debug_str     0x000018f4      0x274 C:/Users/robcecil/Desktop/ps2_turret_ir_integration/SoftConsole/turret_servo_mss_design_MSS_CM3_0/turret_servo_mss_design_MSS_CM3_0_hw_platform/Debug/CMSIS/startup_gcc/newlib_stubs.o
                                0x356 (size before relaxing)
 .debug_str     0x00001b68      0x366 C:\Users\robcecil\Desktop\ps2_turret_ir_integration\SoftConsole\turret_servo_mss_design_MSS_CM3_0\turret_servo_mss_design_MSS_CM3_0_hw_platform\Debug\libturret_servo_mss_design_MSS_CM3_0_hw_platform.a(mss_spi.o)
                               0x16f8 (size before relaxing)
 .debug_str     0x00001ece      0x2df C:\Users\robcecil\Desktop\ps2_turret_ir_integration\SoftConsole\turret_servo_mss_design_MSS_CM3_0\turret_servo_mss_design_MSS_CM3_0_hw_platform\Debug\libturret_servo_mss_design_MSS_CM3_0_hw_platform.a(mss_gpio.o)
                               0x12bf (size before relaxing)
 .debug_str     0x000021ad       0xfd C:\Users\robcecil\Desktop\ps2_turret_ir_integration\SoftConsole\turret_servo_mss_design_MSS_CM3_0\turret_servo_mss_design_MSS_CM3_0_hw_platform\Debug\libturret_servo_mss_design_MSS_CM3_0_hw_platform.a(core_uart_apb.o)
                                0x2a6 (size before relaxing)
 .debug_str     0x000022aa       0x41 C:\Users\robcecil\Desktop\ps2_turret_ir_integration\SoftConsole\turret_servo_mss_design_MSS_CM3_0\turret_servo_mss_design_MSS_CM3_0_hw_platform\Debug\libturret_servo_mss_design_MSS_CM3_0_hw_platform.a(core_spi.o)
                                0x622 (size before relaxing)
 .debug_str     0x000022eb      0x119 C:\Users\robcecil\Desktop\ps2_turret_ir_integration\SoftConsole\turret_servo_mss_design_MSS_CM3_0\turret_servo_mss_design_MSS_CM3_0_hw_platform\Debug\libturret_servo_mss_design_MSS_CM3_0_hw_platform.a(system_a2fxxxm3.o)
                                0x48a (size before relaxing)
 .debug_str     0x00002404       0x59 C:\Users\robcecil\Desktop\ps2_turret_ir_integration\SoftConsole\turret_servo_mss_design_MSS_CM3_0\turret_servo_mss_design_MSS_CM3_0_hw_platform\Debug\libturret_servo_mss_design_MSS_CM3_0_hw_platform.a(hal_assert.o)
                                0x1a5 (size before relaxing)

.debug_loc      0x00000000     0x164d
 *(.debug_loc)
 .debug_loc     0x00000000      0x53f ./main.o
 .debug_loc     0x0000053f      0x3c6 C:/Users/robcecil/Desktop/ps2_turret_ir_integration/SoftConsole/turret_servo_mss_design_MSS_CM3_0/turret_servo_mss_design_MSS_CM3_0_hw_platform/Debug/CMSIS/startup_gcc/newlib_stubs.o
 .debug_loc     0x00000905      0x549 C:\Users\robcecil\Desktop\ps2_turret_ir_integration\SoftConsole\turret_servo_mss_design_MSS_CM3_0\turret_servo_mss_design_MSS_CM3_0_hw_platform\Debug\libturret_servo_mss_design_MSS_CM3_0_hw_platform.a(mss_spi.o)
 .debug_loc     0x00000e4e      0x1ef C:\Users\robcecil\Desktop\ps2_turret_ir_integration\SoftConsole\turret_servo_mss_design_MSS_CM3_0\turret_servo_mss_design_MSS_CM3_0_hw_platform\Debug\libturret_servo_mss_design_MSS_CM3_0_hw_platform.a(mss_gpio.o)
 .debug_loc     0x0000103d      0x154 C:\Users\robcecil\Desktop\ps2_turret_ir_integration\SoftConsole\turret_servo_mss_design_MSS_CM3_0\turret_servo_mss_design_MSS_CM3_0_hw_platform\Debug\libturret_servo_mss_design_MSS_CM3_0_hw_platform.a(core_uart_apb.o)
 .debug_loc     0x00001191      0x3ec C:\Users\robcecil\Desktop\ps2_turret_ir_integration\SoftConsole\turret_servo_mss_design_MSS_CM3_0\turret_servo_mss_design_MSS_CM3_0_hw_platform\Debug\libturret_servo_mss_design_MSS_CM3_0_hw_platform.a(core_spi.o)
 .debug_loc     0x0000157d       0x99 C:\Users\robcecil\Desktop\ps2_turret_ir_integration\SoftConsole\turret_servo_mss_design_MSS_CM3_0\turret_servo_mss_design_MSS_CM3_0_hw_platform\Debug\libturret_servo_mss_design_MSS_CM3_0_hw_platform.a(system_a2fxxxm3.o)
 .debug_loc     0x00001616       0x37 C:\Users\robcecil\Desktop\ps2_turret_ir_integration\SoftConsole\turret_servo_mss_design_MSS_CM3_0\turret_servo_mss_design_MSS_CM3_0_hw_platform\Debug\libturret_servo_mss_design_MSS_CM3_0_hw_platform.a(hal_assert.o)

.debug_macinfo  0x00000000    0x2a360
 *(.debug_macinfo)
 .debug_macinfo
                0x00000000     0x9ce4 ./main.o
 .debug_macinfo
                0x00009ce4     0x4bf0 C:/Users/robcecil/Desktop/ps2_turret_ir_integration/SoftConsole/turret_servo_mss_design_MSS_CM3_0/turret_servo_mss_design_MSS_CM3_0_hw_platform/Debug/CMSIS/startup_gcc/newlib_stubs.o
 .debug_macinfo
                0x0000e8d4     0x7540 C:\Users\robcecil\Desktop\ps2_turret_ir_integration\SoftConsole\turret_servo_mss_design_MSS_CM3_0\turret_servo_mss_design_MSS_CM3_0_hw_platform\Debug\libturret_servo_mss_design_MSS_CM3_0_hw_platform.a(mss_spi.o)
 .debug_macinfo
                0x00015e14     0x5ce1 C:\Users\robcecil\Desktop\ps2_turret_ir_integration\SoftConsole\turret_servo_mss_design_MSS_CM3_0\turret_servo_mss_design_MSS_CM3_0_hw_platform\Debug\libturret_servo_mss_design_MSS_CM3_0_hw_platform.a(mss_gpio.o)
 .debug_macinfo
                0x0001baf5     0x2437 C:\Users\robcecil\Desktop\ps2_turret_ir_integration\SoftConsole\turret_servo_mss_design_MSS_CM3_0\turret_servo_mss_design_MSS_CM3_0_hw_platform\Debug\libturret_servo_mss_design_MSS_CM3_0_hw_platform.a(core_uart_apb.o)
 .debug_macinfo
                0x0001df2c     0x4cd3 C:\Users\robcecil\Desktop\ps2_turret_ir_integration\SoftConsole\turret_servo_mss_design_MSS_CM3_0\turret_servo_mss_design_MSS_CM3_0_hw_platform\Debug\libturret_servo_mss_design_MSS_CM3_0_hw_platform.a(core_spi.o)
 .debug_macinfo
                0x00022bff     0x5a7f C:\Users\robcecil\Desktop\ps2_turret_ir_integration\SoftConsole\turret_servo_mss_design_MSS_CM3_0\turret_servo_mss_design_MSS_CM3_0_hw_platform\Debug\libturret_servo_mss_design_MSS_CM3_0_hw_platform.a(system_a2fxxxm3.o)
 .debug_macinfo
                0x0002867e     0x1ce2 C:\Users\robcecil\Desktop\ps2_turret_ir_integration\SoftConsole\turret_servo_mss_design_MSS_CM3_0\turret_servo_mss_design_MSS_CM3_0_hw_platform\Debug\libturret_servo_mss_design_MSS_CM3_0_hw_platform.a(hal_assert.o)

.debug_weaknames
 *(.debug_weaknames)

.debug_funcnames
 *(.debug_funcnames)

.debug_typenames
 *(.debug_typenames)

.debug_varnames
 *(.debug_varnames)

.note.gnu.arm.ident
 *(.note.gnu.arm.ident)

.ARM.attributes
                0x00000000       0x25
 *(.ARM.attributes)
 .ARM.attributes
                0x00000000       0x19 c:/microsemi/softconsole v3.3/sourcery-g++/bin/../lib/gcc/arm-none-eabi/4.4.1/thumb2/crti.o
 .ARM.attributes
                0x00000019       0x29 c:/microsemi/softconsole v3.3/sourcery-g++/bin/../lib/gcc/arm-none-eabi/4.4.1/thumb2/crtbegin.o
 .ARM.attributes
                0x00000042       0x31 ./main.o
 .ARM.attributes
                0x00000073       0x21 C:/Users/robcecil/Desktop/ps2_turret_ir_integration/SoftConsole/turret_servo_mss_design_MSS_CM3_0/turret_servo_mss_design_MSS_CM3_0_hw_platform/Debug/CMSIS/startup_gcc/startup_a2fxxxm3.o
 .ARM.attributes
                0x00000094       0x31 C:/Users/robcecil/Desktop/ps2_turret_ir_integration/SoftConsole/turret_servo_mss_design_MSS_CM3_0/turret_servo_mss_design_MSS_CM3_0_hw_platform/Debug/CMSIS/startup_gcc/newlib_stubs.o
 .ARM.attributes
                0x000000c5       0x31 C:\Users\robcecil\Desktop\ps2_turret_ir_integration\SoftConsole\turret_servo_mss_design_MSS_CM3_0\turret_servo_mss_design_MSS_CM3_0_hw_platform\Debug\libturret_servo_mss_design_MSS_CM3_0_hw_platform.a(mss_spi.o)
 .ARM.attributes
                0x000000f6       0x31 C:\Users\robcecil\Desktop\ps2_turret_ir_integration\SoftConsole\turret_servo_mss_design_MSS_CM3_0\turret_servo_mss_design_MSS_CM3_0_hw_platform\Debug\libturret_servo_mss_design_MSS_CM3_0_hw_platform.a(mss_gpio.o)
 .ARM.attributes
                0x00000127       0x31 C:\Users\robcecil\Desktop\ps2_turret_ir_integration\SoftConsole\turret_servo_mss_design_MSS_CM3_0\turret_servo_mss_design_MSS_CM3_0_hw_platform\Debug\libturret_servo_mss_design_MSS_CM3_0_hw_platform.a(core_uart_apb.o)
 .ARM.attributes
                0x00000158       0x31 C:\Users\robcecil\Desktop\ps2_turret_ir_integration\SoftConsole\turret_servo_mss_design_MSS_CM3_0\turret_servo_mss_design_MSS_CM3_0_hw_platform\Debug\libturret_servo_mss_design_MSS_CM3_0_hw_platform.a(core_spi.o)
 .ARM.attributes
                0x00000189       0x31 C:\Users\robcecil\Desktop\ps2_turret_ir_integration\SoftConsole\turret_servo_mss_design_MSS_CM3_0\turret_servo_mss_design_MSS_CM3_0_hw_platform\Debug\libturret_servo_mss_design_MSS_CM3_0_hw_platform.a(system_a2fxxxm3.o)
 .ARM.attributes
                0x000001ba       0x31 C:\Users\robcecil\Desktop\ps2_turret_ir_integration\SoftConsole\turret_servo_mss_design_MSS_CM3_0\turret_servo_mss_design_MSS_CM3_0_hw_platform\Debug\libturret_servo_mss_design_MSS_CM3_0_hw_platform.a(hal_assert.o)
 .ARM.attributes
                0x000001eb       0x21 C:\Users\robcecil\Desktop\ps2_turret_ir_integration\SoftConsole\turret_servo_mss_design_MSS_CM3_0\turret_servo_mss_design_MSS_CM3_0_hw_platform\Debug\libturret_servo_mss_design_MSS_CM3_0_hw_platform.a(hw_reg_access.o)
 .ARM.attributes
                0x0000020c       0x29 c:/microsemi/softconsole v3.3/sourcery-g++/bin/../lib/gcc/arm-none-eabi/4.4.1/../../../../arm-none-eabi/lib/thumb2\libc.a(lib_a-errno.o)
 .ARM.attributes
                0x00000235       0x29 c:/microsemi/softconsole v3.3/sourcery-g++/bin/../lib/gcc/arm-none-eabi/4.4.1/../../../../arm-none-eabi/lib/thumb2\libc.a(lib_a-impure.o)
 .ARM.attributes
                0x0000025e       0x29 c:/microsemi/softconsole v3.3/sourcery-g++/bin/../lib/gcc/arm-none-eabi/4.4.1/../../../../arm-none-eabi/lib/thumb2\libc.a(lib_a-init.o)
 .ARM.attributes
                0x00000287       0x29 c:/microsemi/softconsole v3.3/sourcery-g++/bin/../lib/gcc/arm-none-eabi/4.4.1/../../../../arm-none-eabi/lib/thumb2\libc.a(lib_a-memset.o)
 .ARM.attributes
                0x000002b0       0x29 c:/microsemi/softconsole v3.3/sourcery-g++/bin/../lib/gcc/arm-none-eabi/4.4.1/thumb2/crtend.o
 .ARM.attributes
                0x000002d9       0x19 c:/microsemi/softconsole v3.3/sourcery-g++/bin/../lib/gcc/arm-none-eabi/4.4.1/thumb2/crtn.o

/DISCARD/
 *(.note.GNU-stack)
OUTPUT(turret_servo_mss_design_MSS_CM3_0_app elf32-littlearm)

.debug_ranges   0x00000000      0x3f0
 .debug_ranges  0x00000000      0x100 ./main.o
 .debug_ranges  0x00000100       0xa0 C:/Users/robcecil/Desktop/ps2_turret_ir_integration/SoftConsole/turret_servo_mss_design_MSS_CM3_0/turret_servo_mss_design_MSS_CM3_0_hw_platform/Debug/CMSIS/startup_gcc/newlib_stubs.o
 .debug_ranges  0x000001a0       0xd8 C:\Users\robcecil\Desktop\ps2_turret_ir_integration\SoftConsole\turret_servo_mss_design_MSS_CM3_0\turret_servo_mss_design_MSS_CM3_0_hw_platform\Debug\libturret_servo_mss_design_MSS_CM3_0_hw_platform.a(mss_spi.o)
 .debug_ranges  0x00000278       0x58 C:\Users\robcecil\Desktop\ps2_turret_ir_integration\SoftConsole\turret_servo_mss_design_MSS_CM3_0\turret_servo_mss_design_MSS_CM3_0_hw_platform\Debug\libturret_servo_mss_design_MSS_CM3_0_hw_platform.a(mss_gpio.o)
 .debug_ranges  0x000002d0       0x40 C:\Users\robcecil\Desktop\ps2_turret_ir_integration\SoftConsole\turret_servo_mss_design_MSS_CM3_0\turret_servo_mss_design_MSS_CM3_0_hw_platform\Debug\libturret_servo_mss_design_MSS_CM3_0_hw_platform.a(core_uart_apb.o)
 .debug_ranges  0x00000310       0xa0 C:\Users\robcecil\Desktop\ps2_turret_ir_integration\SoftConsole\turret_servo_mss_design_MSS_CM3_0\turret_servo_mss_design_MSS_CM3_0_hw_platform\Debug\libturret_servo_mss_design_MSS_CM3_0_hw_platform.a(core_spi.o)
 .debug_ranges  0x000003b0       0x28 C:\Users\robcecil\Desktop\ps2_turret_ir_integration\SoftConsole\turret_servo_mss_design_MSS_CM3_0\turret_servo_mss_design_MSS_CM3_0_hw_platform\Debug\libturret_servo_mss_design_MSS_CM3_0_hw_platform.a(system_a2fxxxm3.o)
 .debug_ranges  0x000003d8       0x18 C:\Users\robcecil\Desktop\ps2_turret_ir_integration\SoftConsole\turret_servo_mss_design_MSS_CM3_0\turret_servo_mss_design_MSS_CM3_0_hw_platform\Debug\libturret_servo_mss_design_MSS_CM3_0_hw_platform.a(hal_assert.o)
