Archive member included because of file (symbol)

C:\Users\celinesc\Desktop\ps2_turret_ir_integration\SoftConsole\turret_servo_mss_design_MSS_CM3_0\turret_servo_mss_design_MSS_CM3_0_hw_platform\Debug\libturret_servo_mss_design_MSS_CM3_0_hw_platform.a(mss_uart.o)
                              C:/Users/celinesc/Desktop/ps2_turret_ir_integration/SoftConsole/turret_servo_mss_design_MSS_CM3_0/turret_servo_mss_design_MSS_CM3_0_hw_platform/Debug/CMSIS/startup_gcc/newlib_stubs.o (g_mss_uart0)
C:\Users\celinesc\Desktop\ps2_turret_ir_integration\SoftConsole\turret_servo_mss_design_MSS_CM3_0\turret_servo_mss_design_MSS_CM3_0_hw_platform\Debug\libturret_servo_mss_design_MSS_CM3_0_hw_platform.a(mss_spi.o)
                              ./main.o (g_mss_spi1)
C:\Users\celinesc\Desktop\ps2_turret_ir_integration\SoftConsole\turret_servo_mss_design_MSS_CM3_0\turret_servo_mss_design_MSS_CM3_0_hw_platform\Debug\libturret_servo_mss_design_MSS_CM3_0_hw_platform.a(mss_gpio.o)
                              ./main.o (MSS_GPIO_config)
C:\Users\celinesc\Desktop\ps2_turret_ir_integration\SoftConsole\turret_servo_mss_design_MSS_CM3_0\turret_servo_mss_design_MSS_CM3_0_hw_platform\Debug\libturret_servo_mss_design_MSS_CM3_0_hw_platform.a(core_uart_apb.o)
                              ./main.o (UART_init)
C:\Users\celinesc\Desktop\ps2_turret_ir_integration\SoftConsole\turret_servo_mss_design_MSS_CM3_0\turret_servo_mss_design_MSS_CM3_0_hw_platform\Debug\libturret_servo_mss_design_MSS_CM3_0_hw_platform.a(core_spi.o)
                              ./main.o (SPI_init)
C:\Users\celinesc\Desktop\ps2_turret_ir_integration\SoftConsole\turret_servo_mss_design_MSS_CM3_0\turret_servo_mss_design_MSS_CM3_0_hw_platform\Debug\libturret_servo_mss_design_MSS_CM3_0_hw_platform.a(system_a2fxxxm3.o)
                              C:\Users\celinesc\Desktop\ps2_turret_ir_integration\SoftConsole\turret_servo_mss_design_MSS_CM3_0\turret_servo_mss_design_MSS_CM3_0_hw_platform\Debug\libturret_servo_mss_design_MSS_CM3_0_hw_platform.a(mss_uart.o) (g_FrequencyPCLK0)
C:\Users\celinesc\Desktop\ps2_turret_ir_integration\SoftConsole\turret_servo_mss_design_MSS_CM3_0\turret_servo_mss_design_MSS_CM3_0_hw_platform\Debug\libturret_servo_mss_design_MSS_CM3_0_hw_platform.a(hal_assert.o)
                              C:\Users\celinesc\Desktop\ps2_turret_ir_integration\SoftConsole\turret_servo_mss_design_MSS_CM3_0\turret_servo_mss_design_MSS_CM3_0_hw_platform\Debug\libturret_servo_mss_design_MSS_CM3_0_hw_platform.a(core_uart_apb.o) (HAL_assert_fail)
C:\Users\celinesc\Desktop\ps2_turret_ir_integration\SoftConsole\turret_servo_mss_design_MSS_CM3_0\turret_servo_mss_design_MSS_CM3_0_hw_platform\Debug\libturret_servo_mss_design_MSS_CM3_0_hw_platform.a(hw_reg_access.o)
                              C:\Users\celinesc\Desktop\ps2_turret_ir_integration\SoftConsole\turret_servo_mss_design_MSS_CM3_0\turret_servo_mss_design_MSS_CM3_0_hw_platform\Debug\libturret_servo_mss_design_MSS_CM3_0_hw_platform.a(core_spi.o) (HW_set_32bit_reg)
c:/microsemi/softconsole v3.3/sourcery-g++/bin/../lib/gcc/arm-none-eabi/4.4.1/../../../../arm-none-eabi/lib/thumb2\libc.a(lib_a-errno.o)
                              C:/Users/celinesc/Desktop/ps2_turret_ir_integration/SoftConsole/turret_servo_mss_design_MSS_CM3_0/turret_servo_mss_design_MSS_CM3_0_hw_platform/Debug/CMSIS/startup_gcc/newlib_stubs.o (__errno)
c:/microsemi/softconsole v3.3/sourcery-g++/bin/../lib/gcc/arm-none-eabi/4.4.1/../../../../arm-none-eabi/lib/thumb2\libc.a(lib_a-impure.o)
                              c:/microsemi/softconsole v3.3/sourcery-g++/bin/../lib/gcc/arm-none-eabi/4.4.1/../../../../arm-none-eabi/lib/thumb2\libc.a(lib_a-errno.o) (_impure_ptr)
c:/microsemi/softconsole v3.3/sourcery-g++/bin/../lib/gcc/arm-none-eabi/4.4.1/../../../../arm-none-eabi/lib/thumb2\libc.a(lib_a-init.o)
                              C:/Users/celinesc/Desktop/ps2_turret_ir_integration/SoftConsole/turret_servo_mss_design_MSS_CM3_0/turret_servo_mss_design_MSS_CM3_0_hw_platform/Debug/CMSIS/startup_gcc/startup_a2fxxxm3.o (__libc_init_array)
c:/microsemi/softconsole v3.3/sourcery-g++/bin/../lib/gcc/arm-none-eabi/4.4.1/../../../../arm-none-eabi/lib/thumb2\libc.a(lib_a-memset.o)
                              C:\Users\celinesc\Desktop\ps2_turret_ir_integration\SoftConsole\turret_servo_mss_design_MSS_CM3_0\turret_servo_mss_design_MSS_CM3_0_hw_platform\Debug\libturret_servo_mss_design_MSS_CM3_0_hw_platform.a(mss_spi.o) (memset)
c:/microsemi/softconsole v3.3/sourcery-g++/bin/../lib/gcc/arm-none-eabi/4.4.1/../../../../arm-none-eabi/lib/thumb2\libc.a(lib_a-printf.o)
                              ./main.o (printf)
c:/microsemi/softconsole v3.3/sourcery-g++/bin/../lib/gcc/arm-none-eabi/4.4.1/../../../../arm-none-eabi/lib/thumb2\libc.a(lib_a-puts.o)
                              ./main.o (puts)
c:/microsemi/softconsole v3.3/sourcery-g++/bin/../lib/gcc/arm-none-eabi/4.4.1/../../../../arm-none-eabi/lib/thumb2\libc.a(lib_a-strlen.o)
[...]
Memory Configuration

Name             Origin             Length             Attributes
ram              0x20000000         0x00010000         xrw
*default*        0x00000000         0xffffffff

Linker script and memory map

LOAD c:/microsemi/softconsole v3.3/sourcery-g++/bin/../lib/gcc/arm-none-eabi/4.4.1/thumb2/crti.o
LOAD c:/microsemi/softconsole v3.3/sourcery-g++/bin/../lib/gcc/arm-none-eabi/4.4.1/thumb2/crtbegin.o
LOAD ./main.o
LOAD C:/Users/celinesc/Desktop/ps2_turret_ir_integration/SoftConsole/turret_servo_mss_design_MSS_CM3_0/turret_servo_mss_design_MSS_CM3_0_hw_platform/Debug/CMSIS/startup_gcc/startup_a2fxxxm3.o
LOAD C:/Users/celinesc/Desktop/ps2_turret_ir_integration/SoftConsole/turret_servo_mss_design_MSS_CM3_0/turret_servo_mss_design_MSS_CM3_0_hw_platform/Debug/CMSIS/startup_gcc/newlib_stubs.o
LOAD C:\Users\celinesc\Desktop\ps2_turret_ir_integration\SoftConsole\turret_servo_mss_design_MSS_CM3_0\turret_servo_mss_design_MSS_CM3_0_hw_platform\Debug\libturret_servo_mss_design_MSS_CM3_0_hw_platform.a
START GROUP
LOAD c:/microsemi/softconsole v3.3/sourcery-g++/bin/../lib/gcc/arm-none-eabi/4.4.1/thumb2\libgcc.a
LOAD c:/microsemi/softconsole v3.3/sourcery-g++/bin/../lib/gcc/arm-none-eabi/4.4.1/../../../../arm-none-eabi/lib/thumb2\libc.a
END GROUP
LOAD c:/microsemi/softconsole v3.3/sourcery-g++/bin/../lib/gcc/arm-none-eabi/4.4.1/thumb2/crtend.o
LOAD c:/microsemi/softconsole v3.3/sourcery-g++/bin/../lib/gcc/arm-none-eabi/4.4.1/thumb2/crtn.o
START GROUP
LOAD c:/microsemi/softconsole v3.3/sourcery-g++/bin/../lib/gcc/arm-none-eabi/4.4.1/../../../../arm-none-eabi/lib/thumb2\libc.a
LOAD c:/microsemi/softconsole v3.3/sourcery-g++/bin/../lib/gcc/arm-none-eabi/4.4.1/thumb2\libgcc.a
LOAD c:/microsemi/softconsole v3.3/sourcery-g++/bin/../lib/gcc/arm-none-eabi/4.4.1/../../../../arm-none-eabi/lib/thumb2\libm.a
END GROUP
                0x00000000                __DYNAMIC = 0x0
                0x20000000                RAM_START_ADDRESS = 0x20000000
                0x00010000                RAM_SIZE = 0x10000
                0x00002000                MAIN_STACK_SIZE = 0x2000
                0x00001000                PROCESS_STACK_SIZE = 0x1000
                0x20010000                PROVIDE (__main_stack_start, (RAM_START_ADDRESS + RAM_SIZE))
                0x2000e000                PROVIDE (__process_stack_start, (__main_stack_start - MAIN_STACK_SIZE))
                0x20010000                PROVIDE (_estack, __main_stack_start)
                0x00000000                PROVIDE (__mirrored_nvm, 0x0)

.text           0x20000000     0xa708
 CREATE_OBJECT_SYMBOLS
                0x20000000                __text_load = LOADADDR (.text)
                0x20000000                __text_start = .
                0x20000000                __vector_table_vma_base_address = .
 *(.isr_vector)
 .isr_vector    0x20000000      0x470 C:/Users/celinesc/Desktop/ps2_turret_ir_integration/SoftConsole/turret_servo_mss_design_MSS_CM3_0/turret_servo_mss_design_MSS_CM3_0_hw_platform/Debug/CMSIS/startup_gcc/startup_a2fxxxm3.o
                0x20000000                g_pfnVectors
                0x20000298                Reset_Handler
                0x20000308                NMI_Handler
                0x2000030a                HardFault_Handler
                0x2000030c                MemManage_Handler
                0x2000030e                BusFault_Handler
                0x20000310                UsageFault_Handler
                0x20000312                SVC_Handler
                0x20000314                DebugMon_Handler
                0x20000316                PendSV_Handler
                0x20000318                SysTick_Handler
                0x2000031a                WdogWakeup_IRQHandler
                0x2000031c                BrownOut_1_5V_IRQHandler
                0x2000031e                BrownOut_3_3V_IRQHandler
                0x20000320                RTC_Match_IRQHandler
                0x20000322                RTCIF_Pub_IRQHandler
                0x20000324                EthernetMAC_IRQHandler
                0x20000326                IAP_IRQHandler
                0x20000328                ENVM0_IRQHandler
                0x2000032a                ENVM1_IRQHandler
                0x2000032c                DMA_IRQHandler
                0x20000336                I2C0_IRQHandler
                0x20000338                I2C0_SMBAlert_IRQHandler
                0x2000033a                I2C0_SMBus_IRQHandler
                0x2000033c                I2C1_IRQHandler
                0x2000033e                I2C1_SMBAlert_IRQHandler
                0x20000340                I2C1_SMBus_IRQHandler
                0x20000346                PLL_Lock_IRQHandler
                0x20000348                PLL_LockLost_IRQHandler
                0x2000034a                CommError_IRQHandler
                0x2000034c                Fabric_IRQHandler
                0x20000350                GPIO1_IRQHandler
                0x20000352                GPIO2_IRQHandler
                0x20000354                GPIO3_IRQHandler
                0x20000356                GPIO4_IRQHandler
                0x20000358                GPIO5_IRQHandler
                0x2000035a                GPIO6_IRQHandler
                0x2000035c                GPIO7_IRQHandler
                0x2000035e                GPIO8_IRQHandler
                0x20000360                GPIO9_IRQHandler
                0x20000362                GPIO10_IRQHandler
                0x20000364                GPIO11_IRQHandler
                0x20000366                GPIO12_IRQHandler
                0x20000368                GPIO13_IRQHandler
                0x2000036a                GPIO14_IRQHandler
                0x2000036c                GPIO15_IRQHandler
                0x2000036e                GPIO16_IRQHandler
                0x20000370                GPIO17_IRQHandler
                0x20000372                GPIO18_IRQHandler
                0x20000374                GPIO19_IRQHandler
                0x20000376                GPIO20_IRQHandler
                0x20000378                GPIO21_IRQHandler
                0x2000037a                GPIO22_IRQHandler
                0x2000037c                GPIO23_IRQHandler
                0x2000037e                GPIO24_IRQHandler
                0x20000380                GPIO25_IRQHandler
                0x20000382                GPIO26_IRQHandler
                0x20000384                GPIO27_IRQHandler
                0x20000386                GPIO28_IRQHandler
                0x20000388                GPIO29_IRQHandler
                0x2000038a                GPIO30_IRQHandler
                0x2000038c                GPIO31_IRQHandler
                0x2000038e                ACE_PC0_Flag0_IRQHandler
                0x20000390                ACE_PC0_Flag1_IRQHandler
                0x20000392                ACE_PC0_Flag2_IRQHandler
                0x20000394                ACE_PC0_Flag3_IRQHandler
                0x20000396                ACE_PC1_Flag0_IRQHandler
                0x20000398                ACE_PC1_Flag1_IRQHandler
                0x2000039a                ACE_PC1_Flag2_IRQHandler
                0x2000039c                ACE_PC1_Flag3_IRQHandler
                0x2000039e                ACE_PC2_Flag0_IRQHandler
                0x200003a0                ACE_PC2_Flag1_IRQHandler
                0x200003a2                ACE_PC2_Flag2_IRQHandler
                0x200003a4                ACE_PC2_Flag3_IRQHandler
                0x200003a6                ACE_ADC0_DataValid_IRQHandler
                0x200003a8                ACE_ADC1_DataValid_IRQHandler
                0x200003aa                ACE_ADC2_DataValid_IRQHandler
                0x200003ac                ACE_ADC0_CalDone_IRQHandler
                0x200003ae                ACE_ADC1_CalDone_IRQHandler
                0x200003b0                ACE_ADC2_CalDone_IRQHandler
                0x200003b2                ACE_ADC0_CalStart_IRQHandler
                0x200003b4                ACE_ADC1_CalStart_IRQHandler
                0x200003b6                ACE_ADC2_CalStart_IRQHandler
                0x200003b8                ACE_Comp0_Fall_IRQHandler
                0x200003ba                ACE_Comp1_Fall_IRQHandler
                0x200003bc                ACE_Comp2_Fall_IRQHandler
                0x200003be                ACE_Comp3_Fall_IRQHandler
                0x200003c0                ACE_Comp4_Fall_IRQHandler
                0x200003c2                ACE_Comp5_Fall_IRQHandler
                0x200003c4                ACE_Comp6_Fall_IRQHandler
                0x200003c6                ACE_Comp7_Fall_IRQHandler
                0x200003c8                ACE_Comp8_Fall_IRQHandler
                0x200003ca                ACE_Comp9_Fall_IRQHandler
                0x200003cc                ACE_Comp10_Fall_IRQHandler
                0x200003ce                ACE_Comp11_Fall_IRQHandler
                0x200003d0                ACE_Comp0_Rise_IRQHandler
                0x200003d2                ACE_Comp1_Rise_IRQHandler
                0x200003d4                ACE_Comp2_Rise_IRQHandler
                0x200003d6                ACE_Comp3_Rise_IRQHandler
                0x200003d8                ACE_Comp4_Rise_IRQHandler
                0x200003da                ACE_Comp5_Rise_IRQHandler
                0x200003dc                ACE_Comp6_Rise_IRQHandler
                0x200003de                ACE_Comp7_Rise_IRQHandler
                0x200003e0                ACE_Comp8_Rise_IRQHandler
                0x200003e2                ACE_Comp9_Rise_IRQHandler
                0x200003e4                ACE_Comp10_Rise_IRQHandler
                0x200003e6                ACE_Comp11_Rise_IRQHandler
                0x200003e8                ACE_ADC0_FifoFull_IRQHandler
                0x200003ea                ACE_ADC0_FifoAFull_IRQHandler
                0x200003ec                ACE_ADC0_FifoEmpty_IRQHandler
                0x200003ee                ACE_ADC1_FifoFull_IRQHandler
                0x200003f0                ACE_ADC1_FifoAFull_IRQHandler
                0x200003f2                ACE_ADC1_FifoEmpty_IRQHandler
                0x200003f4                ACE_ADC2_FifoFull_IRQHandler
                0x200003f6                ACE_ADC2_FifoAFull_IRQHandler
                0x200003f8                ACE_ADC2_FifoEmpty_IRQHandler
                0x200003fa                ACE_PPE_Flag0_IRQHandler
                0x200003fc                ACE_PPE_Flag1_IRQHandler
                0x200003fe                ACE_PPE_Flag2_IRQHandler
                0x20000400                ACE_PPE_Flag3_IRQHandler
                0x20000402                ACE_PPE_Flag4_IRQHandler
                0x20000404                ACE_PPE_Flag5_IRQHandler
                0x20000406                ACE_PPE_Flag6_IRQHandler
                0x20000408                ACE_PPE_Flag7_IRQHandler
                0x2000040a                ACE_PPE_Flag8_IRQHandler
                0x2000040c                ACE_PPE_Flag9_IRQHandler
                0x2000040e                ACE_PPE_Flag10_IRQHandler
                0x20000410                ACE_PPE_Flag11_IRQHandler
                0x20000412                ACE_PPE_Flag12_IRQHandler
                0x20000414                ACE_PPE_Flag13_IRQHandler
                0x20000416                ACE_PPE_Flag14_IRQHandler
                0x20000418                ACE_PPE_Flag15_IRQHandler
                0x2000041a                ACE_PPE_Flag16_IRQHandler
                0x2000041c                ACE_PPE_Flag17_IRQHandler
                0x2000041e                ACE_PPE_Flag18_IRQHandler
                0x20000420                ACE_PPE_Flag19_IRQHandler
                0x20000422                ACE_PPE_Flag20_IRQHandler
                0x20000424                ACE_PPE_Flag21_IRQHandler
                0x20000426                ACE_PPE_Flag22_IRQHandler
                0x20000428                ACE_PPE_Flag23_IRQHandler
                0x2000042a                ACE_PPE_Flag24_IRQHandler
                0x2000042c                ACE_PPE_Flag25_IRQHandler
                0x2000042e                ACE_PPE_Flag26_IRQHandler
                0x20000430                ACE_PPE_Flag27_IRQHandler
                0x20000432                ACE_PPE_Flag28_IRQHandler
                0x20000434                ACE_PPE_Flag29_IRQHandler
                0x20000436                ACE_PPE_Flag30_IRQHandler
                0x20000438                ACE_PPE_Flag31_IRQHandler
 *(.text .text.* .gnu.linkonce.t.*)
 .text          0x20000470       0x30 c:/microsemi/softconsole v3.3/sourcery-g++/bin/../lib/gcc/arm-none-eabi/4.4.1/thumb2/crtbegin.o
 .text.NVIC_EnableIRQ
                0x200004a0       0x38 ./main.o
 .text.NVIC_DisableIRQ
                0x200004d8       0x3c ./main.o
 .text.NVIC_ClearPendingIRQ
                0x20000514       0x3c ./main.o
 .text.MSS_TIM1_init
                0x20000550       0x84 ./main.o
 .text.MSS_TIM1_start
                0x200005d4       0x1c ./main.o
 .text.MSS_TIM1_stop
                0x200005f0       0x1c ./main.o
 .text.MSS_TIM1_load_immediate
                0x2000060c       0x20 ./main.o
 .text.MSS_TIM1_enable_irq
                0x2000062c       0x20 ./main.o
 .text.MSS_TIM1_disable_irq
                0x2000064c       0x20 ./main.o
 .text.MSS_TIM1_clear_irq
                0x2000066c       0x1c ./main.o
 .text.MSS_TIM2_init
                0x20000688       0x84 ./main.o
 .text.MSS_TIM2_start
                0x2000070c       0x1c ./main.o
 .text.MSS_TIM2_stop
                0x20000728       0x1c ./main.o
 .text.MSS_TIM2_load_immediate
                0x20000744       0x20 ./main.o
 .text.MSS_TIM2_enable_irq
                0x20000764       0x20 ./main.o
 .text.MSS_TIM2_disable_irq
                0x20000784       0x20 ./main.o
 .text.MSS_TIM2_clear_irq
                0x200007a4       0x1c ./main.o
 .text.Timer1_IRQHandler
                0x200007c0       0x44 ./main.o
                0x200007c0                Timer1_IRQHandler
 .text.Timer2_IRQHandler
                0x20000804       0x20 ./main.o
                0x20000804                Timer2_IRQHandler
 .text.GPIO0_IRQHandler
                0x20000824       0xd4 ./main.o
                0x20000824                GPIO0_IRQHandler
 .text.main     0x200008f8      0x5b4 ./main.o
                0x200008f8                main
 .text.setupSPI
                0x20000eac      0x2f0 ./main.o
                0x20000eac                setupSPI
 .text.changeSpeed
                0x2000119c       0x1c ./main.o
                0x2000119c                changeSpeed
 .text.greenLED
                0x200011b8      0x14c ./main.o
                0x200011b8                greenLED
 .text.redLED   0x20001304      0x14c ./main.o
                0x20001304                redLED
 .text.blueLED  0x20001450      0x134 ./main.o
                0x20001450                blueLED
 .text.yellowLED
                0x20001584      0x134 ./main.o
                0x20001584                yellowLED
 .text.purpleLED
                0x200016b8      0x14c ./main.o
                0x200016b8                purpleLED
 .text.tealLED  0x20001804      0x134 ./main.o
                0x20001804                tealLED
 .text.uart1_rx_handler
                0x20001938      0x100 ./main.o
                0x20001938                uart1_rx_handler
 .text.printToXBee
                0x20001a38       0x70 ./main.o
                0x20001a38                printToXBee
 .text.delay    0x20001aa8       0x34 ./main.o
                0x20001aa8                delay
 .text.reset    0x20001adc       0x1c ./main.o
                0x20001adc                reset
 .text.setColor
                0x20001af8       0x54 ./main.o
                0x20001af8                setColor
 .text.getHit   0x20001b4c       0x4c ./main.o
                0x20001b4c                getHit
 .text._close   0x20001b98       0x18 C:/Users/celinesc/Desktop/ps2_turret_ir_integration/SoftConsole/turret_servo_mss_design_MSS_CM3_0/turret_servo_mss_design_MSS_CM3_0_hw_platform/Debug/CMSIS/startup_gcc/newlib_stubs.o
                0x20001b98                _close
 .text._exit    0x20001bb0        0xc C:/Users/celinesc/Desktop/ps2_turret_ir_integration/SoftConsole/turret_servo_mss_design_MSS_CM3_0/turret_servo_mss_design_MSS_CM3_0_hw_platform/Debug/CMSIS/startup_gcc/newlib_stubs.o
                0x20001bb0                _exit
 .text._fstat   0x20001bbc       0x24 C:/Users/celinesc/Desktop/ps2_turret_ir_integration/SoftConsole/turret_servo_mss_design_MSS_CM3_0/turret_servo_mss_design_MSS_CM3_0_hw_platform/Debug/CMSIS/startup_gcc/newlib_stubs.o
                0x20001bbc                _fstat
 .text._isatty  0x20001be0       0x18 C:/Users/celinesc/Desktop/ps2_turret_ir_integration/SoftConsole/turret_servo_mss_design_MSS_CM3_0/turret_servo_mss_design_MSS_CM3_0_hw_platform/Debug/CMSIS/startup_gcc/newlib_stubs.o
                0x20001be0                _isatty
 .text._lseek   0x20001bf8       0x1c C:/Users/celinesc/Desktop/ps2_turret_ir_integration/SoftConsole/turret_servo_mss_design_MSS_CM3_0/turret_servo_mss_design_MSS_CM3_0_hw_platform/Debug/CMSIS/startup_gcc/newlib_stubs.o
                0x20001bf8                _lseek
 .text._read    0x20001c14       0x1c C:/Users/celinesc/Desktop/ps2_turret_ir_integration/SoftConsole/turret_servo_mss_design_MSS_CM3_0/turret_servo_mss_design_MSS_CM3_0_hw_platform/Debug/CMSIS/startup_gcc/newlib_stubs.o
                0x20001c14                _read
 .text._write_r
                0x20001c30       0x5c C:/Users/celinesc/Desktop/ps2_turret_ir_integration/SoftConsole/turret_servo_mss_design_MSS_CM3_0/turret_servo_mss_design_MSS_CM3_0_hw_platform/Debug/CMSIS/startup_gcc/newlib_stubs.o
                0x20001c30                _write_r
 .text._sbrk    0x20001c8c       0x94 C:/Users/celinesc/Desktop/ps2_turret_ir_integration/SoftConsole/turret_servo_mss_design_MSS_CM3_0/turret_servo_mss_design_MSS_CM3_0_hw_platform/Debug/CMSIS/startup_gcc/newlib_stubs.o
                0x20001c8c                _sbrk
 .text.NVIC_EnableIRQ
                0x20001d20       0x38 C:\Users\celinesc\Desktop\ps2_turret_ir_integration\SoftConsole\turret_servo_mss_design_MSS_CM3_0\turret_servo_mss_design_MSS_CM3_0_hw_platform\Debug\libturret_servo_mss_design_MSS_CM3_0_hw_platform.a(mss_uart.o)
 .text.NVIC_ClearPendingIRQ
                0x20001d58       0x3c C:\Users\celinesc\Desktop\ps2_turret_ir_integration\SoftConsole\turret_servo_mss_design_MSS_CM3_0\turret_servo_mss_design_MSS_CM3_0_hw_platform\Debug\libturret_servo_mss_design_MSS_CM3_0_hw_platform.a(mss_uart.o)
 .text.MSS_UART_init
                0x20001d94      0x204 C:\Users\celinesc\Desktop\ps2_turret_ir_integration\SoftConsole\turret_servo_mss_design_MSS_CM3_0\turret_servo_mss_design_MSS_CM3_0_hw_platform\Debug\libturret_servo_mss_design_MSS_CM3_0_hw_platform.a(mss_uart.o)
                0x20001d94                MSS_UART_init
 .text.MSS_UART_polled_tx
                0x20001f98       0xe4 C:\Users\celinesc\Desktop\ps2_turret_ir_integration\SoftConsole\turret_servo_mss_design_MSS_CM3_0\turret_servo_mss_design_MSS_CM3_0_hw_platform\Debug\libturret_servo_mss_design_MSS_CM3_0_hw_platform.a(mss_uart.o)
                0x20001f98                MSS_UART_polled_tx
 .text.MSS_UART_get_rx
                0x2000207c       0xdc C:\Users\celinesc\Desktop\ps2_turret_ir_integration\SoftConsole\turret_servo_mss_design_MSS_CM3_0\turret_servo_mss_design_MSS_CM3_0_hw_platform\Debug\libturret_servo_mss_design_MSS_CM3_0_hw_platform.a(mss_uart.o)
                0x2000207c                MSS_UART_get_rx
 .text.MSS_UART_isr
                0x20002158      0x11c C:\Users\celinesc\Desktop\ps2_turret_ir_integration\SoftConsole\turret_servo_mss_design_MSS_CM3_0\turret_servo_mss_design_MSS_CM3_0_hw_platform\Debug\libturret_servo_mss_design_MSS_CM3_0_hw_platform.a(mss_uart.o)
 .text.default_tx_handler
                0x20002274      0x108 C:\Users\celinesc\Desktop\ps2_turret_ir_integration\SoftConsole\turret_servo_mss_design_MSS_CM3_0\turret_servo_mss_design_MSS_CM3_0_hw_platform\Debug\libturret_servo_mss_design_MSS_CM3_0_hw_platform.a(mss_uart.o)
 .text.MSS_UART_set_rx_handler
                0x2000237c       0xa8 C:\Users\celinesc\Desktop\ps2_turret_ir_integration\SoftConsole\turret_servo_mss_design_MSS_CM3_0\turret_servo_mss_design_MSS_CM3_0_hw_platform\Debug\libturret_servo_mss_design_MSS_CM3_0_hw_platform.a(mss_uart.o)
                0x2000237c                MSS_UART_set_rx_handler
 .text.UART0_IRQHandler
                0x20002424       0x2c C:\Users\celinesc\Desktop\ps2_turret_ir_integration\SoftConsole\turret_servo_mss_design_MSS_CM3_0\turret_servo_mss_design_MSS_CM3_0_hw_platform\Debug\libturret_servo_mss_design_MSS_CM3_0_hw_platform.a(mss_uart.o)
                0x20002424                UART0_IRQHandler
 .text.UART1_IRQHandler
                0x20002450       0x2c C:\Users\celinesc\Desktop\ps2_turret_ir_integration\SoftConsole\turret_servo_mss_design_MSS_CM3_0\turret_servo_mss_design_MSS_CM3_0_hw_platform\Debug\libturret_servo_mss_design_MSS_CM3_0_hw_platform.a(mss_uart.o)
                0x20002450                UART1_IRQHandler
 .text.NVIC_EnableIRQ
                0x2000247c       0x38 C:\Users\celinesc\Desktop\ps2_turret_ir_integration\SoftConsole\turret_servo_mss_design_MSS_CM3_0\turret_servo_mss_design_MSS_CM3_0_hw_platform\Debug\libturret_servo_mss_design_MSS_CM3_0_hw_platform.a(mss_spi.o)
 .text.NVIC_DisableIRQ
                0x200024b4       0x3c C:\Users\celinesc\Desktop\ps2_turret_ir_integration\SoftConsole\turret_servo_mss_design_MSS_CM3_0\turret_servo_mss_design_MSS_CM3_0_hw_platform\Debug\libturret_servo_mss_design_MSS_CM3_0_hw_platform.a(mss_spi.o)
 .text.NVIC_ClearPendingIRQ
                0x200024f0       0x3c C:\Users\celinesc\Desktop\ps2_turret_ir_integration\SoftConsole\turret_servo_mss_design_MSS_CM3_0\turret_servo_mss_design_MSS_CM3_0_hw_platform\Debug\libturret_servo_mss_design_MSS_CM3_0_hw_platform.a(mss_spi.o)
 .text.MSS_SPI_init
                0x2000252c      0x134 C:\Users\celinesc\Desktop\ps2_turret_ir_integration\SoftConsole\turret_servo_mss_design_MSS_CM3_0\turret_servo_mss_design_MSS_CM3_0_hw_platform\Debug\libturret_servo_mss_design_MSS_CM3_0_hw_platform.a(mss_spi.o)
                0x2000252c                MSS_SPI_init
 .text.recover_from_rx_overflow
                0x20002660      0x160 C:\Users\celinesc\Desktop\ps2_turret_ir_integration\SoftConsole\turret_servo_mss_design_MSS_CM3_0\turret_servo_mss_design_MSS_CM3_0_hw_platform\Debug\libturret_servo_mss_design_MSS_CM3_0_hw_platform.a(mss_spi.o)
 .text.MSS_SPI_configure_master_mode
                0x200027c0      0x120 C:\Users\celinesc\Desktop\ps2_turret_ir_integration\SoftConsole\turret_servo_mss_design_MSS_CM3_0\turret_servo_mss_design_MSS_CM3_0_hw_platform\Debug\libturret_servo_mss_design_MSS_CM3_0_hw_platform.a(mss_spi.o)
                0x200027c0                MSS_SPI_configure_master_mode
 .text.MSS_SPI_set_slave_select
                0x200028e0      0x108 C:\Users\celinesc\Desktop\ps2_turret_ir_integration\SoftConsole\turret_servo_mss_design_MSS_CM3_0\turret_servo_mss_design_MSS_CM3_0_hw_platform\Debug\libturret_servo_mss_design_MSS_CM3_0_hw_platform.a(mss_spi.o)
                0x200028e0                MSS_SPI_set_slave_select
 .text.MSS_SPI_clear_slave_select
                0x200029e8       0x90 C:\Users\celinesc\Desktop\ps2_turret_ir_integration\SoftConsole\turret_servo_mss_design_MSS_CM3_0\turret_servo_mss_design_MSS_CM3_0_hw_platform\Debug\libturret_servo_mss_design_MSS_CM3_0_hw_platform.a(mss_spi.o)
                0x200029e8                MSS_SPI_clear_slave_select
 .text.MSS_SPI_transfer_block
                0x20002a78      0x228 C:\Users\celinesc\Desktop\ps2_turret_ir_integration\SoftConsole\turret_servo_mss_design_MSS_CM3_0\turret_servo_mss_design_MSS_CM3_0_hw_platform\Debug\libturret_servo_mss_design_MSS_CM3_0_hw_platform.a(mss_spi.o)
                0x20002a78                MSS_SPI_transfer_block
 .text.fill_slave_tx_fifo
                0x20002ca0       0xe0 C:\Users\celinesc\Desktop\ps2_turret_ir_integration\SoftConsole\turret_servo_mss_design_MSS_CM3_0\turret_servo_mss_design_MSS_CM3_0_hw_platform\Debug\libturret_servo_mss_design_MSS_CM3_0_hw_platform.a(mss_spi.o)
 .text.read_slave_rx_fifo
                0x20002d80       0xac C:\Users\celinesc\Desktop\ps2_turret_ir_integration\SoftConsole\turret_servo_mss_design_MSS_CM3_0\turret_servo_mss_design_MSS_CM3_0_hw_platform\Debug\libturret_servo_mss_design_MSS_CM3_0_hw_platform.a(mss_spi.o)
 .text.mss_spi_isr
                0x20002e2c      0x2b0 C:\Users\celinesc\Desktop\ps2_turret_ir_integration\SoftConsole\turret_servo_mss_design_MSS_CM3_0\turret_servo_mss_design_MSS_CM3_0_hw_platform\Debug\libturret_servo_mss_design_MSS_CM3_0_hw_platform.a(mss_spi.o)
 .text.SPI0_IRQHandler
                0x200030dc       0x2c C:\Users\celinesc\Desktop\ps2_turret_ir_integration\SoftConsole\turret_servo_mss_design_MSS_CM3_0\turret_servo_mss_design_MSS_CM3_0_hw_platform\Debug\libturret_servo_mss_design_MSS_CM3_0_hw_platform.a(mss_spi.o)
                0x200030dc                SPI0_IRQHandler
 .text.SPI1_IRQHandler
                0x20003108       0x2c C:\Users\celinesc\Desktop\ps2_turret_ir_integration\SoftConsole\turret_servo_mss_design_MSS_CM3_0\turret_servo_mss_design_MSS_CM3_0_hw_platform\Debug\libturret_servo_mss_design_MSS_CM3_0_hw_platform.a(mss_spi.o)
                0x20003108                SPI1_IRQHandler
 .text.NVIC_EnableIRQ
                0x20003134       0x38 C:\Users\celinesc\Desktop\ps2_turret_ir_integration\SoftConsole\turret_servo_mss_design_MSS_CM3_0\turret_servo_mss_design_MSS_CM3_0_hw_platform\Debug\libturret_servo_mss_design_MSS_CM3_0_hw_platform.a(mss_gpio.o)
 .text.NVIC_ClearPendingIRQ
                0x2000316c       0x3c C:\Users\celinesc\Desktop\ps2_turret_ir_integration\SoftConsole\turret_servo_mss_design_MSS_CM3_0\turret_servo_mss_design_MSS_CM3_0_hw_platform\Debug\libturret_servo_mss_design_MSS_CM3_0_hw_platform.a(mss_gpio.o)
 .text.MSS_GPIO_config
                0x200031a8       0x3c C:\Users\celinesc\Desktop\ps2_turret_ir_integration\SoftConsole\turret_servo_mss_design_MSS_CM3_0\turret_servo_mss_design_MSS_CM3_0_hw_platform\Debug\libturret_servo_mss_design_MSS_CM3_0_hw_platform.a(mss_gpio.o)
                0x200031a8                MSS_GPIO_config
 .text.MSS_GPIO_set_output
                0x200031e4       0x40 C:\Users\celinesc\Desktop\ps2_turret_ir_integration\SoftConsole\turret_servo_mss_design_MSS_CM3_0\turret_servo_mss_design_MSS_CM3_0_hw_platform\Debug\libturret_servo_mss_design_MSS_CM3_0_hw_platform.a(mss_gpio.o)
                0x200031e4                MSS_GPIO_set_output
 .text.MSS_GPIO_enable_irq
                0x20003224       0x64 C:\Users\celinesc\Desktop\ps2_turret_ir_integration\SoftConsole\turret_servo_mss_design_MSS_CM3_0\turret_servo_mss_design_MSS_CM3_0_hw_platform\Debug\libturret_servo_mss_design_MSS_CM3_0_hw_platform.a(mss_gpio.o)
                0x20003224                MSS_GPIO_enable_irq
 .text.MSS_GPIO_clear_irq
                0x20003288       0x50 C:\Users\celinesc\Desktop\ps2_turret_ir_integration\SoftConsole\turret_servo_mss_design_MSS_CM3_0\turret_servo_mss_design_MSS_CM3_0_hw_platform\Debug\libturret_servo_mss_design_MSS_CM3_0_hw_platform.a(mss_gpio.o)
                0x20003288                MSS_GPIO_clear_irq
 .text.UART_init
                0x200032d8      0x29c C:\Users\celinesc\Desktop\ps2_turret_ir_integration\SoftConsole\turret_servo_mss_design_MSS_CM3_0\turret_servo_mss_design_MSS_CM3_0_hw_platform\Debug\libturret_servo_mss_design_MSS_CM3_0_hw_platform.a(core_uart_apb.o)
                0x200032d8                UART_init
 .text.UART_send
                0x20003574      0x15c C:\Users\celinesc\Desktop\ps2_turret_ir_integration\SoftConsole\turret_servo_mss_design_MSS_CM3_0\turret_servo_mss_design_MSS_CM3_0_hw_platform\Debug\libturret_servo_mss_design_MSS_CM3_0_hw_platform.a(core_uart_apb.o)
                0x20003574                UART_send
 .text.SPI_init
                0x200036d0      0x19c C:\Users\celinesc\Desktop\ps2_turret_ir_integration\SoftConsole\turret_servo_mss_design_MSS_CM3_0\turret_servo_mss_design_MSS_CM3_0_hw_platform\Debug\libturret_servo_mss_design_MSS_CM3_0_hw_platform.a(core_spi.o)
                0x200036d0                SPI_init
 .text.SPI_configure_master_mode
                0x2000386c       0xb0 C:\Users\celinesc\Desktop\ps2_turret_ir_integration\SoftConsole\turret_servo_mss_design_MSS_CM3_0\turret_servo_mss_design_MSS_CM3_0_hw_platform\Debug\libturret_servo_mss_design_MSS_CM3_0_hw_platform.a(core_spi.o)
                0x2000386c                SPI_configure_master_mode
 .text.SPI_set_slave_select
                0x2000391c      0x108 C:\Users\celinesc\Desktop\ps2_turret_ir_integration\SoftConsole\turret_servo_mss_design_MSS_CM3_0\turret_servo_mss_design_MSS_CM3_0_hw_platform\Debug\libturret_servo_mss_design_MSS_CM3_0_hw_platform.a(core_spi.o)
                0x2000391c                SPI_set_slave_select
 .text.SPI_clear_slave_select
                0x20003a24      0x110 C:\Users\celinesc\Desktop\ps2_turret_ir_integration\SoftConsole\turret_servo_mss_design_MSS_CM3_0\turret_servo_mss_design_MSS_CM3_0_hw_platform\Debug\libturret_servo_mss_design_MSS_CM3_0_hw_platform.a(core_spi.o)
                0x20003a24                SPI_clear_slave_select
 .text.SPI_transfer_frame
                0x20003b34       0xc0 C:\Users\celinesc\Desktop\ps2_turret_ir_integration\SoftConsole\turret_servo_mss_design_MSS_CM3_0\turret_servo_mss_design_MSS_CM3_0_hw_platform\Debug\libturret_servo_mss_design_MSS_CM3_0_hw_platform.a(core_spi.o)
                0x20003b34                SPI_transfer_frame
 .text.recover_from_rx_overflow
                0x20003bf4       0x60 C:\Users\celinesc\Desktop\ps2_turret_ir_integration\SoftConsole\turret_servo_mss_design_MSS_CM3_0\turret_servo_mss_design_MSS_CM3_0_hw_platform\Debug\libturret_servo_mss_design_MSS_CM3_0_hw_platform.a(core_spi.o)
 .text.SystemInit
                0x20003c54        0xc C:\Users\celinesc\Desktop\ps2_turret_ir_integration\SoftConsole\turret_servo_mss_design_MSS_CM3_0\turret_servo_mss_design_MSS_CM3_0_hw_platform\Debug\libturret_servo_mss_design_MSS_CM3_0_hw_platform.a(system_a2fxxxm3.o)
                0x20003c54                SystemInit
 .text.SystemCoreClockUpdate
                0x20003c60      0x150 C:\Users\celinesc\Desktop\ps2_turret_ir_integration\SoftConsole\turret_servo_mss_design_MSS_CM3_0\turret_servo_mss_design_MSS_CM3_0_hw_platform\Debug\libturret_servo_mss_design_MSS_CM3_0_hw_platform.a(system_a2fxxxm3.o)
                0x20003c60                SystemCoreClockUpdate
 .text.GetSystemClock
                0x20003db0       0xe8 C:\Users\celinesc\Desktop\ps2_turret_ir_integration\SoftConsole\turret_servo_mss_design_MSS_CM3_0\turret_servo_mss_design_MSS_CM3_0_hw_platform\Debug\libturret_servo_mss_design_MSS_CM3_0_hw_platform.a(system_a2fxxxm3.o)
 .text.HAL_assert_fail
                0x20003e98       0x28 C:\Users\celinesc\Desktop\ps2_turret_ir_integration\SoftConsole\turret_servo_mss_design_MSS_CM3_0\turret_servo_mss_design_MSS_CM3_0_hw_platform\Debug\libturret_servo_mss_design_MSS_CM3_0_hw_platform.a(hal_assert.o)
                0x20003e98                HAL_assert_fail
 .text          0x20003ec0       0x90 C:\Users\celinesc\Desktop\ps2_turret_ir_integration\SoftConsole\turret_servo_mss_design_MSS_CM3_0\turret_servo_mss_design_MSS_CM3_0_hw_platform\Debug\libturret_servo_mss_design_MSS_CM3_0_hw_platform.a(hw_reg_access.o)
                0x20003ec0                HW_set_32bit_reg
                0x20003ec4                HW_get_32bit_reg
                0x20003ec8                HW_set_32bit_reg_field
                0x20003ee4                HW_get_32bit_reg_field
                0x20003ef0                HW_set_16bit_reg
                0x20003ef4                HW_get_16bit_reg
                0x20003ef8                HW_set_16bit_reg_field
                0x20003f14                HW_get_16bit_reg_field
                0x20003f20                HW_set_8bit_reg
                0x20003f24                HW_get_8bit_reg
                0x20003f28                HW_set_8bit_reg_field
                0x20003f44                HW_get_8bit_reg_field
 .text          0x20003f50       0x50 c:/microsemi/softconsole v3.3/sourcery-g++/bin/../lib/gcc/arm-none-eabi/4.4.1/../../../../arm-none-eabi/lib/thumb2\libc.a(lib_a-init.o)
                0x20003f50                __libc_init_array
 .text          0x20003fa0       0xd4 c:/microsemi/softconsole v3.3/sourcery-g++/bin/../lib/gcc/arm-none-eabi/4.4.1/../../../../arm-none-eabi/lib/thumb2\libc.a(lib_a-memset.o)
                0x20003fa0                memset
 .text          0x20004074       0x64 c:/microsemi/softconsole v3.3/sourcery-g++/bin/../lib/gcc/arm-none-eabi/4.4.1/../../../../arm-none-eabi/lib/thumb2\libc.a(lib_a-printf.o)
                0x20004074                printf
                0x200040ac                _printf_r
 .text          0x200040d8       0x88 c:/microsemi/softconsole v3.3/sourcery-g++/bin/../lib/gcc/arm-none-eabi/4.4.1/../../../../arm-none-eabi/lib/thumb2\libc.a(lib_a-puts.o)
                0x200040d8                _puts_r
                0x20004150                puts
 .text          0x20004160       0x60 c:/microsemi/softconsole v3.3/sourcery-g++/bin/../lib/gcc/arm-none-eabi/4.4.1/../../../../arm-none-eabi/lib/thumb2\libc.a(lib_a-strlen.o)
                0x20004160                strlen
 .text          0x200041c0     0x1940 c:/microsemi/softconsole v3.3/sourcery-g++/bin/../lib/gcc/arm-none-eabi/4.4.1/../../../../arm-none-eabi/lib/thumb2\libc.a(lib_a-vfprintf.o)
                0x200041dc                _vfprintf_r
                0x20005ae4                vfprintf
 .text          0x20005b00      0x104 c:/microsemi/softconsole v3.3/sourcery-g++/bin/../lib/gcc/arm-none-eabi/4.4.1/../../../../arm-none-eabi/lib/thumb2\libc.a(lib_a-wsetup.o)
                0x20005b00                __swsetup_r
 *fill*         0x20005c04        0x4 00
 .text          0x20005c08      0xfb8 c:/microsemi/softconsole v3.3/sourcery-g++/bin/../lib/gcc/arm-none-eabi/4.4.1/../../../../arm-none-eabi/lib/thumb2\libc.a(lib_a-dtoa.o)
                0x20005d28                _dtoa_r
 .text          0x20006bc0      0x178 c:/microsemi/softconsole v3.3/sourcery-g++/bin/../lib/gcc/arm-none-eabi/4.4.1/../../../../arm-none-eabi/lib/thumb2\libc.a(lib_a-fflush.o)
                0x20006bc0                _fflush_r
                0x20006d10                fflush
 .text          0x20006d38      0x1c8 c:/microsemi/softconsole v3.3/sourcery-g++/bin/../lib/gcc/arm-none-eabi/4.4.1/../../../../arm-none-eabi/lib/thumb2\libc.a(lib_a-findfp.o)
                0x20006d38                __sfp_lock_acquire
                0x20006d3c                __sfp_lock_release
                0x20006d40                __sinit_lock_acquire
                0x20006d44                __sinit_lock_release
                0x20006d50                __fp_unlock_all
                0x20006d68                __fp_lock_all
                0x20006d80                _cleanup_r
                0x20006d8c                _cleanup
                0x20006de8                __sfmoreglue
                0x20006e18                __sfp
                0x20006ea0                __sinit
 .text          0x20006f00      0x268 c:/microsemi/softconsole v3.3/sourcery-g++/bin/../lib/gcc/arm-none-eabi/4.4.1/../../../../arm-none-eabi/lib/thumb2\libc.a(lib_a-freer.o)
                0x20006f00                _malloc_trim_r
                0x20006fa8                _free_r
 .text          0x20007168      0x334 c:/microsemi/softconsole v3.3/sourcery-g++/bin/../lib/gcc/arm-none-eabi/4.4.1/../../../../arm-none-eabi/lib/thumb2\libc.a(lib_a-fvwrite.o)
                0x20007168                __sfvwrite_r
 .text          0x2000749c       0xa0 c:/microsemi/softconsole v3.3/sourcery-g++/bin/../lib/gcc/arm-none-eabi/4.4.1/../../../../arm-none-eabi/lib/thumb2\libc.a(lib_a-fwalk.o)
                0x2000749c                _fwalk_reent
                0x200074f0                _fwalk
 .text          0x2000753c       0x74 c:/microsemi/softconsole v3.3/sourcery-g++/bin/../lib/gcc/arm-none-eabi/4.4.1/../../../../arm-none-eabi/lib/thumb2\libc.a(lib_a-locale.o)
                0x2000753c                __locale_charset
                0x20007548                _localeconv_r
                0x20007550                localeconv
                0x20007558                _setlocale_r
                0x200075a0                setlocale
 .text          0x200075b0       0xdc c:/microsemi/softconsole v3.3/sourcery-g++/bin/../lib/gcc/arm-none-eabi/4.4.1/../../../../arm-none-eabi/lib/thumb2\libc.a(lib_a-makebuf.o)
                0x200075b0                __smakebuf_r
 .text          0x2000768c       0x20 c:/microsemi/softconsole v3.3/sourcery-g++/bin/../lib/gcc/arm-none-eabi/4.4.1/../../../../arm-none-eabi/lib/thumb2\libc.a(lib_a-malloc.o)
                0x2000768c                free
                0x2000769c                malloc
 .text          0x200076ac      0x5a4 c:/microsemi/softconsole v3.3/sourcery-g++/bin/../lib/gcc/arm-none-eabi/4.4.1/../../../../arm-none-eabi/lib/thumb2\libc.a(lib_a-mallocr.o)
                0x200076ac                _malloc_r
 .text          0x20007c50       0x74 c:/microsemi/softconsole v3.3/sourcery-g++/bin/../lib/gcc/arm-none-eabi/4.4.1/../../../../arm-none-eabi/lib/thumb2\libc.a(lib_a-memchr.o)
                0x20007c50                memchr
 .text          0x20007cc4      0x190 c:/microsemi/softconsole v3.3/sourcery-g++/bin/../lib/gcc/arm-none-eabi/4.4.1/../../../../arm-none-eabi/lib/thumb2\libc.a(lib_a-memcpy.o)
                0x20007cc4                memcpy
 .text          0x20007e54       0xb8 c:/microsemi/softconsole v3.3/sourcery-g++/bin/../lib/gcc/arm-none-eabi/4.4.1/../../../../arm-none-eabi/lib/thumb2\libc.a(lib_a-memmove.o)
                0x20007e54                memmove
 .text          0x20007f0c        0x8 c:/microsemi/softconsole v3.3/sourcery-g++/bin/../lib/gcc/arm-none-eabi/4.4.1/../../../../arm-none-eabi/lib/thumb2\libc.a(lib_a-mlock.o)
                0x20007f0c                __malloc_lock
                0x20007f10                __malloc_unlock
 .text          0x20007f14      0x958 c:/microsemi/softconsole v3.3/sourcery-g++/bin/../lib/gcc/arm-none-eabi/4.4.1/../../../../arm-none-eabi/lib/thumb2\libc.a(lib_a-mprec.o)
                0x20007f14                __hi0bits
                0x20007f54                __lo0bits
                0x20007fb8                __mcmp
                0x20007ff8                __ulp
                0x20008044                __b2d
                0x200080ec                __ratio
                0x2000814c                _mprec_log10
                0x20008184                __copybits
                0x200081d4                __any_on
                0x2000822c                _Bfree
                0x20008264                _Balloc
                0x200082d0                __d2b
                0x200083a0                __mdiff
                0x20008498                __lshift
                0x20008554                __multiply
                0x20008688                __i2b
                0x2000869c                __multadd
                0x20008724                __pow5mult
                0x200087d0                __s2b
 .text          0x2000886c      0x3b4 c:/microsemi/softconsole v3.3/sourcery-g++/bin/../lib/gcc/arm-none-eabi/4.4.1/../../../../arm-none-eabi/lib/thumb2\libc.a(lib_a-reallocr.o)
                0x2000886c                _realloc_r
 .text          0x20008c20       0x24 c:/microsemi/softconsole v3.3/sourcery-g++/bin/../lib/gcc/arm-none-eabi/4.4.1/../../../../arm-none-eabi/lib/thumb2\libc.a(lib_a-s_isinfd.o)
                0x20008c20                __isinfd
 .text          0x20008c44       0x1c c:/microsemi/softconsole v3.3/sourcery-g++/bin/../lib/gcc/arm-none-eabi/4.4.1/../../../../arm-none-eabi/lib/thumb2\libc.a(lib_a-s_isnand.o)
                0x20008c44                __isnand
 .text          0x20008c60       0x28 c:/microsemi/softconsole v3.3/sourcery-g++/bin/../lib/gcc/arm-none-eabi/4.4.1/../../../../arm-none-eabi/lib/thumb2\libc.a(lib_a-sbrkr.o)
                0x20008c60                _sbrk_r
 .text          0x20008c88       0x90 c:/microsemi/softconsole v3.3/sourcery-g++/bin/../lib/gcc/arm-none-eabi/4.4.1/../../../../arm-none-eabi/lib/thumb2\libc.a(lib_a-stdio.o)
                0x20008c88                __sclose
                0x20008c90                __sseek
                0x20008cb8                __swrite
                0x20008cf4                __sread
 .text          0x20008d18      0x1dc c:/microsemi/softconsole v3.3/sourcery-g++/bin/../lib/gcc/arm-none-eabi/4.4.1/../../../../arm-none-eabi/lib/thumb2\libc.a(lib_a-strcmp.o)
                0x20008d18                strcmp
 .text          0x20008ef4       0x5c c:/microsemi/softconsole v3.3/sourcery-g++/bin/../lib/gcc/arm-none-eabi/4.4.1/../../../../arm-none-eabi/lib/thumb2\libc.a(lib_a-callocr.o)
                0x20008ef4                _calloc_r
 .text          0x20008f50       0x28 c:/microsemi/softconsole v3.3/sourcery-g++/bin/../lib/gcc/arm-none-eabi/4.4.1/../../../../arm-none-eabi/lib/thumb2\libc.a(lib_a-closer.o)
                0x20008f50                _close_r
 .text          0x20008f78       0xcc c:/microsemi/softconsole v3.3/sourcery-g++/bin/../lib/gcc/arm-none-eabi/4.4.1/../../../../arm-none-eabi/lib/thumb2\libc.a(lib_a-fclose.o)
                0x20008f78                _fclose_r
                0x20009034                fclose
 .text          0x20009044       0x2c c:/microsemi/softconsole v3.3/sourcery-g++/bin/../lib/gcc/arm-none-eabi/4.4.1/../../../../arm-none-eabi/lib/thumb2\libc.a(lib_a-fstatr.o)
                0x20009044                _fstat_r
 .text          0x20009070       0x28 c:/microsemi/softconsole v3.3/sourcery-g++/bin/../lib/gcc/arm-none-eabi/4.4.1/../../../../arm-none-eabi/lib/thumb2\libc.a(lib_a-isattyr.o)
                0x20009070                _isatty_r
 .text          0x20009098       0x2c c:/microsemi/softconsole v3.3/sourcery-g++/bin/../lib/gcc/arm-none-eabi/4.4.1/../../../../arm-none-eabi/lib/thumb2\libc.a(lib_a-lseekr.o)
                0x20009098                _lseek_r
 .text          0x200090c4       0x2c c:/microsemi/softconsole v3.3/sourcery-g++/bin/../lib/gcc/arm-none-eabi/4.4.1/../../../../arm-none-eabi/lib/thumb2\libc.a(lib_a-readr.o)
                0x200090c4                _read_r
 .text          0x200090f0      0x278 c:/microsemi/softconsole v3.3/sourcery-g++/bin/../lib/gcc/arm-none-eabi/4.4.1/thumb2\libgcc.a(_udivsi3.o)
                0x200090f0                __aeabi_uidiv
                0x200090f0                __udivsi3
                0x2000934c                __aeabi_uidivmod
 .text          0x20009368        0x4 c:/microsemi/softconsole v3.3/sourcery-g++/bin/../lib/gcc/arm-none-eabi/4.4.1/thumb2\libgcc.a(_dvmd_tls.o)
                0x20009368                __aeabi_idiv0
                0x20009368                __aeabi_ldiv0
 .text          0x2000936c      0x370 c:/microsemi/softconsole v3.3/sourcery-g++/bin/../lib/gcc/arm-none-eabi/4.4.1/thumb2\libgcc.a(_arm_addsubdf3.o)
                0x2000936c                __aeabi_drsub
                0x20009374                __aeabi_dsub
                0x20009374                __subdf3
                0x20009378                __aeabi_dadd
                0x20009378                __adddf3
                0x200095f0                __floatunsidf
                0x200095f0                __aeabi_ui2d
                0x20009610                __floatsidf
                0x20009610                __aeabi_i2d
                0x20009634                __aeabi_f2d
                0x20009634                __extendsfdf2
                0x20009670                __floatundidf
                0x20009670                __aeabi_ul2d
                0x20009680                __floatdidf
                0x20009680                __aeabi_l2d
 .text          0x200096dc      0x424 c:/microsemi/softconsole v3.3/sourcery-g++/bin/../lib/gcc/arm-none-eabi/4.4.1/thumb2\libgcc.a(_arm_muldivdf3.o)
                0x200096dc                __aeabi_dmul
                0x200096dc                __muldf3
                0x20009930                __divdf3
                0x20009930                __aeabi_ddiv
 .text          0x20009b00      0x110 c:/microsemi/softconsole v3.3/sourcery-g++/bin/../lib/gcc/arm-none-eabi/4.4.1/thumb2\libgcc.a(_arm_cmpdf2.o)
                0x20009b00                __gtdf2
                0x20009b00                __gedf2
                0x20009b08                __ltdf2
                0x20009b08                __ledf2
                0x20009b10                __nedf2
                0x20009b10                __eqdf2
                0x20009b10                __cmpdf2
                0x20009b8c                __aeabi_cdrcmple
                0x20009b9c                __aeabi_cdcmpeq
                0x20009b9c                __aeabi_cdcmple
                0x20009bac                __aeabi_dcmpeq
                0x20009bc0                __aeabi_dcmplt
                0x20009bd4                __aeabi_dcmple
                0x20009be8                __aeabi_dcmpge
                0x20009bfc                __aeabi_dcmpgt
 .text          0x20009c10       0x50 c:/microsemi/softconsole v3.3/sourcery-g++/bin/../lib/gcc/arm-none-eabi/4.4.1/thumb2\libgcc.a(_arm_fixdfsi.o)
                0x20009c10                __aeabi_d2iz
                0x20009c10                __fixdfsi
 .text          0x20009c60       0x2c c:/microsemi/softconsole v3.3/sourcery-g++/bin/../lib/gcc/arm-none-eabi/4.4.1/thumb2\libgcc.a(_aeabi_uldivmod.o)
                0x20009c60                __aeabi_uldivmod
 .text          0x20009c8c       0x58 c:/microsemi/softconsole v3.3/sourcery-g++/bin/../lib/gcc/arm-none-eabi/4.4.1/thumb2\libgcc.a(bpabi.o)
                0x20009c8c                __gnu_uldivmod_helper
                0x20009cb8                __gnu_ldivmod_helper
 .text          0x20009ce4      0x364 c:/microsemi/softconsole v3.3/sourcery-g++/bin/../lib/gcc/arm-none-eabi/4.4.1/thumb2\libgcc.a(_divdi3.o)
                0x20009ce4                __divdi3
 .text          0x2000a048      0x300 c:/microsemi/softconsole v3.3/sourcery-g++/bin/../lib/gcc/arm-none-eabi/4.4.1/thumb2\libgcc.a(_udivdi3.o)
                0x2000a048                __udivdi3
 *(.plt)
 *(.gnu.warning)
 *(.glue_7t)
 .glue_7t       0x00000000        0x0 linker stubs
 *(.glue_7)
 .glue_7        0x00000000        0x0 linker stubs
 *(.vfp11_veneer)
 .vfp11_veneer  0x00000000        0x0 linker stubs
                0x2000a348                . = ALIGN (0x4)
 *crtbegin.o(.ctors)
 *(EXCLUDE_FILE(*crtend.o) .ctors)
 *(SORT(.ctors.*))
 *crtend.o(.ctors)
 *crtbegin.o(.dtors)
 *(EXCLUDE_FILE(*crtend.o) .dtors)
 *(SORT(.dtors.*))
 *crtend.o(.dtors)
 *(.rodata .rodata.* .gnu.linkonce.r.*)
 .rodata.DAMAGED_THRESH
                0x2000a348        0x4 ./main.o
                0x2000a348                DAMAGED_THRESH
 .rodata        0x2000a34c       0x1c ./main.o
 .rodata        0x2000a368       0x1c C:/Users/celinesc/Desktop/ps2_turret_ir_integration/SoftConsole/turret_servo_mss_design_MSS_CM3_0/turret_servo_mss_design_MSS_CM3_0_hw_platform/Debug/CMSIS/startup_gcc/newlib_stubs.o
 .rodata.g_config_reg_lut
                0x2000a384       0x80 C:\Users\celinesc\Desktop\ps2_turret_ir_integration\SoftConsole\turret_servo_mss_design_MSS_CM3_0\turret_servo_mss_design_MSS_CM3_0_hw_platform\Debug\libturret_servo_mss_design_MSS_CM3_0_hw_platform.a(mss_gpio.o)
 .rodata.g_gpio_irqn_lut
                0x2000a404       0x40 C:\Users\celinesc\Desktop\ps2_turret_ir_integration\SoftConsole\turret_servo_mss_design_MSS_CM3_0\turret_servo_mss_design_MSS_CM3_0_hw_platform\Debug\libturret_servo_mss_design_MSS_CM3_0_hw_platform.a(mss_gpio.o)
 .rodata        0x2000a444       0x28 C:\Users\celinesc\Desktop\ps2_turret_ir_integration\SoftConsole\turret_servo_mss_design_MSS_CM3_0\turret_servo_mss_design_MSS_CM3_0_hw_platform\Debug\libturret_servo_mss_design_MSS_CM3_0_hw_platform.a(core_uart_apb.o)
 .rodata        0x2000a46c       0x20 C:\Users\celinesc\Desktop\ps2_turret_ir_integration\SoftConsole\turret_servo_mss_design_MSS_CM3_0\turret_servo_mss_design_MSS_CM3_0_hw_platform\Debug\libturret_servo_mss_design_MSS_CM3_0_hw_platform.a(core_spi.o)
 .rodata.C.18.2576
                0x2000a48c       0x10 C:\Users\celinesc\Desktop\ps2_turret_ir_integration\SoftConsole\turret_servo_mss_design_MSS_CM3_0\turret_servo_mss_design_MSS_CM3_0_hw_platform\Debug\libturret_servo_mss_design_MSS_CM3_0_hw_platform.a(system_a2fxxxm3.o)
 .rodata        0x2000a49c        0x4 c:/microsemi/softconsole v3.3/sourcery-g++/bin/../lib/gcc/arm-none-eabi/4.4.1/../../../../arm-none-eabi/lib/thumb2\libc.a(lib_a-impure.o)
                0x2000a49c                _global_impure_ptr
 .rodata.str1.4
                0x2000a4a0        0x2 c:/microsemi/softconsole v3.3/sourcery-g++/bin/../lib/gcc/arm-none-eabi/4.4.1/../../../../arm-none-eabi/lib/thumb2\libc.a(lib_a-impure.o)
                                  0x4 (size before relaxing)
 *fill*         0x2000a4a2        0x2 00
 .rodata.str1.4
                0x2000a4a4        0x2 c:/microsemi/softconsole v3.3/sourcery-g++/bin/../lib/gcc/arm-none-eabi/4.4.1/../../../../arm-none-eabi/lib/thumb2\libc.a(lib_a-puts.o)
                                  0x4 (size before relaxing)
 *fill*         0x2000a4a6        0x2 00
 .rodata        0x2000a4a8       0x20 c:/microsemi/softconsole v3.3/sourcery-g++/bin/../lib/gcc/arm-none-eabi/4.4.1/../../../../arm-none-eabi/lib/thumb2\libc.a(lib_a-vfprintf.o)
 .rodata.str1.4
                0x2000a4c8       0x42 c:/microsemi/softconsole v3.3/sourcery-g++/bin/../lib/gcc/arm-none-eabi/4.4.1/../../../../arm-none-eabi/lib/thumb2\libc.a(lib_a-vfprintf.o)
                                 0x44 (size before relaxing)
 *fill*         0x2000a50a        0x2 00
 .rodata.str1.4
                0x2000a50c       0x10 c:/microsemi/softconsole v3.3/sourcery-g++/bin/../lib/gcc/arm-none-eabi/4.4.1/../../../../arm-none-eabi/lib/thumb2\libc.a(lib_a-dtoa.o)
                                 0x14 (size before relaxing)
 .rodata        0x2000a51c       0x60 c:/microsemi/softconsole v3.3/sourcery-g++/bin/../lib/gcc/arm-none-eabi/4.4.1/../../../../arm-none-eabi/lib/thumb2\libc.a(lib_a-findfp.o)
                0x2000a51c                __sf_fake_stdin
                0x2000a53c                __sf_fake_stdout
                0x2000a55c                __sf_fake_stderr
 .rodata        0x2000a57c       0x34 c:/microsemi/softconsole v3.3/sourcery-g++/bin/../lib/gcc/arm-none-eabi/4.4.1/../../../../arm-none-eabi/lib/thumb2\libc.a(lib_a-locale.o)
 .rodata.str1.4
                0x2000a5b0       0x10 c:/microsemi/softconsole v3.3/sourcery-g++/bin/../lib/gcc/arm-none-eabi/4.4.1/../../../../arm-none-eabi/lib/thumb2\libc.a(lib_a-locale.o)
                                 0x18 (size before relaxing)
 .rodata        0x2000a5c0      0x128 c:/microsemi/softconsole v3.3/sourcery-g++/bin/../lib/gcc/arm-none-eabi/4.4.1/../../../../arm-none-eabi/lib/thumb2\libc.a(lib_a-mprec.o)
                0x2000a5c0                __mprec_tens
                0x2000a698                __mprec_bigtens
                0x2000a6c0                __mprec_tinytens
 *(.ARM.extab* .gnu.linkonce.armextab.*)
 *(.gcc_except_table)
 *(.eh_frame_hdr)
 *(.eh_frame)
 *(.init)
 .init          0x2000a6e8        0x4 c:/microsemi/softconsole v3.3/sourcery-g++/bin/../lib/gcc/arm-none-eabi/4.4.1/thumb2/crti.o
                0x2000a6e8                _init
 .init          0x2000a6ec        0x8 c:/microsemi/softconsole v3.3/sourcery-g++/bin/../lib/gcc/arm-none-eabi/4.4.1/thumb2/crtn.o
 *(.fini)
 .fini          0x2000a6f4        0x4 c:/microsemi/softconsole v3.3/sourcery-g++/bin/../lib/gcc/arm-none-eabi/4.4.1/thumb2/crti.o
                0x2000a6f4                _fini
 .fini          0x2000a6f8        0x8 c:/microsemi/softconsole v3.3/sourcery-g++/bin/../lib/gcc/arm-none-eabi/4.4.1/thumb2/crtn.o
                0x2000a700                PROVIDE (__preinit_array_start, .)
 *(.preinit_array)
                0x2000a700                PROVIDE (__preinit_array_end, .)
                0x2000a700                PROVIDE (__init_array_start, .)
 *(SORT(.init_array.*))
 *(.init_array)
 .init_array    0x2000a700        0x4 c:/microsemi/softconsole v3.3/sourcery-g++/bin/../lib/gcc/arm-none-eabi/4.4.1/thumb2/crtbegin.o
                0x2000a704                PROVIDE (__init_array_end, .)
                0x2000a704                PROVIDE (__fini_array_start, .)
 *(.fini_array)
 .fini_array    0x2000a704        0x4 c:/microsemi/softconsole v3.3/sourcery-g++/bin/../lib/gcc/arm-none-eabi/4.4.1/thumb2/crtbegin.o
 *(SORT(.fini_array.*))
                0x2000a708                PROVIDE (__fini_array_end, .)
                0x2000a708                __exidx_start = .

.v4_bx          0x2000a708        0x0
 .v4_bx         0x00000000        0x0 linker stubs

.ARM.exidx      0x2000a708        0x8
 *(.ARM.exidx* .gnu.linkonce.armexidx.*)
 .ARM.exidx     0x2000a708        0x8 c:/microsemi/softconsole v3.3/sourcery-g++/bin/../lib/gcc/arm-none-eabi/4.4.1/thumb2\libgcc.a(_divdi3.o)
 .ARM.exidx     0x2000a710        0x0 c:/microsemi/softconsole v3.3/sourcery-g++/bin/../lib/gcc/arm-none-eabi/4.4.1/thumb2\libgcc.a(_udivdi3.o)
                                  0x8 (size before relaxing)
                0x2000a710                __exidx_end = .
                0x2000a710                _etext = .
                0x2000a710                PROVIDE (__text_end, .)

.data           0x2000a710      0x528
                0x2000a710                __data_load = LOADADDR (.data)
                0x2000a710                _sidata = LOADADDR (.data)
                0x2000a710                __data_start = .
                0x2000a710                _sdata = .
 *(.jcr)
 .jcr           0x2000a710        0x0 c:/microsemi/softconsole v3.3/sourcery-g++/bin/../lib/gcc/arm-none-eabi/4.4.1/thumb2/crtbegin.o
 .jcr           0x2000a710        0x4 c:/microsemi/softconsole v3.3/sourcery-g++/bin/../lib/gcc/arm-none-eabi/4.4.1/thumb2/crtend.o
 *(.got.plt)
 *(.got)
 *(.shdata)
 *(.data .data.* .gnu.linkonce.d.*)
 .data.can_hit  0x2000a714        0x4 ./main.o
                0x2000a714                can_hit
 .data.sound_done
                0x2000a718        0x4 ./main.o
                0x2000a718                sound_done
 .data.SystemFrequency
                0x2000a71c        0x4 C:\Users\celinesc\Desktop\ps2_turret_ir_integration\SoftConsole\turret_servo_mss_design_MSS_CM3_0\turret_servo_mss_design_MSS_CM3_0_hw_platform\Debug\libturret_servo_mss_design_MSS_CM3_0_hw_platform.a(system_a2fxxxm3.o)
                0x2000a71c                SystemFrequency
 .data.SystemCoreClock
                0x2000a720        0x4 C:\Users\celinesc\Desktop\ps2_turret_ir_integration\SoftConsole\turret_servo_mss_design_MSS_CM3_0\turret_servo_mss_design_MSS_CM3_0_hw_platform\Debug\libturret_servo_mss_design_MSS_CM3_0_hw_platform.a(system_a2fxxxm3.o)
                0x2000a720                SystemCoreClock
 .data.g_FrequencyPCLK0
                0x2000a724        0x4 C:\Users\celinesc\Desktop\ps2_turret_ir_integration\SoftConsole\turret_servo_mss_design_MSS_CM3_0\turret_servo_mss_design_MSS_CM3_0_hw_platform\Debug\libturret_servo_mss_design_MSS_CM3_0_hw_platform.a(system_a2fxxxm3.o)
                0x2000a724                g_FrequencyPCLK0
 .data.g_FrequencyPCLK1
                0x2000a728        0x4 C:\Users\celinesc\Desktop\ps2_turret_ir_integration\SoftConsole\turret_servo_mss_design_MSS_CM3_0\turret_servo_mss_design_MSS_CM3_0_hw_platform\Debug\libturret_servo_mss_design_MSS_CM3_0_hw_platform.a(system_a2fxxxm3.o)
                0x2000a728                g_FrequencyPCLK1
 .data.g_FrequencyACE
                0x2000a72c        0x4 C:\Users\celinesc\Desktop\ps2_turret_ir_integration\SoftConsole\turret_servo_mss_design_MSS_CM3_0\turret_servo_mss_design_MSS_CM3_0_hw_platform\Debug\libturret_servo_mss_design_MSS_CM3_0_hw_platform.a(system_a2fxxxm3.o)
                0x2000a72c                g_FrequencyACE
 .data.g_FrequencyFPGA
                0x2000a730        0x4 C:\Users\celinesc\Desktop\ps2_turret_ir_integration\SoftConsole\turret_servo_mss_design_MSS_CM3_0\turret_servo_mss_design_MSS_CM3_0_hw_platform\Debug\libturret_servo_mss_design_MSS_CM3_0_hw_platform.a(system_a2fxxxm3.o)
                0x2000a730                g_FrequencyFPGA
 .data          0x2000a734       0xf4 c:/microsemi/softconsole v3.3/sourcery-g++/bin/../lib/gcc/arm-none-eabi/4.4.1/../../../../arm-none-eabi/lib/thumb2\libc.a(lib_a-impure.o)
                0x2000a734                _impure_ptr
 .data          0x2000a828      0x410 c:/microsemi/softconsole v3.3/sourcery-g++/bin/../lib/gcc/arm-none-eabi/4.4.1/../../../../arm-none-eabi/lib/thumb2\libc.a(lib_a-mallocr.o)
                0x2000a828                __malloc_av_
                0x2000ac30                __malloc_sbrk_base
                0x2000ac34                __malloc_trim_threshold
                0x2000ac38                . = ALIGN (0x4)
                0x2000ac38                _edata = .

.bss            0x2000ac38      0x218
                0x2000ac38                __bss_start__ = .
                0x2000ac38                _sbss = .
 *(.shbss)
 *(.bss .bss.* .gnu.linkonce.b.*)
 .bss           0x2000ac38        0x1 c:/microsemi/softconsole v3.3/sourcery-g++/bin/../lib/gcc/arm-none-eabi/4.4.1/thumb2/crtbegin.o
 *fill*         0x2000ac39        0x3 00
 .bss.g_stdio_uart_init_done
                0x2000ac3c        0x4 C:/Users/celinesc/Desktop/ps2_turret_ir_integration/SoftConsole/turret_servo_mss_design_MSS_CM3_0/turret_servo_mss_design_MSS_CM3_0_hw_platform/Debug/CMSIS/startup_gcc/newlib_stubs.o
 .bss.heap_end.3594
                0x2000ac40        0x4 C:/Users/celinesc/Desktop/ps2_turret_ir_integration/SoftConsole/turret_servo_mss_design_MSS_CM3_0/turret_servo_mss_design_MSS_CM3_0_hw_platform/Debug/CMSIS/startup_gcc/newlib_stubs.o
 .bss           0x2000ac44       0x34 c:/microsemi/softconsole v3.3/sourcery-g++/bin/../lib/gcc/arm-none-eabi/4.4.1/../../../../arm-none-eabi/lib/thumb2\libc.a(lib_a-mallocr.o)
                0x2000ac44                __malloc_top_pad
                0x2000ac48                __malloc_current_mallinfo
                0x2000ac70                __malloc_max_sbrked_mem
                0x2000ac74                __malloc_max_total_mem
 *(COMMON)
 COMMON         0x2000ac78       0x7c ./main.o
                0x2000ac78                g_spi_led
                0x2000acc0                master_rx_buffer
                0x2000accc                g_uart
                0x2000acd4                master_tx_buffer
                0x2000ace0                myTank
 COMMON         0x2000acf4       0x50 C:\Users\celinesc\Desktop\ps2_turret_ir_integration\SoftConsole\turret_servo_mss_design_MSS_CM3_0\turret_servo_mss_design_MSS_CM3_0_hw_platform\Debug\libturret_servo_mss_design_MSS_CM3_0_hw_platform.a(mss_uart.o)
                0x2000acf4                g_mss_uart1
                0x2000ad1c                g_mss_uart0
 COMMON         0x2000ad44      0x108 C:\Users\celinesc\Desktop\ps2_turret_ir_integration\SoftConsole\turret_servo_mss_design_MSS_CM3_0\turret_servo_mss_design_MSS_CM3_0_hw_platform\Debug\libturret_servo_mss_design_MSS_CM3_0_hw_platform.a(mss_spi.o)
                0x2000ad44                g_mss_spi1
                0x2000adc8                g_mss_spi0
 COMMON         0x2000ae4c        0x4 c:/microsemi/softconsole v3.3/sourcery-g++/bin/../lib/gcc/arm-none-eabi/4.4.1/../../../../arm-none-eabi/lib/thumb2\libc.a(lib_a-reent.o)
                0x2000ae4c                errno
                0x2000ae50                . = ALIGN (0x8)
                0x2000ae50                __bss_end__ = .
                0x2000ae50                _end = .
                0x2000ae50                __end = _end
                0x2000ae50                _ebss = .
                0x2000ae50                PROVIDE (end, .)

.stack          0x2000ae50     0x3000
                0x2000ae50                . = ALIGN (0x4)
                0x2000be50                . = (. + PROCESS_STACK_SIZE)
 *fill*         0x2000ae50     0x1000 00
                0x2000be50                . = ALIGN (0x4)
                0x2000de50                . = (. + MAIN_STACK_SIZE)
 *fill*         0x2000be50     0x2000 00
                0x2000de50                . = ALIGN (0x4)

.stab
 *(.stab)

.stabstr
 *(.stabstr)

.debug
 *(.debug)

.line
 *(.line)

.debug_srcinfo
 *(.debug_srcinfo)

.debug_sfnames
 *(.debug_sfnames)

.comment        0x00000000      0x183
 .comment       0x00000000       0x2b ./main.o
 .comment       0x0000002b       0x2b C:/Users/celinesc/Desktop/ps2_turret_ir_integration/SoftConsole/turret_servo_mss_design_MSS_CM3_0/turret_servo_mss_design_MSS_CM3_0_hw_platform/Debug/CMSIS/startup_gcc/newlib_stubs.o
 .comment       0x00000056       0x2b C:\Users\celinesc\Desktop\ps2_turret_ir_integration\SoftConsole\turret_servo_mss_design_MSS_CM3_0\turret_servo_mss_design_MSS_CM3_0_hw_platform\Debug\libturret_servo_mss_design_MSS_CM3_0_hw_platform.a(mss_uart.o)
 .comment       0x00000081       0x2b C:\Users\celinesc\Desktop\ps2_turret_ir_integration\SoftConsole\turret_servo_mss_design_MSS_CM3_0\turret_servo_mss_design_MSS_CM3_0_hw_platform\Debug\libturret_servo_mss_design_MSS_CM3_0_hw_platform.a(mss_spi.o)
 .comment       0x000000ac       0x2b C:\Users\celinesc\Desktop\ps2_turret_ir_integration\SoftConsole\turret_servo_mss_design_MSS_CM3_0\turret_servo_mss_design_MSS_CM3_0_hw_platform\Debug\libturret_servo_mss_design_MSS_CM3_0_hw_platform.a(mss_gpio.o)
 .comment       0x000000d7       0x2b C:\Users\celinesc\Desktop\ps2_turret_ir_integration\SoftConsole\turret_servo_mss_design_MSS_CM3_0\turret_servo_mss_design_MSS_CM3_0_hw_platform\Debug\libturret_servo_mss_design_MSS_CM3_0_hw_platform.a(core_uart_apb.o)
 .comment       0x00000102       0x2b C:\Users\celinesc\Desktop\ps2_turret_ir_integration\SoftConsole\turret_servo_mss_design_MSS_CM3_0\turret_servo_mss_design_MSS_CM3_0_hw_platform\Debug\libturret_servo_mss_design_MSS_CM3_0_hw_platform.a(core_spi.o)
 .comment       0x0000012d       0x2b C:\Users\celinesc\Desktop\ps2_turret_ir_integration\SoftConsole\turret_servo_mss_design_MSS_CM3_0\turret_servo_mss_design_MSS_CM3_0_hw_platform\Debug\libturret_servo_mss_design_MSS_CM3_0_hw_platform.a(system_a2fxxxm3.o)
 .comment       0x00000158       0x2b C:\Users\celinesc\Desktop\ps2_turret_ir_integration\SoftConsole\turret_servo_mss_design_MSS_CM3_0\turret_servo_mss_design_MSS_CM3_0_hw_platform\Debug\libturret_servo_mss_design_MSS_CM3_0_hw_platform.a(hal_assert.o)

.debug_aranges  0x00000000      0x538
 *(.debug_aranges)
 .debug_aranges
                0x00000000      0x138 ./main.o
 .debug_aranges
                0x00000138       0xa8 C:/Users/celinesc/Desktop/ps2_turret_ir_integration/SoftConsole/turret_servo_mss_design_MSS_CM3_0/turret_servo_mss_design_MSS_CM3_0_hw_platform/Debug/CMSIS/startup_gcc/newlib_stubs.o
 .debug_aranges
                0x000001e0       0xd8 C:\Users\celinesc\Desktop\ps2_turret_ir_integration\SoftConsole\turret_servo_mss_design_MSS_CM3_0\turret_servo_mss_design_MSS_CM3_0_hw_platform\Debug\libturret_servo_mss_design_MSS_CM3_0_hw_platform.a(mss_uart.o)
 .debug_aranges
                0x000002b8       0xe0 C:\Users\celinesc\Desktop\ps2_turret_ir_integration\SoftConsole\turret_servo_mss_design_MSS_CM3_0\turret_servo_mss_design_MSS_CM3_0_hw_platform\Debug\libturret_servo_mss_design_MSS_CM3_0_hw_platform.a(mss_spi.o)
 .debug_aranges
                0x00000398       0x60 C:\Users\celinesc\Desktop\ps2_turret_ir_integration\SoftConsole\turret_servo_mss_design_MSS_CM3_0\turret_servo_mss_design_MSS_CM3_0_hw_platform\Debug\libturret_servo_mss_design_MSS_CM3_0_hw_platform.a(mss_gpio.o)
 .debug_aranges
                0x000003f8       0x48 C:\Users\celinesc\Desktop\ps2_turret_ir_integration\SoftConsole\turret_servo_mss_design_MSS_CM3_0\turret_servo_mss_design_MSS_CM3_0_hw_platform\Debug\libturret_servo_mss_design_MSS_CM3_0_hw_platform.a(core_uart_apb.o)
 .debug_aranges
                0x00000440       0xa8 C:\Users\celinesc\Desktop\ps2_turret_ir_integration\SoftConsole\turret_servo_mss_design_MSS_CM3_0\turret_servo_mss_design_MSS_CM3_0_hw_platform\Debug\libturret_servo_mss_design_MSS_CM3_0_hw_platform.a(core_spi.o)
 .debug_aranges
                0x000004e8       0x30 C:\Users\celinesc\Desktop\ps2_turret_ir_integration\SoftConsole\turret_servo_mss_design_MSS_CM3_0\turret_servo_mss_design_MSS_CM3_0_hw_platform\Debug\libturret_servo_mss_design_MSS_CM3_0_hw_platform.a(system_a2fxxxm3.o)
 .debug_aranges
                0x00000518       0x20 C:\Users\celinesc\Desktop\ps2_turret_ir_integration\SoftConsole\turret_servo_mss_design_MSS_CM3_0\turret_servo_mss_design_MSS_CM3_0_hw_platform\Debug\libturret_servo_mss_design_MSS_CM3_0_hw_platform.a(hal_assert.o)

.debug_pubnames
                0x00000000      0xa49
 *(.debug_pubnames)
 .debug_pubnames
                0x00000000      0x1a8 ./main.o
 .debug_pubnames
                0x000001a8       0xeb C:/Users/celinesc/Desktop/ps2_turret_ir_integration/SoftConsole/turret_servo_mss_design_MSS_CM3_0/turret_servo_mss_design_MSS_CM3_0_hw_platform/Debug/CMSIS/startup_gcc/newlib_stubs.o
 .debug_pubnames
                0x00000293      0x21c C:\Users\celinesc\Desktop\ps2_turret_ir_integration\SoftConsole\turret_servo_mss_design_MSS_CM3_0\turret_servo_mss_design_MSS_CM3_0_hw_platform\Debug\libturret_servo_mss_design_MSS_CM3_0_hw_platform.a(mss_uart.o)
 .debug_pubnames
                0x000004af      0x21a C:\Users\celinesc\Desktop\ps2_turret_ir_integration\SoftConsole\turret_servo_mss_design_MSS_CM3_0\turret_servo_mss_design_MSS_CM3_0_hw_platform\Debug\libturret_servo_mss_design_MSS_CM3_0_hw_platform.a(mss_spi.o)
 .debug_pubnames
                0x000006c9       0xb1 C:\Users\celinesc\Desktop\ps2_turret_ir_integration\SoftConsole\turret_servo_mss_design_MSS_CM3_0\turret_servo_mss_design_MSS_CM3_0_hw_platform\Debug\libturret_servo_mss_design_MSS_CM3_0_hw_platform.a(mss_gpio.o)
 .debug_pubnames
                0x0000077a       0x85 C:\Users\celinesc\Desktop\ps2_turret_ir_integration\SoftConsole\turret_servo_mss_design_MSS_CM3_0\turret_servo_mss_design_MSS_CM3_0_hw_platform\Debug\libturret_servo_mss_design_MSS_CM3_0_hw_platform.a(core_uart_apb.o)
 .debug_pubnames
                0x000007ff      0x170 C:\Users\celinesc\Desktop\ps2_turret_ir_integration\SoftConsole\turret_servo_mss_design_MSS_CM3_0\turret_servo_mss_design_MSS_CM3_0_hw_platform\Debug\libturret_servo_mss_design_MSS_CM3_0_hw_platform.a(core_spi.o)
 .debug_pubnames
                0x0000096f       0xb4 C:\Users\celinesc\Desktop\ps2_turret_ir_integration\SoftConsole\turret_servo_mss_design_MSS_CM3_0\turret_servo_mss_design_MSS_CM3_0_hw_platform\Debug\libturret_servo_mss_design_MSS_CM3_0_hw_platform.a(system_a2fxxxm3.o)
 .debug_pubnames
                0x00000a23       0x26 C:\Users\celinesc\Desktop\ps2_turret_ir_integration\SoftConsole\turret_servo_mss_design_MSS_CM3_0\turret_servo_mss_design_MSS_CM3_0_hw_platform\Debug\libturret_servo_mss_design_MSS_CM3_0_hw_platform.a(hal_assert.o)

.debug_info     0x00000000     0x8353
 *(.debug_info .gnu.linkonce.wi.*)
 .debug_info    0x00000000     0x2130 ./main.o
 .debug_info    0x00002130     0x10f0 C:/Users/celinesc/Desktop/ps2_turret_ir_integration/SoftConsole/turret_servo_mss_design_MSS_CM3_0/turret_servo_mss_design_MSS_CM3_0_hw_platform/Debug/CMSIS/startup_gcc/newlib_stubs.o
 .debug_info    0x00003220     0x15a4 C:\Users\celinesc\Desktop\ps2_turret_ir_integration\SoftConsole\turret_servo_mss_design_MSS_CM3_0\turret_servo_mss_design_MSS_CM3_0_hw_platform\Debug\libturret_servo_mss_design_MSS_CM3_0_hw_platform.a(mss_uart.o)
 .debug_info    0x000047c4     0x1472 C:\Users\celinesc\Desktop\ps2_turret_ir_integration\SoftConsole\turret_servo_mss_design_MSS_CM3_0\turret_servo_mss_design_MSS_CM3_0_hw_platform\Debug\libturret_servo_mss_design_MSS_CM3_0_hw_platform.a(mss_spi.o)
 .debug_info    0x00005c36     0x1114 C:\Users\celinesc\Desktop\ps2_turret_ir_integration\SoftConsole\turret_servo_mss_design_MSS_CM3_0\turret_servo_mss_design_MSS_CM3_0_hw_platform\Debug\libturret_servo_mss_design_MSS_CM3_0_hw_platform.a(mss_gpio.o)
 .debug_info    0x00006d4a      0x526 C:\Users\celinesc\Desktop\ps2_turret_ir_integration\SoftConsole\turret_servo_mss_design_MSS_CM3_0\turret_servo_mss_design_MSS_CM3_0_hw_platform\Debug\libturret_servo_mss_design_MSS_CM3_0_hw_platform.a(core_uart_apb.o)
 .debug_info    0x00007270      0xa79 C:\Users\celinesc\Desktop\ps2_turret_ir_integration\SoftConsole\turret_servo_mss_design_MSS_CM3_0\turret_servo_mss_design_MSS_CM3_0_hw_platform\Debug\libturret_servo_mss_design_MSS_CM3_0_hw_platform.a(core_spi.o)
 .debug_info    0x00007ce9      0x53c C:\Users\celinesc\Desktop\ps2_turret_ir_integration\SoftConsole\turret_servo_mss_design_MSS_CM3_0\turret_servo_mss_design_MSS_CM3_0_hw_platform\Debug\libturret_servo_mss_design_MSS_CM3_0_hw_platform.a(system_a2fxxxm3.o)
 .debug_info    0x00008225      0x12e C:\Users\celinesc\Desktop\ps2_turret_ir_integration\SoftConsole\turret_servo_mss_design_MSS_CM3_0\turret_servo_mss_design_MSS_CM3_0_hw_platform\Debug\libturret_servo_mss_design_MSS_CM3_0_hw_platform.a(hal_assert.o)

.debug_abbrev   0x00000000      0xecf
 *(.debug_abbrev)
 .debug_abbrev  0x00000000      0x2d6 ./main.o
 .debug_abbrev  0x000002d6      0x1f4 C:/Users/celinesc/Desktop/ps2_turret_ir_integration/SoftConsole/turret_servo_mss_design_MSS_CM3_0/turret_servo_mss_design_MSS_CM3_0_hw_platform/Debug/CMSIS/startup_gcc/newlib_stubs.o
 .debug_abbrev  0x000004ca      0x245 C:\Users\celinesc\Desktop\ps2_turret_ir_integration\SoftConsole\turret_servo_mss_design_MSS_CM3_0\turret_servo_mss_design_MSS_CM3_0_hw_platform\Debug\libturret_servo_mss_design_MSS_CM3_0_hw_platform.a(mss_uart.o)
 .debug_abbrev  0x0000070f      0x219 C:\Users\celinesc\Desktop\ps2_turret_ir_integration\SoftConsole\turret_servo_mss_design_MSS_CM3_0\turret_servo_mss_design_MSS_CM3_0_hw_platform\Debug\libturret_servo_mss_design_MSS_CM3_0_hw_platform.a(mss_spi.o)
 .debug_abbrev  0x00000928      0x181 C:\Users\celinesc\Desktop\ps2_turret_ir_integration\SoftConsole\turret_servo_mss_design_MSS_CM3_0\turret_servo_mss_design_MSS_CM3_0_hw_platform\Debug\libturret_servo_mss_design_MSS_CM3_0_hw_platform.a(mss_gpio.o)
 .debug_abbrev  0x00000aa9      0x119 C:\Users\celinesc\Desktop\ps2_turret_ir_integration\SoftConsole\turret_servo_mss_design_MSS_CM3_0\turret_servo_mss_design_MSS_CM3_0_hw_platform\Debug\libturret_servo_mss_design_MSS_CM3_0_hw_platform.a(core_uart_apb.o)
 .debug_abbrev  0x00000bc2      0x16c C:\Users\celinesc\Desktop\ps2_turret_ir_integration\SoftConsole\turret_servo_mss_design_MSS_CM3_0\turret_servo_mss_design_MSS_CM3_0_hw_platform\Debug\libturret_servo_mss_design_MSS_CM3_0_hw_platform.a(core_spi.o)
 .debug_abbrev  0x00000d2e      0x111 C:\Users\celinesc\Desktop\ps2_turret_ir_integration\SoftConsole\turret_servo_mss_design_MSS_CM3_0\turret_servo_mss_design_MSS_CM3_0_hw_platform\Debug\libturret_servo_mss_design_MSS_CM3_0_hw_platform.a(system_a2fxxxm3.o)
 .debug_abbrev  0x00000e3f       0x90 C:\Users\celinesc\Desktop\ps2_turret_ir_integration\SoftConsole\turret_servo_mss_design_MSS_CM3_0\turret_servo_mss_design_MSS_CM3_0_hw_platform\Debug\libturret_servo_mss_design_MSS_CM3_0_hw_platform.a(hal_assert.o)

.debug_line     0x00000000     0x3368
 *(.debug_line)
 .debug_line    0x00000000      0xfa8 ./main.o
 .debug_line    0x00000fa8      0x509 C:/Users/celinesc/Desktop/ps2_turret_ir_integration/SoftConsole/turret_servo_mss_design_MSS_CM3_0/turret_servo_mss_design_MSS_CM3_0_hw_platform/Debug/CMSIS/startup_gcc/newlib_stubs.o
 .debug_line    0x000014b1      0x575 C:\Users\celinesc\Desktop\ps2_turret_ir_integration\SoftConsole\turret_servo_mss_design_MSS_CM3_0\turret_servo_mss_design_MSS_CM3_0_hw_platform\Debug\libturret_servo_mss_design_MSS_CM3_0_hw_platform.a(mss_uart.o)
 .debug_line    0x00001a26      0x71a C:\Users\celinesc\Desktop\ps2_turret_ir_integration\SoftConsole\turret_servo_mss_design_MSS_CM3_0\turret_servo_mss_design_MSS_CM3_0_hw_platform\Debug\libturret_servo_mss_design_MSS_CM3_0_hw_platform.a(mss_spi.o)
 .debug_line    0x00002140      0x326 C:\Users\celinesc\Desktop\ps2_turret_ir_integration\SoftConsole\turret_servo_mss_design_MSS_CM3_0\turret_servo_mss_design_MSS_CM3_0_hw_platform\Debug\libturret_servo_mss_design_MSS_CM3_0_hw_platform.a(mss_gpio.o)
 .debug_line    0x00002466      0x343 C:\Users\celinesc\Desktop\ps2_turret_ir_integration\SoftConsole\turret_servo_mss_design_MSS_CM3_0\turret_servo_mss_design_MSS_CM3_0_hw_platform\Debug\libturret_servo_mss_design_MSS_CM3_0_hw_platform.a(core_uart_apb.o)
 .debug_line    0x000027a9      0x701 C:\Users\celinesc\Desktop\ps2_turret_ir_integration\SoftConsole\turret_servo_mss_design_MSS_CM3_0\turret_servo_mss_design_MSS_CM3_0_hw_platform\Debug\libturret_servo_mss_design_MSS_CM3_0_hw_platform.a(core_spi.o)
 .debug_line    0x00002eaa      0x27b C:\Users\celinesc\Desktop\ps2_turret_ir_integration\SoftConsole\turret_servo_mss_design_MSS_CM3_0\turret_servo_mss_design_MSS_CM3_0_hw_platform\Debug\libturret_servo_mss_design_MSS_CM3_0_hw_platform.a(system_a2fxxxm3.o)
 .debug_line    0x00003125      0x243 C:\Users\celinesc\Desktop\ps2_turret_ir_integration\SoftConsole\turret_servo_mss_design_MSS_CM3_0\turret_servo_mss_design_MSS_CM3_0_hw_platform\Debug\libturret_servo_mss_design_MSS_CM3_0_hw_platform.a(hal_assert.o)

.debug_frame    0x00000000     0x1d5c
 *(.debug_frame)
 .debug_frame   0x00000000      0x428 ./main.o
 .debug_frame   0x00000428      0x220 C:/Users/celinesc/Desktop/ps2_turret_ir_integration/SoftConsole/turret_servo_mss_design_MSS_CM3_0/turret_servo_mss_design_MSS_CM3_0_hw_platform/Debug/CMSIS/startup_gcc/newlib_stubs.o
 .debug_frame   0x00000648      0x2e4 C:\Users\celinesc\Desktop\ps2_turret_ir_integration\SoftConsole\turret_servo_mss_design_MSS_CM3_0\turret_servo_mss_design_MSS_CM3_0_hw_platform\Debug\libturret_servo_mss_design_MSS_CM3_0_hw_platform.a(mss_uart.o)
 .debug_frame   0x0000092c      0x320 C:\Users\celinesc\Desktop\ps2_turret_ir_integration\SoftConsole\turret_servo_mss_design_MSS_CM3_0\turret_servo_mss_design_MSS_CM3_0_hw_platform\Debug\libturret_servo_mss_design_MSS_CM3_0_hw_platform.a(mss_spi.o)
 .debug_frame   0x00000c4c      0x118 C:\Users\celinesc\Desktop\ps2_turret_ir_integration\SoftConsole\turret_servo_mss_design_MSS_CM3_0\turret_servo_mss_design_MSS_CM3_0_hw_platform\Debug\libturret_servo_mss_design_MSS_CM3_0_hw_platform.a(mss_gpio.o)
 .debug_frame   0x00000d64       0xd0 C:\Users\celinesc\Desktop\ps2_turret_ir_integration\SoftConsole\turret_servo_mss_design_MSS_CM3_0\turret_servo_mss_design_MSS_CM3_0_hw_platform\Debug\libturret_servo_mss_design_MSS_CM3_0_hw_platform.a(core_uart_apb.o)
 .debug_frame   0x00000e34      0x250 C:\Users\celinesc\Desktop\ps2_turret_ir_integration\SoftConsole\turret_servo_mss_design_MSS_CM3_0\turret_servo_mss_design_MSS_CM3_0_hw_platform\Debug\libturret_servo_mss_design_MSS_CM3_0_hw_platform.a(core_spi.o)
 .debug_frame   0x00001084       0x64 C:\Users\celinesc\Desktop\ps2_turret_ir_integration\SoftConsole\turret_servo_mss_design_MSS_CM3_0\turret_servo_mss_design_MSS_CM3_0_hw_platform\Debug\libturret_servo_mss_design_MSS_CM3_0_hw_platform.a(system_a2fxxxm3.o)
 .debug_frame   0x000010e8       0x2c C:\Users\celinesc\Desktop\ps2_turret_ir_integration\SoftConsole\turret_servo_mss_design_MSS_CM3_0\turret_servo_mss_design_MSS_CM3_0_hw_platform\Debug\libturret_servo_mss_design_MSS_CM3_0_hw_platform.a(hal_assert.o)
 .debug_frame   0x00001114       0x20 c:/microsemi/softconsole v3.3/sourcery-g++/bin/../lib/gcc/arm-none-eabi/4.4.1/../../../../arm-none-eabi/lib/thumb2\libc.a(lib_a-errno.o)
 .debug_frame   0x00001134       0x2c c:/microsemi/softconsole v3.3/sourcery-g++/bin/../lib/gcc/arm-none-eabi/4.4.1/../../../../arm-none-eabi/lib/thumb2\libc.a(lib_a-init.o)
 .debug_frame   0x00001160       0x28 c:/microsemi/softconsole v3.3/sourcery-g++/bin/../lib/gcc/arm-none-eabi/4.4.1/../../../../arm-none-eabi/lib/thumb2\libc.a(lib_a-memset.o)
 .debug_frame   0x00001188       0x5c c:/microsemi/softconsole v3.3/sourcery-g++/bin/../lib/gcc/arm-none-eabi/4.4.1/../../../../arm-none-eabi/lib/thumb2\libc.a(lib_a-printf.o)
 .debug_frame   0x000011e4       0x40 c:/microsemi/softconsole v3.3/sourcery-g++/bin/../lib/gcc/arm-none-eabi/4.4.1/../../../../arm-none-eabi/lib/thumb2\libc.a(lib_a-puts.o)
 .debug_frame   0x00001224       0x20 c:/microsemi/softconsole v3.3/sourcery-g++/bin/../lib/gcc/arm-none-eabi/4.4.1/../../../../arm-none-eabi/lib/thumb2\libc.a(lib_a-strlen.o)
 .debug_frame   0x00001244       0x70 c:/microsemi/softconsole v3.3/sourcery-g++/bin/../lib/gcc/arm-none-eabi/4.4.1/../../../../arm-none-eabi/lib/thumb2\libc.a(lib_a-vfprintf.o)
 .debug_frame   0x000012b4       0x2c c:/microsemi/softconsole v3.3/sourcery-g++/bin/../lib/gcc/arm-none-eabi/4.4.1/../../../../arm-none-eabi/lib/thumb2\libc.a(lib_a-wsetup.o)
 .debug_frame   0x000012e0       0x64 c:/microsemi/softconsole v3.3/sourcery-g++/bin/../lib/gcc/arm-none-eabi/4.4.1/../../../../arm-none-eabi/lib/thumb2\libc.a(lib_a-dtoa.o)
 .debug_frame   0x00001344       0x40 c:/microsemi/softconsole v3.3/sourcery-g++/bin/../lib/gcc/arm-none-eabi/4.4.1/../../../../arm-none-eabi/lib/thumb2\libc.a(lib_a-fflush.o)
 .debug_frame   0x00001384      0x11c c:/microsemi/softconsole v3.3/sourcery-g++/bin/../lib/gcc/arm-none-eabi/4.4.1/../../../../arm-none-eabi/lib/thumb2\libc.a(lib_a-findfp.o)
 .debug_frame   0x000014a0       0x50 c:/microsemi/softconsole v3.3/sourcery-g++/bin/../lib/gcc/arm-none-eabi/4.4.1/../../../../arm-none-eabi/lib/thumb2\libc.a(lib_a-freer.o)
 .debug_frame   0x000014f0       0x3c c:/microsemi/softconsole v3.3/sourcery-g++/bin/../lib/gcc/arm-none-eabi/4.4.1/../../../../arm-none-eabi/lib/thumb2\libc.a(lib_a-fvwrite.o)
 .debug_frame   0x0000152c       0x54 c:/microsemi/softconsole v3.3/sourcery-g++/bin/../lib/gcc/arm-none-eabi/4.4.1/../../../../arm-none-eabi/lib/thumb2\libc.a(lib_a-fwalk.o)
 .debug_frame   0x00001580       0x6c c:/microsemi/softconsole v3.3/sourcery-g++/bin/../lib/gcc/arm-none-eabi/4.4.1/../../../../arm-none-eabi/lib/thumb2\libc.a(lib_a-locale.o)
 .debug_frame   0x000015ec       0x34 c:/microsemi/softconsole v3.3/sourcery-g++/bin/../lib/gcc/arm-none-eabi/4.4.1/../../../../arm-none-eabi/lib/thumb2\libc.a(lib_a-makebuf.o)
 .debug_frame   0x00001620       0x30 c:/microsemi/softconsole v3.3/sourcery-g++/bin/../lib/gcc/arm-none-eabi/4.4.1/../../../../arm-none-eabi/lib/thumb2\libc.a(lib_a-malloc.o)
 .debug_frame   0x00001650       0x3c c:/microsemi/softconsole v3.3/sourcery-g++/bin/../lib/gcc/arm-none-eabi/4.4.1/../../../../arm-none-eabi/lib/thumb2\libc.a(lib_a-mallocr.o)
 .debug_frame   0x0000168c       0x28 c:/microsemi/softconsole v3.3/sourcery-g++/bin/../lib/gcc/arm-none-eabi/4.4.1/../../../../arm-none-eabi/lib/thumb2\libc.a(lib_a-memchr.o)
 .debug_frame   0x000016b4       0x34 c:/microsemi/softconsole v3.3/sourcery-g++/bin/../lib/gcc/arm-none-eabi/4.4.1/../../../../arm-none-eabi/lib/thumb2\libc.a(lib_a-memcpy.o)
 .debug_frame   0x000016e8       0x2c c:/microsemi/softconsole v3.3/sourcery-g++/bin/../lib/gcc/arm-none-eabi/4.4.1/../../../../arm-none-eabi/lib/thumb2\libc.a(lib_a-memmove.o)
 .debug_frame   0x00001714       0x30 c:/microsemi/softconsole v3.3/sourcery-g++/bin/../lib/gcc/arm-none-eabi/4.4.1/../../../../arm-none-eabi/lib/thumb2\libc.a(lib_a-mlock.o)
 .debug_frame   0x00001744      0x240 c:/microsemi/softconsole v3.3/sourcery-g++/bin/../lib/gcc/arm-none-eabi/4.4.1/../../../../arm-none-eabi/lib/thumb2\libc.a(lib_a-mprec.o)
 .debug_frame   0x00001984       0x3c c:/microsemi/softconsole v3.3/sourcery-g++/bin/../lib/gcc/arm-none-eabi/4.4.1/../../../../arm-none-eabi/lib/thumb2\libc.a(lib_a-reallocr.o)
 .debug_frame   0x000019c0       0x20 c:/microsemi/softconsole v3.3/sourcery-g++/bin/../lib/gcc/arm-none-eabi/4.4.1/../../../../arm-none-eabi/lib/thumb2\libc.a(lib_a-s_isinfd.o)
 .debug_frame   0x000019e0       0x20 c:/microsemi/softconsole v3.3/sourcery-g++/bin/../lib/gcc/arm-none-eabi/4.4.1/../../../../arm-none-eabi/lib/thumb2\libc.a(lib_a-s_isnand.o)
 .debug_frame   0x00001a00       0x2c c:/microsemi/softconsole v3.3/sourcery-g++/bin/../lib/gcc/arm-none-eabi/4.4.1/../../../../arm-none-eabi/lib/thumb2\libc.a(lib_a-sbrkr.o)
 .debug_frame   0x00001a2c       0x70 c:/microsemi/softconsole v3.3/sourcery-g++/bin/../lib/gcc/arm-none-eabi/4.4.1/../../../../arm-none-eabi/lib/thumb2\libc.a(lib_a-stdio.o)
 .debug_frame   0x00001a9c       0x30 c:/microsemi/softconsole v3.3/sourcery-g++/bin/../lib/gcc/arm-none-eabi/4.4.1/../../../../arm-none-eabi/lib/thumb2\libc.a(lib_a-strcmp.o)
 .debug_frame   0x00001acc       0x2c c:/microsemi/softconsole v3.3/sourcery-g++/bin/../lib/gcc/arm-none-eabi/4.4.1/../../../../arm-none-eabi/lib/thumb2\libc.a(lib_a-callocr.o)
 .debug_frame   0x00001af8       0x2c c:/microsemi/softconsole v3.3/sourcery-g++/bin/../lib/gcc/arm-none-eabi/4.4.1/../../../../arm-none-eabi/lib/thumb2\libc.a(lib_a-closer.o)
 .debug_frame   0x00001b24       0x3c c:/microsemi/softconsole v3.3/sourcery-g++/bin/../lib/gcc/arm-none-eabi/4.4.1/../../../../arm-none-eabi/lib/thumb2\libc.a(lib_a-fclose.o)
 .debug_frame   0x00001b60       0x2c c:/microsemi/softconsole v3.3/sourcery-g++/bin/../lib/gcc/arm-none-eabi/4.4.1/../../../../arm-none-eabi/lib/thumb2\libc.a(lib_a-fstatr.o)
 .debug_frame   0x00001b8c       0x2c c:/microsemi/softconsole v3.3/sourcery-g++/bin/../lib/gcc/arm-none-eabi/4.4.1/../../../../arm-none-eabi/lib/thumb2\libc.a(lib_a-isattyr.o)
 .debug_frame   0x00001bb8       0x2c c:/microsemi/softconsole v3.3/sourcery-g++/bin/../lib/gcc/arm-none-eabi/4.4.1/../../../../arm-none-eabi/lib/thumb2\libc.a(lib_a-lseekr.o)
 .debug_frame   0x00001be4       0x2c c:/microsemi/softconsole v3.3/sourcery-g++/bin/../lib/gcc/arm-none-eabi/4.4.1/../../../../arm-none-eabi/lib/thumb2\libc.a(lib_a-readr.o)
 .debug_frame   0x00001c10       0x64 c:/microsemi/softconsole v3.3/sourcery-g++/bin/../lib/gcc/arm-none-eabi/4.4.1/../../../../arm-none-eabi/lib/thumb2\libc.a(lib_a-reent.o)
 .debug_frame   0x00001c74       0x20 c:/microsemi/softconsole v3.3/sourcery-g++/bin/../lib/gcc/arm-none-eabi/4.4.1/thumb2\libgcc.a(_udivsi3.o)
 .debug_frame   0x00001c94       0x50 c:/microsemi/softconsole v3.3/sourcery-g++/bin/../lib/gcc/arm-none-eabi/4.4.1/thumb2\libgcc.a(bpabi.o)
 .debug_frame   0x00001ce4       0x3c c:/microsemi/softconsole v3.3/sourcery-g++/bin/../lib/gcc/arm-none-eabi/4.4.1/thumb2\libgcc.a(_divdi3.o)
 .debug_frame   0x00001d20       0x3c c:/microsemi/softconsole v3.3/sourcery-g++/bin/../lib/gcc/arm-none-eabi/4.4.1/thumb2\libgcc.a(_udivdi3.o)

.debug_str      0x00000000     0x2a77
 *(.debug_str)
 .debug_str     0x00000000     0x1cbc ./main.o
                               0x1ef2 (size before relaxing)
 .debug_str     0x00001cbc      0x297 C:/Users/celinesc/Desktop/ps2_turret_ir_integration/SoftConsole/turret_servo_mss_design_MSS_CM3_0/turret_servo_mss_design_MSS_CM3_0_hw_platform/Debug/CMSIS/startup_gcc/newlib_stubs.o
                               0x10d6 (size before relaxing)
 .debug_str     0x00001f53      0x2fb C:\Users\celinesc\Desktop\ps2_turret_ir_integration\SoftConsole\turret_servo_mss_design_MSS_CM3_0\turret_servo_mss_design_MSS_CM3_0_hw_platform\Debug\libturret_servo_mss_design_MSS_CM3_0_hw_platform.a(mss_uart.o)
                               0x14e7 (size before relaxing)
 .debug_str     0x0000224e      0x359 C:\Users\celinesc\Desktop\ps2_turret_ir_integration\SoftConsole\turret_servo_mss_design_MSS_CM3_0\turret_servo_mss_design_MSS_CM3_0_hw_platform\Debug\libturret_servo_mss_design_MSS_CM3_0_hw_platform.a(mss_spi.o)
                               0x16f8 (size before relaxing)
 .debug_str     0x000025a7      0x2df C:\Users\celinesc\Desktop\ps2_turret_ir_integration\SoftConsole\turret_servo_mss_design_MSS_CM3_0\turret_servo_mss_design_MSS_CM3_0_hw_platform\Debug\libturret_servo_mss_design_MSS_CM3_0_hw_platform.a(mss_gpio.o)
                               0x12bf (size before relaxing)
 .debug_str     0x00002886       0x60 C:\Users\celinesc\Desktop\ps2_turret_ir_integration\SoftConsole\turret_servo_mss_design_MSS_CM3_0\turret_servo_mss_design_MSS_CM3_0_hw_platform\Debug\libturret_servo_mss_design_MSS_CM3_0_hw_platform.a(core_uart_apb.o)
                                0x2a6 (size before relaxing)
 .debug_str     0x000028e6       0x41 C:\Users\celinesc\Desktop\ps2_turret_ir_integration\SoftConsole\turret_servo_mss_design_MSS_CM3_0\turret_servo_mss_design_MSS_CM3_0_hw_platform\Debug\libturret_servo_mss_design_MSS_CM3_0_hw_platform.a(core_spi.o)
                                0x622 (size before relaxing)
 .debug_str     0x00002927       0xf7 C:\Users\celinesc\Desktop\ps2_turret_ir_integration\SoftConsole\turret_servo_mss_design_MSS_CM3_0\turret_servo_mss_design_MSS_CM3_0_hw_platform\Debug\libturret_servo_mss_design_MSS_CM3_0_hw_platform.a(system_a2fxxxm3.o)
                                0x48a (size before relaxing)
 .debug_str     0x00002a1e       0x59 C:\Users\celinesc\Desktop\ps2_turret_ir_integration\SoftConsole\turret_servo_mss_design_MSS_CM3_0\turret_servo_mss_design_MSS_CM3_0_hw_platform\Debug\libturret_servo_mss_design_MSS_CM3_0_hw_platform.a(hal_assert.o)
                                0x1a5 (size before relaxing)

.debug_loc      0x00000000     0x1d34
 *(.debug_loc)
 .debug_loc     0x00000000      0x716 ./main.o
 .debug_loc     0x00000716      0x3c6 C:/Users/celinesc/Desktop/ps2_turret_ir_integration/SoftConsole/turret_servo_mss_design_MSS_CM3_0/turret_servo_mss_design_MSS_CM3_0_hw_platform/Debug/CMSIS/startup_gcc/newlib_stubs.o
 .debug_loc     0x00000adc      0x510 C:\Users\celinesc\Desktop\ps2_turret_ir_integration\SoftConsole\turret_servo_mss_design_MSS_CM3_0\turret_servo_mss_design_MSS_CM3_0_hw_platform\Debug\libturret_servo_mss_design_MSS_CM3_0_hw_platform.a(mss_uart.o)
 .debug_loc     0x00000fec      0x549 C:\Users\celinesc\Desktop\ps2_turret_ir_integration\SoftConsole\turret_servo_mss_design_MSS_CM3_0\turret_servo_mss_design_MSS_CM3_0_hw_platform\Debug\libturret_servo_mss_design_MSS_CM3_0_hw_platform.a(mss_spi.o)
 .debug_loc     0x00001535      0x1ef C:\Users\celinesc\Desktop\ps2_turret_ir_integration\SoftConsole\turret_servo_mss_design_MSS_CM3_0\turret_servo_mss_design_MSS_CM3_0_hw_platform\Debug\libturret_servo_mss_design_MSS_CM3_0_hw_platform.a(mss_gpio.o)
 .debug_loc     0x00001724      0x154 C:\Users\celinesc\Desktop\ps2_turret_ir_integration\SoftConsole\turret_servo_mss_design_MSS_CM3_0\turret_servo_mss_design_MSS_CM3_0_hw_platform\Debug\libturret_servo_mss_design_MSS_CM3_0_hw_platform.a(core_uart_apb.o)
 .debug_loc     0x00001878      0x3ec C:\Users\celinesc\Desktop\ps2_turret_ir_integration\SoftConsole\turret_servo_mss_design_MSS_CM3_0\turret_servo_mss_design_MSS_CM3_0_hw_platform\Debug\libturret_servo_mss_design_MSS_CM3_0_hw_platform.a(core_spi.o)
 .debug_loc     0x00001c64       0x99 C:\Users\celinesc\Desktop\ps2_turret_ir_integration\SoftConsole\turret_servo_mss_design_MSS_CM3_0\turret_servo_mss_design_MSS_CM3_0_hw_platform\Debug\libturret_servo_mss_design_MSS_CM3_0_hw_platform.a(system_a2fxxxm3.o)
 .debug_loc     0x00001cfd       0x37 C:\Users\celinesc\Desktop\ps2_turret_ir_integration\SoftConsole\turret_servo_mss_design_MSS_CM3_0\turret_servo_mss_design_MSS_CM3_0_hw_platform\Debug\libturret_servo_mss_design_MSS_CM3_0_hw_platform.a(hal_assert.o)

.debug_macinfo  0x00000000    0x35593
 *(.debug_macinfo)
 .debug_macinfo
                0x00000000     0x9d22 ./main.o
 .debug_macinfo
                0x00009d22     0x9965 C:/Users/celinesc/Desktop/ps2_turret_ir_integration/SoftConsole/turret_servo_mss_design_MSS_CM3_0/turret_servo_mss_design_MSS_CM3_0_hw_platform/Debug/CMSIS/startup_gcc/newlib_stubs.o
 .debug_macinfo
                0x00013687     0x63e4 C:\Users\celinesc\Desktop\ps2_turret_ir_integration\SoftConsole\turret_servo_mss_design_MSS_CM3_0\turret_servo_mss_design_MSS_CM3_0_hw_platform\Debug\libturret_servo_mss_design_MSS_CM3_0_hw_platform.a(mss_uart.o)
 .debug_macinfo
                0x00019a6b     0x755a C:\Users\celinesc\Desktop\ps2_turret_ir_integration\SoftConsole\turret_servo_mss_design_MSS_CM3_0\turret_servo_mss_design_MSS_CM3_0_hw_platform\Debug\libturret_servo_mss_design_MSS_CM3_0_hw_platform.a(mss_spi.o)
 .debug_macinfo
                0x00020fc5     0x5cfb C:\Users\celinesc\Desktop\ps2_turret_ir_integration\SoftConsole\turret_servo_mss_design_MSS_CM3_0\turret_servo_mss_design_MSS_CM3_0_hw_platform\Debug\libturret_servo_mss_design_MSS_CM3_0_hw_platform.a(mss_gpio.o)
 .debug_macinfo
                0x00026cc0     0x2451 C:\Users\celinesc\Desktop\ps2_turret_ir_integration\SoftConsole\turret_servo_mss_design_MSS_CM3_0\turret_servo_mss_design_MSS_CM3_0_hw_platform\Debug\libturret_servo_mss_design_MSS_CM3_0_hw_platform.a(core_uart_apb.o)
 .debug_macinfo
                0x00029111     0x4ced C:\Users\celinesc\Desktop\ps2_turret_ir_integration\SoftConsole\turret_servo_mss_design_MSS_CM3_0\turret_servo_mss_design_MSS_CM3_0_hw_platform\Debug\libturret_servo_mss_design_MSS_CM3_0_hw_platform.a(core_spi.o)
 .debug_macinfo
                0x0002ddfe     0x5a99 C:\Users\celinesc\Desktop\ps2_turret_ir_integration\SoftConsole\turret_servo_mss_design_MSS_CM3_0\turret_servo_mss_design_MSS_CM3_0_hw_platform\Debug\libturret_servo_mss_design_MSS_CM3_0_hw_platform.a(system_a2fxxxm3.o)
 .debug_macinfo
                0x00033897     0x1cfc C:\Users\celinesc\Desktop\ps2_turret_ir_integration\SoftConsole\turret_servo_mss_design_MSS_CM3_0\turret_servo_mss_design_MSS_CM3_0_hw_platform\Debug\libturret_servo_mss_design_MSS_CM3_0_hw_platform.a(hal_assert.o)

.debug_weaknames
 *(.debug_weaknames)

.debug_funcnames
 *(.debug_funcnames)

.debug_typenames
 *(.debug_typenames)

.debug_varnames
 *(.debug_varnames)

.note.gnu.arm.ident
 *(.note.gnu.arm.ident)

.ARM.attributes
                0x00000000       0x25
 *(.ARM.attributes)
 .ARM.attributes
                0x00000000       0x19 c:/microsemi/softconsole v3.3/sourcery-g++/bin/../lib/gcc/arm-none-eabi/4.4.1/thumb2/crti.o
 .ARM.attributes
                0x00000019       0x29 c:/microsemi/softconsole v3.3/sourcery-g++/bin/../lib/gcc/arm-none-eabi/4.4.1/thumb2/crtbegin.o
 .ARM.attributes
                0x00000042       0x31 ./main.o
 .ARM.attributes
                0x00000073       0x21 C:/Users/celinesc/Desktop/ps2_turret_ir_integration/SoftConsole/turret_servo_mss_design_MSS_CM3_0/turret_servo_mss_design_MSS_CM3_0_hw_platform/Debug/CMSIS/startup_gcc/startup_a2fxxxm3.o
 .ARM.attributes
                0x00000094       0x31 C:/Users/celinesc/Desktop/ps2_turret_ir_integration/SoftConsole/turret_servo_mss_design_MSS_CM3_0/turret_servo_mss_design_MSS_CM3_0_hw_platform/Debug/CMSIS/startup_gcc/newlib_stubs.o
 .ARM.attributes
                0x000000c5       0x31 C:\Users\celinesc\Desktop\ps2_turret_ir_integration\SoftConsole\turret_servo_mss_design_MSS_CM3_0\turret_servo_mss_design_MSS_CM3_0_hw_platform\Debug\libturret_servo_mss_design_MSS_CM3_0_hw_platform.a(mss_uart.o)
 .ARM.attributes
                0x000000f6       0x31 C:\Users\celinesc\Desktop\ps2_turret_ir_integration\SoftConsole\turret_servo_mss_design_MSS_CM3_0\turret_servo_mss_design_MSS_CM3_0_hw_platform\Debug\libturret_servo_mss_design_MSS_CM3_0_hw_platform.a(mss_spi.o)
 .ARM.attributes
                0x00000127       0x31 C:\Users\celinesc\Desktop\ps2_turret_ir_integration\SoftConsole\turret_servo_mss_design_MSS_CM3_0\turret_servo_mss_design_MSS_CM3_0_hw_platform\Debug\libturret_servo_mss_design_MSS_CM3_0_hw_platform.a(mss_gpio.o)
 .ARM.attributes
                0x00000158       0x31 C:\Users\celinesc\Desktop\ps2_turret_ir_integration\SoftConsole\turret_servo_mss_design_MSS_CM3_0\turret_servo_mss_design_MSS_CM3_0_hw_platform\Debug\libturret_servo_mss_design_MSS_CM3_0_hw_platform.a(core_uart_apb.o)
 .ARM.attributes
                0x00000189       0x31 C:\Users\celinesc\Desktop\ps2_turret_ir_integration\SoftConsole\turret_servo_mss_design_MSS_CM3_0\turret_servo_mss_design_MSS_CM3_0_hw_platform\Debug\libturret_servo_mss_design_MSS_CM3_0_hw_platform.a(core_spi.o)
 .ARM.attributes
                0x000001ba       0x31 C:\Users\celinesc\Desktop\ps2_turret_ir_integration\SoftConsole\turret_servo_mss_design_MSS_CM3_0\turret_servo_mss_design_MSS_CM3_0_hw_platform\Debug\libturret_servo_mss_design_MSS_CM3_0_hw_platform.a(system_a2fxxxm3.o)
 .ARM.attributes
                0x000001eb       0x31 C:\Users\celinesc\Desktop\ps2_turret_ir_integration\SoftConsole\turret_servo_mss_design_MSS_CM3_0\turret_servo_mss_design_MSS_CM3_0_hw_platform\Debug\libturret_servo_mss_design_MSS_CM3_0_hw_platform.a(hal_assert.o)
 .ARM.attributes
                0x0000021c       0x21 C:\Users\celinesc\Desktop\ps2_turret_ir_integration\SoftConsole\turret_servo_mss_design_MSS_CM3_0\turret_servo_mss_design_MSS_CM3_0_hw_platform\Debug\libturret_servo_mss_design_MSS_CM3_0_hw_platform.a(hw_reg_access.o)
 .ARM.attributes
                0x0000023d       0x29 c:/microsemi/softconsole v3.3/sourcery-g++/bin/../lib/gcc/arm-none-eabi/4.4.1/../../../../arm-none-eabi/lib/thumb2\libc.a(lib_a-errno.o)
 .ARM.attributes
                0x00000266       0x29 c:/microsemi/softconsole v3.3/sourcery-g++/bin/../lib/gcc/arm-none-eabi/4.4.1/../../../../arm-none-eabi/lib/thumb2\libc.a(lib_a-impure.o)
 .ARM.attributes
                0x0000028f       0x29 c:/microsemi/softconsole v3.3/sourcery-g++/bin/../lib/gcc/arm-none-eabi/4.4.1/../../../../arm-none-eabi/lib/thumb2\libc.a(lib_a-init.o)
 .ARM.attributes
                0x000002b8       0x29 c:/microsemi/softconsole v3.3/sourcery-g++/bin/../lib/gcc/arm-none-eabi/4.4.1/../../../../arm-none-eabi/lib/thumb2\libc.a(lib_a-memset.o)
 .ARM.attributes
                0x000002e1       0x29 c:/microsemi/softconsole v3.3/sourcery-g++/bin/../lib/gcc/arm-none-eabi/4.4.1/../../../../arm-none-eabi/lib/thumb2\libc.a(lib_a-printf.o)
 .ARM.attributes
                0x0000030a       0x29 c:/microsemi/softconsole v3.3/sourcery-g++/bin/../lib/gcc/arm-none-eabi/4.4.1/../../../../arm-none-eabi/lib/thumb2\libc.a(lib_a-puts.o)
 .ARM.attributes
                0x00000333       0x29 c:/microsemi/softconsole v3.3/sourcery-g++/bin/../lib/gcc/arm-none-eabi/4.4.1/../../../../arm-none-eabi/lib/thumb2\libc.a(lib_a-strlen.o)
 .ARM.attributes
                0x0000035c       0x29 c:/microsemi/softconsole v3.3/sourcery-g++/bin/../lib/gcc/arm-none-eabi/4.4.1/../../../../arm-none-eabi/lib/thumb2\libc.a(lib_a-vfprintf.o)
 .ARM.attributes